Archive member included to satisfy reference by file (symbol)

../lib-remoteconfig/lib_gd32/libremoteconfig.a(remoteconfig.o)
                              build_gd32/firmware/main.o (symbol from plugin) (RemoteConfig::RemoteConfig(remoteconfig::Output, unsigned long))
../lib-remoteconfig/lib_gd32/libremoteconfig.a(remoteconfig.o)
                              remoteconfig.o (symbol from plugin) (RemoteConfig::PlatformHandleTftpSet())
../lib-remoteconfig/lib_gd32/libremoteconfig.a(remoteconfigparams.o)
                              remoteconfig.o (symbol from plugin) (json::RemoteConfigParams::RemoteConfigParams())
../lib-remoteconfig/lib_gd32/libremoteconfig.a(httpd.o)
                              remoteconfig.o (symbol from plugin) (HttpDaemon::HttpDaemon())
../lib-remoteconfig/lib_gd32/libremoteconfig.a(httpdhandlerequest.o)
                              httpd.o (symbol from plugin) (HttpDeamonHandleRequest::HandleRequest(unsigned long, char*))
../lib-remoteconfig/lib_gd32/libremoteconfig.a(khtmlinfos.o)
                              httpdhandlerequest.o (symbol from plugin) (html::kHtmlInfosSize)
../lib-remoteconfig/lib_gd32/libremoteconfig.a(kjsoninfos.o)
                              httpdhandlerequest.o (symbol from plugin) (json::kFileInfosSize)
../lib-remoteconfig/lib_gd32/libremoteconfig.a(json_config_global.o)
                              kjsoninfos.o (symbol from plugin) (json::config::GetGlobal(char*, unsigned long))
../lib-remoteconfig/lib_gd32/libremoteconfig.a(json_config_remoteconfig.o)
                              kjsoninfos.o (symbol from plugin) (json::config::GetRemoteConfig(char*, unsigned long))
../lib-remoteconfig/lib_gd32/libremoteconfig.a(get_file_content.o)
                              httpdhandlerequest.o (symbol from plugin) (GetFileContent(char const*, unsigned long&, http::ContentTypes&, bool&))
../lib-remoteconfig/lib_gd32/libremoteconfig.a(json_action.o)
                              kjsoninfos.o (symbol from plugin) (json::action::Set(char const*, unsigned long))
../lib-remoteconfig/lib_gd32/libremoteconfig.a(json_config_directory.o)
                              kjsoninfos.o (symbol from plugin) (json::config::Directory(char*, unsigned long))
../lib-remoteconfig/lib_gd32/libremoteconfig.a(json_datetime.o)
                              kjsoninfos.o (symbol from plugin) (json::GetTimeofday(char*, unsigned long))
../lib-remoteconfig/lib_gd32/libremoteconfig.a(json_getlist.o)
                              kjsoninfos.o (symbol from plugin) (json::GetList(char*, unsigned long))
../lib-remoteconfig/lib_gd32/libremoteconfig.a(json_getuptime.o)
                              kjsoninfos.o (symbol from plugin) (json::GetUptime(char*, unsigned long))
../lib-remoteconfig/lib_gd32/libremoteconfig.a(json_getversion.o)
                              kjsoninfos.o (symbol from plugin) (json::GetVersion(char*, unsigned long))
../lib-remoteconfig/lib_gd32/libremoteconfig.a(json_status_directory.o)
                              kjsoninfos.o (symbol from plugin) (json::status::Directory(char*, unsigned long))
../lib-remoteconfig/lib_gd32/libremoteconfig.a(json_status_display.o)
                              kjsoninfos.o (symbol from plugin) (json::status::Display(char*, unsigned long))
../lib-remoteconfig/lib_gd32/libremoteconfig.a(json_status_identify.o)
                              kjsoninfos.o (symbol from plugin) (json::status::Identify(char*, unsigned long))
../lib-remoteconfig/lib_gd32/libremoteconfig.a(globalparams.o)
                              json_config_global.o (symbol from plugin) (json::GlobalParams::GlobalParams())
../lib-device/lib_gd32/libdevice.a(max7219matrix.o)
                              build_gd32/lib/ltc/display/ltc_display_max7219.o (symbol from plugin) (Max7219Matrix::Max7219Matrix())
../lib-network/lib_gd32/libnetwork.a(network_ptp.o)
                              build_gd32/firmware/main.o (symbol from plugin) (network::ptp::Run())
../lib-network/lib_gd32/libnetwork.a(emac_eth.o)
                              build_gd32/firmware/main.o (symbol from plugin) (emac::eth::Recv(unsigned char**))
../lib-network/lib_gd32/libnetwork.a(ntpclient.o)
                              build_gd32/lib/ltc/ltc_ntp.o (symbol from plugin) (network::apps::ntpclient::ptp::Start())
../lib-network/lib_gd32/libnetwork.a(netif.o)
                              build_gd32/lib/ltc/ltc_applemidi.o (symbol from plugin) (netif::global::netif_default)
../lib-network/lib_gd32/libnetwork.a(tcp.o)
                              build_gd32/firmware/main.o (symbol from plugin) (network::tcp::Run())
../lib-network/lib_gd32/libnetwork.a(udp.o)
                              build_gd32/lib/ltc/ltc_applemidi.o (symbol from plugin) (network::udp::Begin(unsigned short, void (*)(unsigned char const*, unsigned long, unsigned long, unsigned short)))
../lib-network/lib_gd32/libnetwork.a(ethernet.o)
[...]
Memory Configuration

Name             Origin             Length             Attributes
FLASH            0x08008000         0x0001a800         xr
TCMSRAM          0x10000000         0x00010000         rw
RAM              0x20000000         0x0001c000         xrw
RAM1             0x2001c000         0x00004000         xrw
RAM2             0x20020000         0x00000000         xrw
RAMADD           0x20030000         0x00000000         xrw
BKPSRAM          0x40024000         0x00001000         rw
*default*        0x00000000         0xffffffff

Linker script and memory map

LOAD build_gd32/startup_gd32f427.o
LOAD build_gd32/hardfault_handler.o
LOAD /var/folders/h9/chptfhc14rj9vz87bx3sjmq00000gn/T//ccBcYDbM.ltrans0.ltrans.o
LOAD /var/folders/h9/chptfhc14rj9vz87bx3sjmq00000gn/T//ccBcYDbM.ltrans1.ltrans.o
LOAD build_gd32/stack_debug_init.o
LOAD build_gd32/firmware/main.o
LOAD build_gd32/lib/gps/gnss.o
LOAD build_gd32/lib/pixel/pixel_output.o
LOAD build_gd32/lib/midi/net/applemidi.o
LOAD build_gd32/lib/midi/net/rtpmidi.o
LOAD build_gd32/lib/ltc/ltc_applemidi.o
LOAD build_gd32/lib/ltc/ltc_artnet.o
LOAD build_gd32/lib/ltc/ltc_encoder.o
LOAD build_gd32/lib/ltc/ltc_etc.o
LOAD build_gd32/lib/ltc/ltc_gps.o
LOAD build_gd32/lib/ltc/ltc_input_internal.o
LOAD build_gd32/lib/ltc/ltc_input_systime.o
LOAD build_gd32/lib/ltc/ltc_input_tcnet.o
LOAD build_gd32/lib/ltc/ltc_ltc.o
LOAD build_gd32/lib/ltc/ltc_midi.o
LOAD build_gd32/lib/ltc/ltc_ntp.o
LOAD build_gd32/lib/ltc/ltc_output.o
LOAD build_gd32/lib/ltc/ltc_ptp.o
LOAD build_gd32/lib/ltc/ltc_shell.o
LOAD build_gd32/lib/ltc/ltc.o
LOAD build_gd32/lib/ltc/display/ltc_display_max7219.o
LOAD build_gd32/lib/ltc/display/ltc_display_pixel.o
LOAD build_gd32/lib/ltc/systime/ntp_ptp_systime_updated.o
LOAD build_gd32/lib/ltc/systime/ntp_systime_updated.o
LOAD build_gd32/lib/ltc/network/ltc_ntpserver.o
LOAD build_gd32/lib/ltc/network/network_display.o
LOAD build_gd32/lib/ltc/network/network_event.o
LOAD build_gd32/lib/ltc/network/network_ptp_pps.o
LOAD build_gd32/lib/ltc/network/ntpclient_statuschanged.o
LOAD build_gd32/lib/shell/shell_date.o
LOAD build_gd32/lib/shell/shell_hwclock.o
LOAD build_gd32/lib/shell/shell_reboot.o
LOAD build_gd32/lib/shell/shell_version.o
START GROUP
LOAD ../lib-remoteconfig/lib_gd32/libremoteconfig.a
LOAD ../lib-device/lib_gd32/libdevice.a
LOAD ../lib-network/lib_gd32/libnetwork.a
LOAD ../lib-configstore/lib_gd32/libconfigstore.a
LOAD ../lib-flash/lib_gd32/libflash.a
LOAD ../lib-display/lib_gd32/libdisplay.a
LOAD ../lib-superloop/lib_gd32/libsuperloop.a
LOAD ../lib-board/lib_gd32/libboard.a
LOAD ../lib-hwclock/lib_gd32/libhwclock.a
LOAD ../lib-gd32/lib_gd32/libgd32.a
LOAD ../lib-clib/lib_gd32/libclib.a
END GROUP
LOAD /Users/arjanvanvught/Library/xPacks/@xpack-dev-tools/arm-none-eabi-gcc/15.2.1-1.1.1/.content/bin/../lib/gcc/arm-none-eabi/15.2.1/../../../../arm-none-eabi/lib/thumb/v7e-m+fp/hard/libc_nano.a
LOAD /Users/arjanvanvught/Library/xPacks/@xpack-dev-tools/arm-none-eabi-gcc/15.2.1-1.1.1/.content/bin/../lib/gcc/arm-none-eabi/15.2.1/thumb/v7e-m+fp/hard/libgcc.a
START GROUP
LOAD /Users/arjanvanvught/Library/xPacks/@xpack-dev-tools/arm-none-eabi-gcc/15.2.1-1.1.1/.content/bin/../lib/gcc/arm-none-eabi/15.2.1/thumb/v7e-m+fp/hard/libgcc.a
LOAD /Users/arjanvanvught/Library/xPacks/@xpack-dev-tools/arm-none-eabi-gcc/15.2.1-1.1.1/.content/bin/../lib/gcc/arm-none-eabi/15.2.1/../../../../arm-none-eabi/lib/thumb/v7e-m+fp/hard/libc_nano.a
END GROUP
START GROUP
LOAD /Users/arjanvanvught/Library/xPacks/@xpack-dev-tools/arm-none-eabi-gcc/15.2.1-1.1.1/.content/bin/../lib/gcc/arm-none-eabi/15.2.1/thumb/v7e-m+fp/hard/libgcc.a
LOAD /Users/arjanvanvught/Library/xPacks/@xpack-dev-tools/arm-none-eabi-gcc/15.2.1-1.1.1/.content/bin/../lib/gcc/arm-none-eabi/15.2.1/../../../../arm-none-eabi/lib/thumb/v7e-m+fp/hard/libc_nano.a
END GROUP
                0x00002000                        __heap_size = DEFINED (__heap_size)?__heap_size:0x2000
                0x00002800                        __stack_size = DEFINED (__stack_size)?__stack_size:0x2800

.vectors        0x08008000      0x188
                0x08008000                        . = ALIGN (0x4)
 *(.vectors)
 .vectors       0x08008000      0x188 build_gd32/startup_gd32f427.o
                0x08008000                __gVectors
                0x08008188                        . = ALIGN (0x4)
                0x08008188                        __Vectors_End = .
                0x08008188                        __Vectors_Size = (__Vectors_End - __gVectors)

.text           0x08008188     0xf044
                0x08008188                        . = ALIGN (0x4)
 *(.text.unlikely*)
 .text.unlikely._ZN7network3tcp4InitEv
                0x08008188       0x2c /var/folders/h9/chptfhc14rj9vz87bx3sjmq00000gn/T//ccBcYDbM.ltrans0.ltrans.o
 .text.unlikely._ZN7network3udp4InitEv
                0x080081b4       0x10 /var/folders/h9/chptfhc14rj9vz87bx3sjmq00000gn/T//ccBcYDbM.ltrans1.ltrans.o
                0x080081b4                network::udp::Init()
 .text.unlikely.enet_ptp_normal_descriptors_chain_init
                0x080081c4       0x9c /var/folders/h9/chptfhc14rj9vz87bx3sjmq00000gn/T//ccBcYDbM.ltrans1.ltrans.o
                0x080081c4                enet_ptp_normal_descriptors_chain_init
 .text.unlikely._ZN7network4igmp8ShutdownEv
                0x08008260       0x34 /var/folders/h9/chptfhc14rj9vz87bx3sjmq00000gn/T//ccBcYDbM.ltrans1.ltrans.o
 .text.unlikely._ZN7network3arp4InitEv
                0x08008294       0xd0 /var/folders/h9/chptfhc14rj9vz87bx3sjmq00000gn/T//ccBcYDbM.ltrans1.ltrans.o
                0x08008294                network::arp::Init()
 .text.unlikely._ZN7network4igmp4InitEv
                0x08008364       0xb8 /var/folders/h9/chptfhc14rj9vz87bx3sjmq00000gn/T//ccBcYDbM.ltrans1.ltrans.o
                0x08008364                network::igmp::Init()
 *(.text.hot*)
 .text.hot._ZN7network3tcp3RunEv
                0x0800841c      0x220 /var/folders/h9/chptfhc14rj9vz87bx3sjmq00000gn/T//ccBcYDbM.ltrans0.ltrans.o
 .text.hot._ZN7network3tcp5InputEPNS0_6HeaderE
                0x0800863c      0x734 /var/folders/h9/chptfhc14rj9vz87bx3sjmq00000gn/T//ccBcYDbM.ltrans0.ltrans.o
                0x0800863c                network::tcp::Input(network::tcp::Header*)
 .text.hot._ZN7network4igmp5InputEPKNS0_6HeaderE
                0x08008d70       0x9c /var/folders/h9/chptfhc14rj9vz87bx3sjmq00000gn/T//ccBcYDbM.ltrans1.ltrans.o
 .text.hot._ZN7network3udp5InputEPKNS0_6HeaderE
                0x08008e0c       0xa8 /var/folders/h9/chptfhc14rj9vz87bx3sjmq00000gn/T//ccBcYDbM.ltrans1.ltrans.o
 .text.hot._ZN7network4icmp5InputEPNS0_6HeaderE
                0x08008eb4      0x150 /var/folders/h9/chptfhc14rj9vz87bx3sjmq00000gn/T//ccBcYDbM.ltrans1.ltrans.o
 .text.hot._ZN7network3arp5InputEPKNS0_6HeaderE
                0x08009004      0x3fc /var/folders/h9/chptfhc14rj9vz87bx3sjmq00000gn/T//ccBcYDbM.ltrans1.ltrans.o
 *(.text)
 .text          0x08009400       0x14 /Users/arjanvanvught/Library/xPacks/@xpack-dev-tools/arm-none-eabi-gcc/15.2.1-1.1.1/.content/bin/../lib/gcc/arm-none-eabi/15.2.1/../../../../arm-none-eabi/lib/thumb/v7e-m+fp/hard/libc_nano.a(libc_a-strcmp.o)
                0x08009400                strcmp
 .text          0x08009414       0x10 /Users/arjanvanvught/Library/xPacks/@xpack-dev-tools/arm-none-eabi-gcc/15.2.1-1.1.1/.content/bin/../lib/gcc/arm-none-eabi/15.2.1/../../../../arm-none-eabi/lib/thumb/v7e-m+fp/hard/libc_nano.a(libc_a-strlen.o)
                0x08009414                strlen
 .text          0x08009424       0xa0 /Users/arjanvanvught/Library/xPacks/@xpack-dev-tools/arm-none-eabi-gcc/15.2.1-1.1.1/.content/bin/../lib/gcc/arm-none-eabi/15.2.1/thumb/v7e-m+fp/hard/libgcc.a(_arm_truncdfsf2.o)
                0x08009424                __aeabi_d2f
                0x08009424                __truncdfsf2
 .text          0x080094c4       0x30 /Users/arjanvanvught/Library/xPacks/@xpack-dev-tools/arm-none-eabi-gcc/15.2.1-1.1.1/.content/bin/../lib/gcc/arm-none-eabi/15.2.1/thumb/v7e-m+fp/hard/libgcc.a(_aeabi_uldivmod.o)
                0x080094c4                __aeabi_uldivmod
 .text          0x080094f4        0x4 /Users/arjanvanvught/Library/xPacks/@xpack-dev-tools/arm-none-eabi-gcc/15.2.1-1.1.1/.content/bin/../lib/gcc/arm-none-eabi/15.2.1/thumb/v7e-m+fp/hard/libgcc.a(_dvmd_tls.o)
                0x080094f4                __aeabi_ldiv0
                0x080094f4                __aeabi_idiv0
 *(.text*)
 .text.Reset_Handler
                0x080094f8       0x48 build_gd32/startup_gd32f427.o
                0x080094f8                Reset_Handler
 .text.Default_Handler
                0x08009540        0x2 build_gd32/startup_gd32f427.o
                0x08009540                USBHS_EP1_Out_IRQHandler
                0x08009540                EXTI2_IRQHandler
                0x08009540                TIMER2_IRQHandler
                0x08009540                DebugMon_Handler
                0x08009540                LVD_IRQHandler
                0x08009540                CAN1_EWMC_IRQHandler
                0x08009540                TIMER7_UP_TIMER12_IRQHandler
                0x08009540                SysTick_Handler
                0x08009540                SDIO_IRQHandler
                0x08009540                PendSV_Handler
                0x08009540                NMI_Handler
                0x08009540                EXTI3_IRQHandler
                0x08009540                DCI_IRQHandler
                0x08009540                USBFS_WKUP_IRQHandler
                0x08009540                USBHS_IRQHandler
                0x08009540                TIMER5_DAC_IRQHandler
                0x08009540                USBFS_IRQHandler
                0x08009540                DMA0_Channel6_IRQHandler
                0x08009540                I2C0_EV_IRQHandler
                0x08009540                I2C2_EV_IRQHandler
                0x08009540                CAN1_RX0_IRQHandler
                0x08009540                FPU_IRQHandler
                0x08009540                TIMER7_TRG_CMT_TIMER13_IRQHandler
                0x08009540                UsageFault_Handler
                0x08009540                TIMER4_IRQHandler
                0x08009540                SPI1_IRQHandler
                0x08009540                DMA0_Channel0_IRQHandler
                0x08009540                TIMER0_BRK_TIMER8_IRQHandler
                0x08009540                DMA1_Channel0_IRQHandler
                0x08009540                TIMER7_BRK_TIMER11_IRQHandler
                0x08009540                DMA1_Channel4_IRQHandler
                0x08009540                DMA0_Channel3_IRQHandler
                0x08009540                I2C0_ER_IRQHandler
                0x08009540                TIMER0_UP_TIMER9_IRQHandler
                0x08009540                DMA1_Channel7_IRQHandler
                0x08009540                CAN1_RX1_IRQHandler
                0x08009540                DMA0_Channel2_IRQHandler
                0x08009540                USART0_IRQHandler
                0x08009540                TIMER1_IRQHandler
                0x08009540                I2C1_EV_IRQHandler
                0x08009540                DMA1_Channel6_IRQHandler
                0x08009540                UART4_IRQHandler
                0x08009540                EXTI10_15_IRQHandler
                0x08009540                DMA1_Channel1_IRQHandler
                0x08009540                Default_Handler
                0x08009540                DMA0_Channel7_IRQHandler
                0x08009540                ADC_IRQHandler
                0x08009540                CAN0_TX_IRQHandler
                0x08009540                WWDGT_IRQHandler
                0x08009540                EXMC_IRQHandler
                0x08009540                TAMPER_STAMP_IRQHandler
                0x08009540                RTC_WKUP_IRQHandler
                0x08009540                SPI2_IRQHandler
                0x08009540                MemManage_Handler
                0x08009540                CAN1_TX_IRQHandler
                0x08009540                SVC_Handler
                0x08009540                RCU_CTC_IRQHandler
                0x08009540                DMA1_Channel5_IRQHandler
                0x08009540                EXTI4_IRQHandler
                0x08009540                CAN0_RX1_IRQHandler
                0x08009540                DMA0_Channel5_IRQHandler
                0x08009540                DMA1_Channel3_IRQHandler
                0x08009540                DMA0_Channel1_IRQHandler
                0x08009540                TIMER0_Channel_IRQHandler
                0x08009540                EXTI1_IRQHandler
                0x08009540                ENET_WKUP_IRQHandler
                0x08009540                USBHS_EP1_In_IRQHandler
                0x08009540                SPI0_IRQHandler
                0x08009540                CAN0_EWMC_IRQHandler
                0x08009540                CAN0_RX0_IRQHandler
                0x08009540                I2C2_ER_IRQHandler
                0x08009540                DMA1_Channel2_IRQHandler
                0x08009540                BusFault_Handler
                0x08009540                USART1_IRQHandler
                0x08009540                UART3_IRQHandler
                0x08009540                I2C1_ER_IRQHandler
                0x08009540                FMC_IRQHandler
                0x08009540                USBHS_WKUP_IRQHandler
                0x08009540                DMA0_Channel4_IRQHandler
                0x08009540                TRNG_IRQHandler
                0x08009540                RTC_Alarm_IRQHandler
 *fill*         0x08009542        0x2 
 .text._ZN3utc14ValidateOffsetElmRl
                0x08009544       0x50 /var/folders/h9/chptfhc14rj9vz87bx3sjmq00000gn/T//ccBcYDbM.ltrans0.ltrans.o
 .text._ZN3utc13IsValidOffsetEl
                0x08009594       0x70 /var/folders/h9/chptfhc14rj9vz87bx3sjmq00000gn/T//ccBcYDbM.ltrans0.ltrans.o
 .text._ZN7Display9ClearLineEm.isra.0
                0x08009604        0xa /var/folders/h9/chptfhc14rj9vz87bx3sjmq00000gn/T//ccBcYDbM.ltrans0.ltrans.o
 .text._ZN7Display8TextLineEmPKcm.constprop.0.isra.0
                0x0800960e       0x14 /var/folders/h9/chptfhc14rj9vz87bx3sjmq00000gn/T//ccBcYDbM.ltrans0.ltrans.o
 .text._ZN3ltc6output7NothingEv
                0x08009622        0x2 /var/folders/h9/chptfhc14rj9vz87bx3sjmq00000gn/T//ccBcYDbM.ltrans0.ltrans.o
 .text._ZN5board13RebootHandlerEv
                0x08009624        0x2 /var/folders/h9/chptfhc14rj9vz87bx3sjmq00000gn/T//ccBcYDbM.ltrans0.ltrans.o
                0x08009624                board::RebootHandler()
 .text._ZSteqIcSt11char_traitsIcEEbSt17basic_string_viewIT_T0_ENSt13type_identityIS5_E4typeE
                0x08009626       0x2e /var/folders/h9/chptfhc14rj9vz87bx3sjmq00000gn/T//ccBcYDbM.ltrans0.ltrans.o
 .text._ZN6common3hex8FromCharEc
                0x08009654       0x28 /var/folders/h9/chptfhc14rj9vz87bx3sjmq00000gn/T//ccBcYDbM.ltrans0.ltrans.o
 .text._ZN4gnss8Receiver12ParseDecimalEPKcRm.constprop.0
                0x0800967c       0x52 /var/folders/h9/chptfhc14rj9vz87bx3sjmq00000gn/T//ccBcYDbM.ltrans0.ltrans.o
 *fill*         0x080096ce        0x2 
 .text._ZN3ltc8timecode9IncrementEv
                0x080096d0       0x54 /var/folders/h9/chptfhc14rj9vz87bx3sjmq00000gn/T//ccBcYDbM.ltrans0.ltrans.o
 .text._ZN3ltc5input8internal4StopEv
                0x08009724        0xc /var/folders/h9/chptfhc14rj9vz87bx3sjmq00000gn/T//ccBcYDbM.ltrans0.ltrans.o
 .text._ZN3ltc8timecode3SetEmmNS_4TypeE
                0x08009730       0x44 /var/folders/h9/chptfhc14rj9vz87bx3sjmq00000gn/T//ccBcYDbM.ltrans0.ltrans.o
 .text._ZN3ltc5input7systime4StopEv
                0x08009774        0xc /var/folders/h9/chptfhc14rj9vz87bx3sjmq00000gn/T//ccBcYDbM.ltrans0.ltrans.o
 .text._ZN3ltc5input5tcnet4StopEv
                0x08009780        0x2 /var/folders/h9/chptfhc14rj9vz87bx3sjmq00000gn/T//ccBcYDbM.ltrans0.ltrans.o
 .text._ZN3ltc5input3ltc4StopEv
                0x08009782        0x2 /var/folders/h9/chptfhc14rj9vz87bx3sjmq00000gn/T//ccBcYDbM.ltrans0.ltrans.o
 .text._ZN3ltc5input4midi4StopEv
                0x08009784       0x38 /var/folders/h9/chptfhc14rj9vz87bx3sjmq00000gn/T//ccBcYDbM.ltrans0.ltrans.o
 .text._ZN3ltc6output3ltc6OutputEPKNS_8TimeCodeE
                0x080097bc      0x374 /var/folders/h9/chptfhc14rj9vz87bx3sjmq00000gn/T//ccBcYDbM.ltrans0.ltrans.o
 .text._ZN3utc11SplitOffsetElRlRm
                0x08009b30       0x30 /var/folders/h9/chptfhc14rj9vz87bx3sjmq00000gn/T//ccBcYDbM.ltrans0.ltrans.o
 .text._ZN3utc11ParseOffsetEPKcmRlRm
                0x08009b60       0x8c /var/folders/h9/chptfhc14rj9vz87bx3sjmq00000gn/T//ccBcYDbM.ltrans0.ltrans.o
 .text._ZN6common4AtoiEPKcm.part.0.lto_priv.0
                0x08009bec       0x3e /var/folders/h9/chptfhc14rj9vz87bx3sjmq00000gn/T//ccBcYDbM.ltrans0.ltrans.o
 .text._ZN5shell8GetValueESt17basic_string_viewIcSt11char_traitsIcEEl
                0x08009c2a       0x2e /var/folders/h9/chptfhc14rj9vz87bx3sjmq00000gn/T//ccBcYDbM.ltrans0.ltrans.o
 .text._ZN3ltc12_GLOBAL__N_1L4ItoaEmPc
                0x08009c58       0x20 /var/folders/h9/chptfhc14rj9vz87bx3sjmq00000gn/T//ccBcYDbM.ltrans0.ltrans.o
 .text._ZN3ltc7display7max721912_GLOBAL__N_1L6OffsetEcc
                0x08009c78       0x1c /var/folders/h9/chptfhc14rj9vz87bx3sjmq00000gn/T//ccBcYDbM.ltrans0.ltrans.o
 .text._ZN5pixel7display6matrix6MatrixILm64ELm8EE12SetColonsOffEv.constprop.0
                0x08009c94       0x20 /var/folders/h9/chptfhc14rj9vz87bx3sjmq00000gn/T//ccBcYDbM.ltrans0.ltrans.o
 .text._ZN13JsonTokenizer14SkipWhitespaceEv
                0x08009cb4       0x2c /var/folders/h9/chptfhc14rj9vz87bx3sjmq00000gn/T//ccBcYDbM.ltrans0.ltrans.o
 .text._ZNK9AppleMidi3NowEv
                0x08009ce0       0x12 /var/folders/h9/chptfhc14rj9vz87bx3sjmq00000gn/T//ccBcYDbM.ltrans0.ltrans.o
 *fill*         0x08009cf2        0x2 
 .text._ZL11ParseUint32PKcRm
                0x08009cf4       0x5c /var/folders/h9/chptfhc14rj9vz87bx3sjmq00000gn/T//ccBcYDbM.ltrans0.ltrans.o
 .text._ZN3ltc3etc4InitEv
                0x08009d50       0x48 /var/folders/h9/chptfhc14rj9vz87bx3sjmq00000gn/T//ccBcYDbM.ltrans0.ltrans.o
 .text._ZN4json18RemoteConfigParams14SetDisplayNameEPKcm
                0x08009d98       0x28 /var/folders/h9/chptfhc14rj9vz87bx3sjmq00000gn/T//ccBcYDbM.ltrans0.ltrans.o
 .text._Z14GetFileContentPKcRmRN4http12ContentTypesERb
                0x08009dc0       0x60 /var/folders/h9/chptfhc14rj9vz87bx3sjmq00000gn/T//ccBcYDbM.ltrans0.ltrans.o
 .text._ZN6global19SetUtcOffsetIfValidElm.isra.0
                0x08009e20       0x20 /var/folders/h9/chptfhc14rj9vz87bx3sjmq00000gn/T//ccBcYDbM.ltrans0.ltrans.o
 .text._ZN4json12GlobalParams12SetUtcOffsetEPKcm
                0x08009e40       0x28 /var/folders/h9/chptfhc14rj9vz87bx3sjmq00000gn/T//ccBcYDbM.ltrans0.ltrans.o
 .text._ZN13Max7219Matrix15UpdateCharacterEmPKh.constprop.0
                0x08009e68       0x38 /var/folders/h9/chptfhc14rj9vz87bx3sjmq00000gn/T//ccBcYDbM.ltrans0.ltrans.o
 .text._ZN4emac3eth4RecvEPPh
                0x08009ea0       0x50 /var/folders/h9/chptfhc14rj9vz87bx3sjmq00000gn/T//ccBcYDbM.ltrans0.ltrans.o
 .text._ZL10DifferenceRKN3ntp9TimeStampES2_RlS3_.isra.0
                0x08009ef0       0x8c /var/folders/h9/chptfhc14rj9vz87bx3sjmq00000gn/T//ccBcYDbM.ltrans0.ltrans.o
 .text._ZNK11ConfigStore10NetworkGetImEET_MN6common5store7NetworkES1_.constprop.0
                0x08009f7c        0xc /var/folders/h9/chptfhc14rj9vz87bx3sjmq00000gn/T//ccBcYDbM.ltrans0.ltrans.o
 .text._ZN5netifL20NetifDoUpdateGlobalsEv
                0x08009f88       0x28 /var/folders/h9/chptfhc14rj9vz87bx3sjmq00000gn/T//ccBcYDbM.ltrans0.ltrans.o
 .text._ZN3ltc6output4midi4StopEv
                0x08009fb0       0x34 /var/folders/h9/chptfhc14rj9vz87bx3sjmq00000gn/T//ccBcYDbM.ltrans0.ltrans.o
 .text._ZN3ltc6output11Destination7SetTypeENS_4TypeE.isra.0
                0x08009fe4       0x8c /var/folders/h9/chptfhc14rj9vz87bx3sjmq00000gn/T//ccBcYDbM.ltrans0.ltrans.o
 .text._ZN3ltc6output3ltc5StartEv
                0x0800a070       0x40 /var/folders/h9/chptfhc14rj9vz87bx3sjmq00000gn/T//ccBcYDbM.ltrans0.ltrans.o
 .text._ZN3ltc6output3ltc4StopEv
                0x0800a0b0       0x34 /var/folders/h9/chptfhc14rj9vz87bx3sjmq00000gn/T//ccBcYDbM.ltrans0.ltrans.o
 .text._ZN5debug5stack14implementation5PrintEv
                0x0800a0e4       0xbc /var/folders/h9/chptfhc14rj9vz87bx3sjmq00000gn/T//ccBcYDbM.ltrans0.ltrans.o
 .text._ZN11ConfigStore8InstanceEv
                0x0800a1a0       0x28 /var/folders/h9/chptfhc14rj9vz87bx3sjmq00000gn/T//ccBcYDbM.ltrans0.ltrans.o
 .text._ZN3ltc6output11Destination8InstanceEv
                0x0800a1c8       0x28 /var/folders/h9/chptfhc14rj9vz87bx3sjmq00000gn/T//ccBcYDbM.ltrans0.ltrans.o
 .text._ZN3ltc5input9applemidi5StartEv
                0x0800a1f0       0x10 /var/folders/h9/chptfhc14rj9vz87bx3sjmq00000gn/T//ccBcYDbM.ltrans0.ltrans.o
 .text._ZN3ltc5input5tcnet5StartEv
                0x0800a200        0x4 /var/folders/h9/chptfhc14rj9vz87bx3sjmq00000gn/T//ccBcYDbM.ltrans0.ltrans.o
 .text._ZN3ltc5input3ltc5StartEv
                0x0800a204        0x4 /var/folders/h9/chptfhc14rj9vz87bx3sjmq00000gn/T//ccBcYDbM.ltrans0.ltrans.o
 .text._ZN3ltc5input8internal5StartEv
                0x0800a208       0x58 /var/folders/h9/chptfhc14rj9vz87bx3sjmq00000gn/T//ccBcYDbM.ltrans0.ltrans.o
 .text._ZN3ltc8timecode4SyncERK7timeval
                0x0800a260       0xc8 /var/folders/h9/chptfhc14rj9vz87bx3sjmq00000gn/T//ccBcYDbM.ltrans0.ltrans.o
 .text._ZN4gnss8Receiver8InstanceEv
                0x0800a328       0x28 /var/folders/h9/chptfhc14rj9vz87bx3sjmq00000gn/T//ccBcYDbM.ltrans0.ltrans.o
 .text._ZN5pixel6output8SetPixelEmhhh
                0x0800a350       0x6c /var/folders/h9/chptfhc14rj9vz87bx3sjmq00000gn/T//ccBcYDbM.ltrans0.ltrans.o
 .text._ZN5pixel6output6UpdateEm
                0x0800a3bc       0xf8 /var/folders/h9/chptfhc14rj9vz87bx3sjmq00000gn/T//ccBcYDbM.ltrans0.ltrans.o
 .text._ZN3ltc7display5pixel4ShowEPKc
                0x0800a4b4      0x19c /var/folders/h9/chptfhc14rj9vz87bx3sjmq00000gn/T//ccBcYDbM.ltrans0.ltrans.o
 .text._ZN3ltc5input6Source8InstanceEv
                0x0800a650       0x28 /var/folders/h9/chptfhc14rj9vz87bx3sjmq00000gn/T//ccBcYDbM.ltrans0.ltrans.o
 .text._ZN12_GLOBAL__N_1L12TimeoutTimerEl
                0x0800a678       0x40 /var/folders/h9/chptfhc14rj9vz87bx3sjmq00000gn/T//ccBcYDbM.ltrans0.ltrans.o
 .text._ZN7network3tcpL8RtxOnAckEPNS0_3TcbEm
                0x0800a6b8       0xb8 /var/folders/h9/chptfhc14rj9vz87bx3sjmq00000gn/T//ccBcYDbM.ltrans0.ltrans.o
 .text._ZN5shell3ltc4TypeESt4spanIKSt17basic_string_viewIcSt11char_traitsIcEELj4294967295EE
                0x0800a770       0x84 /var/folders/h9/chptfhc14rj9vz87bx3sjmq00000gn/T//ccBcYDbM.ltrans0.ltrans.o
 .text._ZN5shell7VersionESt4spanIKSt17basic_string_viewIcSt11char_traitsIcEELj4294967295EE
                0x0800a7f4       0x1c /var/folders/h9/chptfhc14rj9vz87bx3sjmq00000gn/T//ccBcYDbM.ltrans0.ltrans.o
 .text._ZN5debug4DumpEPKvm
                0x0800a810       0xd8 /var/folders/h9/chptfhc14rj9vz87bx3sjmq00000gn/T//ccBcYDbM.ltrans0.ltrans.o
                0x0800a810                debug::Dump(void const*, unsigned long)
 .text._ZN7network3ptp3pps5StartEv
                0x0800a8e8       0xa4 /var/folders/h9/chptfhc14rj9vz87bx3sjmq00000gn/T//ccBcYDbM.ltrans0.ltrans.o
 .text._ZL11SetIdentifyPKcm
                0x0800a98c       0x14 /var/folders/h9/chptfhc14rj9vz87bx3sjmq00000gn/T//ccBcYDbM.ltrans0.ltrans.o
 .text._ZN3ltc6output3etc5StartEv
                0x0800a9a0       0x40 /var/folders/h9/chptfhc14rj9vz87bx3sjmq00000gn/T//ccBcYDbM.ltrans0.ltrans.o
 .text._ZN3ltc6output9applemidi5StartEv
                0x0800a9e0      0x160 /var/folders/h9/chptfhc14rj9vz87bx3sjmq00000gn/T//ccBcYDbM.ltrans0.ltrans.o
 .text._ZN4json6config9DirectoryEPcm
                0x0800ab40       0x78 /var/folders/h9/chptfhc14rj9vz87bx3sjmq00000gn/T//ccBcYDbM.ltrans0.ltrans.o
 .text._ZN4json7GetListEPcm
                0x0800abb8       0x68 /var/folders/h9/chptfhc14rj9vz87bx3sjmq00000gn/T//ccBcYDbM.ltrans0.ltrans.o
 .text._ZN4json9GetUptimeEPcm
                0x0800ac20       0x14 /var/folders/h9/chptfhc14rj9vz87bx3sjmq00000gn/T//ccBcYDbM.ltrans0.ltrans.o
 .text._ZN4json10GetVersionEPcm
                0x0800ac34       0x34 /var/folders/h9/chptfhc14rj9vz87bx3sjmq00000gn/T//ccBcYDbM.ltrans0.ltrans.o
 .text._ZN4json6status9DirectoryEPcm
                0x0800ac68       0x78 /var/folders/h9/chptfhc14rj9vz87bx3sjmq00000gn/T//ccBcYDbM.ltrans0.ltrans.o
 .text._ZN4json6status7DisplayEPcm
                0x0800ace0       0x18 /var/folders/h9/chptfhc14rj9vz87bx3sjmq00000gn/T//ccBcYDbM.ltrans0.ltrans.o
 .text._ZN4json6status8IdentifyEPcm
                0x0800acf8       0x18 /var/folders/h9/chptfhc14rj9vz87bx3sjmq00000gn/T//ccBcYDbM.ltrans0.ltrans.o
 .text._ZNK3Spi5SetupEv
                0x0800ad10       0x3c /var/folders/h9/chptfhc14rj9vz87bx3sjmq00000gn/T//ccBcYDbM.ltrans0.ltrans.o
 .text._ZN7network3tcpL21TcpSwap32AcknumSeqnumEPNS0_6HeaderE
                0x0800ad4c       0x44 /var/folders/h9/chptfhc14rj9vz87bx3sjmq00000gn/T//ccBcYDbM.ltrans0.ltrans.o
 .text._ZN7network3tcpL11ScanOptionsEPNS0_6HeaderEPNS0_3TcbEl
                0x0800ad90       0xa0 /var/folders/h9/chptfhc14rj9vz87bx3sjmq00000gn/T//ccBcYDbM.ltrans0.ltrans.o
 .text._ZN3ltc6output9applemidi4StopEv
                0x0800ae30       0x5c /var/folders/h9/chptfhc14rj9vz87bx3sjmq00000gn/T//ccBcYDbM.ltrans0.ltrans.o
 .text._ZN7RtpMidiD2Ev.lto_priv.0
                0x0800ae8c       0x28 /var/folders/h9/chptfhc14rj9vz87bx3sjmq00000gn/T//ccBcYDbM.ltrans0.ltrans.o
                0x0800ae8c                RtpMidi::~RtpMidi() [clone .lto_priv.0]
                0x0800ae8c                RtpMidi::~RtpMidi() [clone .lto_priv.0]
 .text._ZN3ltc5input6artnet5StartEv
                0x0800aeb4       0x5c /var/folders/h9/chptfhc14rj9vz87bx3sjmq00000gn/T//ccBcYDbM.ltrans0.ltrans.o
 .text._ZN3ltc5input6artnet4StopEv
                0x0800af10       0x28 /var/folders/h9/chptfhc14rj9vz87bx3sjmq00000gn/T//ccBcYDbM.ltrans0.ltrans.o
 .text._ZN3ltc6output6artnet5StartEv
                0x0800af38       0xdc /var/folders/h9/chptfhc14rj9vz87bx3sjmq00000gn/T//ccBcYDbM.ltrans0.ltrans.o
 .text._ZN3ltc6output6artnet4StopEv
                0x0800b014       0x64 /var/folders/h9/chptfhc14rj9vz87bx3sjmq00000gn/T//ccBcYDbM.ltrans0.ltrans.o
 .text._ZN3ltc6output3etc4StopEv
                0x0800b078       0x44 /var/folders/h9/chptfhc14rj9vz87bx3sjmq00000gn/T//ccBcYDbM.ltrans0.ltrans.o
 .text._ZN7RtpMidiD0Ev
                0x0800b0bc       0x12 /var/folders/h9/chptfhc14rj9vz87bx3sjmq00000gn/T//ccBcYDbM.ltrans0.ltrans.o
 *fill*         0x0800b0ce        0x2 
 .text._ZN9AppleMidi36StaticCallbackFunctionControlMessageEPKhmmt
                0x0800b0d0       0xa4 /var/folders/h9/chptfhc14rj9vz87bx3sjmq00000gn/T//ccBcYDbM.ltrans0.ltrans.o
 .text._ZN3ltc9ntpserver12_GLOBAL__N_1L5InputEPKhmmt
                0x0800b174       0x40 /var/folders/h9/chptfhc14rj9vz87bx3sjmq00000gn/T//ccBcYDbM.ltrans0.ltrans.o
 .text._ZN12RemoteConfig22StaticCallbackFunctionEPKhmmt
                0x0800b1b4       0xf0 /var/folders/h9/chptfhc14rj9vz87bx3sjmq00000gn/T//ccBcYDbM.ltrans0.ltrans.o
 .text._ZN12RemoteConfig12HandleUptimeEv
                0x0800b2a4       0x34 /var/folders/h9/chptfhc14rj9vz87bx3sjmq00000gn/T//ccBcYDbM.ltrans0.ltrans.o
 .text._ZN12RemoteConfig13HandleVersionEv
                0x0800b2d8       0x30 /var/folders/h9/chptfhc14rj9vz87bx3sjmq00000gn/T//ccBcYDbM.ltrans0.ltrans.o
 .text._ZN12RemoteConfig10HandleListEv
                0x0800b308       0xbc /var/folders/h9/chptfhc14rj9vz87bx3sjmq00000gn/T//ccBcYDbM.ltrans0.ltrans.o
 .text._ZN12RemoteConfig16HandleDisplayGetEv
                0x0800b3c4       0x48 /var/folders/h9/chptfhc14rj9vz87bx3sjmq00000gn/T//ccBcYDbM.ltrans0.ltrans.o
 .text._ZN12RemoteConfig13HandleTftpGetEv
                0x0800b40c       0x9c /var/folders/h9/chptfhc14rj9vz87bx3sjmq00000gn/T//ccBcYDbM.ltrans0.ltrans.o
 .text._ZN9AppleMidi33StaticCallbackFunctionMidiMessageEPKhmmt
                0x0800b4a8      0x13c /var/folders/h9/chptfhc14rj9vz87bx3sjmq00000gn/T//ccBcYDbM.ltrans0.ltrans.o
 .text._ZN3ltc5input3etc5StartEv
                0x0800b5e4       0x20 /var/folders/h9/chptfhc14rj9vz87bx3sjmq00000gn/T//ccBcYDbM.ltrans0.ltrans.o
 .text._ZN3ltc5input3etc4StopEv
                0x0800b604       0x1c /var/folders/h9/chptfhc14rj9vz87bx3sjmq00000gn/T//ccBcYDbM.ltrans0.ltrans.o
 .text._ZN3ltc5input7systime5StartEv
                0x0800b620       0x4c /var/folders/h9/chptfhc14rj9vz87bx3sjmq00000gn/T//ccBcYDbM.ltrans0.ltrans.o
 .text._ZN7network4apps9ntpclient3ptp4InitEv
                0x0800b66c       0x84 /var/folders/h9/chptfhc14rj9vz87bx3sjmq00000gn/T//ccBcYDbM.ltrans0.ltrans.o
 .text._ZN3ltc12_GLOBAL__N_1L4InitEv
                0x0800b6f0       0x10 /var/folders/h9/chptfhc14rj9vz87bx3sjmq00000gn/T//ccBcYDbM.ltrans0.ltrans.o
 .text._ZN3ltc5input4midi5StartEv
                0x0800b700       0x5c /var/folders/h9/chptfhc14rj9vz87bx3sjmq00000gn/T//ccBcYDbM.ltrans0.ltrans.o
 .text._ZN3ltc6output4midi5StartEv
                0x0800b75c       0x38 /var/folders/h9/chptfhc14rj9vz87bx3sjmq00000gn/T//ccBcYDbM.ltrans0.ltrans.o
 .text._ZN5shell3ltc9UtcOffsetESt4spanIKSt17basic_string_viewIcSt11char_traitsIcEELj4294967295EE
                0x0800b794       0x74 /var/folders/h9/chptfhc14rj9vz87bx3sjmq00000gn/T//ccBcYDbM.ltrans0.ltrans.o
 .text._ZN5shell4DateESt4spanIKSt17basic_string_viewIcSt11char_traitsIcEELj4294967295EE
                0x0800b808       0x78 /var/folders/h9/chptfhc14rj9vz87bx3sjmq00000gn/T//ccBcYDbM.ltrans0.ltrans.o
 .text._ZN4json12GetTimeofdayEPcm
                0x0800b880       0xe0 /var/folders/h9/chptfhc14rj9vz87bx3sjmq00000gn/T//ccBcYDbM.ltrans0.ltrans.o
 .text._ZN7Display6PrintfEmPKcz
                0x0800b960       0x4c /var/folders/h9/chptfhc14rj9vz87bx3sjmq00000gn/T//ccBcYDbM.ltrans0.ltrans.o
 .text._ZN5shell7HwClockESt4spanIKSt17basic_string_viewIcSt11char_traitsIcEELj4294967295EE
                0x0800b9ac       0xa4 /var/folders/h9/chptfhc14rj9vz87bx3sjmq00000gn/T//ccBcYDbM.ltrans0.ltrans.o
 .text._ZN12RemoteConfig12HandleRebootEv
                0x0800ba50        0x6 /var/folders/h9/chptfhc14rj9vz87bx3sjmq00000gn/T//ccBcYDbM.ltrans0.ltrans.o
 .text._ZL9SetRebootPKcm
                0x0800ba56       0x12 /var/folders/h9/chptfhc14rj9vz87bx3sjmq00000gn/T//ccBcYDbM.ltrans0.ltrans.o
 .text._ZN23HttpDeamonHandleRequest10HandlePostEv
                0x0800ba68      0x1cc /var/folders/h9/chptfhc14rj9vz87bx3sjmq00000gn/T//ccBcYDbM.ltrans0.ltrans.o
 .text._ZN23HttpDeamonHandleRequest13HandleRequestEmPc
                0x0800bc34      0x5b8 /var/folders/h9/chptfhc14rj9vz87bx3sjmq00000gn/T//ccBcYDbM.ltrans0.ltrans.o
 .text._ZN10HttpDaemon4DataEmPKhmPv
                0x0800c1ec       0x1c /var/folders/h9/chptfhc14rj9vz87bx3sjmq00000gn/T//ccBcYDbM.ltrans0.ltrans.o
                0x0800c1ec                HttpDaemon::Data(unsigned long, unsigned char const*, unsigned long, void*)
 .text._ZN13Max7219Matrix5WriteEPKct.constprop.0
                0x0800c208       0x90 /var/folders/h9/chptfhc14rj9vz87bx3sjmq00000gn/T//ccBcYDbM.ltrans0.ltrans.o
 .text._ZN3ltc7display7max72194ShowEPKc
                0x0800c298       0x54 /var/folders/h9/chptfhc14rj9vz87bx3sjmq00000gn/T//ccBcYDbM.ltrans0.ltrans.o
 .text._ZN13Max7219Matrix8WriteAllEhh.constprop.0
                0x0800c2ec       0x38 /var/folders/h9/chptfhc14rj9vz87bx3sjmq00000gn/T//ccBcYDbM.ltrans0.ltrans.o
 .text._ZN5shell3ltc9IntensityESt4spanIKSt17basic_string_viewIcSt11char_traitsIcEELj4294967295EE
                0x0800c324       0x4c /var/folders/h9/chptfhc14rj9vz87bx3sjmq00000gn/T//ccBcYDbM.ltrans0.ltrans.o
 .text._ZN3ltc7display7max72195StartEv
                0x0800c370       0xd4 /var/folders/h9/chptfhc14rj9vz87bx3sjmq00000gn/T//ccBcYDbM.ltrans0.ltrans.o
 .text._ZL4Sendv
                0x0800c444      0x10c /var/folders/h9/chptfhc14rj9vz87bx3sjmq00000gn/T//ccBcYDbM.ltrans0.ltrans.o
 .text.HardFault_Handler
                0x0800c550       0x16 /var/folders/h9/chptfhc14rj9vz87bx3sjmq00000gn/T//ccBcYDbM.ltrans0.ltrans.o
                0x0800c550                HardFault_Handler
 *fill*         0x0800c566        0x2 
 .text.HardfaultHandler
                0x0800c568      0x110 /var/folders/h9/chptfhc14rj9vz87bx3sjmq00000gn/T//ccBcYDbM.ltrans0.ltrans.o
                0x0800c568                HardfaultHandler
 .text._ZN11ConfigStore16SetStatusChangedEv.isra.0
                0x0800c678       0x28 /var/folders/h9/chptfhc14rj9vz87bx3sjmq00000gn/T//ccBcYDbM.ltrans0.ltrans.o
                0x0800c678                ConfigStore::SetStatusChanged() [clone .isra.0]
 .text._ZN12RemoteConfig14SetDisplayNameEPKc.constprop.0
                0x0800c6a0       0x58 /var/folders/h9/chptfhc14rj9vz87bx3sjmq00000gn/T//ccBcYDbM.ltrans0.ltrans.o
 .text._ZN12RemoteConfig13HandleFactoryEv
                0x0800c6f8       0x1c /var/folders/h9/chptfhc14rj9vz87bx3sjmq00000gn/T//ccBcYDbM.ltrans0.ltrans.o
 .text._ZN4json12_GLOBAL__N_1L7SetDateEPKcm
                0x0800c714      0x1a0 /var/folders/h9/chptfhc14rj9vz87bx3sjmq00000gn/T//ccBcYDbM.ltrans0.ltrans.o
 .text._ZN11ConfigStore5FlashEv.isra.0
                0x0800c8b4      0x148 /var/folders/h9/chptfhc14rj9vz87bx3sjmq00000gn/T//ccBcYDbM.ltrans0.ltrans.o
                0x0800c8b4                ConfigStore::Flash() [clone .isra.0]
 .text._ZN11ConfigStore5TimerEl
                0x0800c9fc       0x28 /var/folders/h9/chptfhc14rj9vz87bx3sjmq00000gn/T//ccBcYDbM.ltrans0.ltrans.o
 .text._ZN7Display3GetEv
                0x0800ca24       0x28 /var/folders/h9/chptfhc14rj9vz87bx3sjmq00000gn/T//ccBcYDbM.ltrans0.ltrans.o
                0x0800ca24                Display::Get()
 .text._ZN3ltc5input6Source12DisplayInputEv
                0x0800ca4c       0x40 /var/folders/h9/chptfhc14rj9vz87bx3sjmq00000gn/T//ccBcYDbM.ltrans0.ltrans.o
 .text._ZN3ltc6output11Destination18DistributeInternalEPKNS_8TimeCodeE
                0x0800ca8c      0x434 /var/folders/h9/chptfhc14rj9vz87bx3sjmq00000gn/T//ccBcYDbM.ltrans0.ltrans.o
 .text._ZN3ltc6output11Destination10DistributeEPKNS_8TimeCodeE
                0x0800cec0       0x64 /var/folders/h9/chptfhc14rj9vz87bx3sjmq00000gn/T//ccBcYDbM.ltrans0.ltrans.o
 .text._ZN7RtpMidi13HandleRtpMidiEPKh
                0x0800cf24      0x1b8 /var/folders/h9/chptfhc14rj9vz87bx3sjmq00000gn/T//ccBcYDbM.ltrans0.ltrans.o
 .text._ZN3ltc5input6artnet12_GLOBAL__N_1L8InputUdpEPKhmmt
                0x0800d0dc       0x2c /var/folders/h9/chptfhc14rj9vz87bx3sjmq00000gn/T//ccBcYDbM.ltrans0.ltrans.o
 .text._ZN8watchdog4InitEv
                0x0800d108       0x28 /var/folders/h9/chptfhc14rj9vz87bx3sjmq00000gn/T//ccBcYDbM.ltrans0.ltrans.o
                0x0800d108                watchdog::Init()
 .text._ZN5debug9PrintBitsItEEvT_PKc
                0x0800d130       0x44 /var/folders/h9/chptfhc14rj9vz87bx3sjmq00000gn/T//ccBcYDbM.ltrans0.ltrans.o
                0x0800d130                void debug::PrintBits<unsigned short>(unsigned short, char const*)
 .text._ZN3ltc5input6Source6SelectENS_5InputE.isra.0
                0x0800d174      0x1b8 /var/folders/h9/chptfhc14rj9vz87bx3sjmq00000gn/T//ccBcYDbM.ltrans0.ltrans.o
 .text._ZN5shell3ltc5InputESt4spanIKSt17basic_string_viewIcSt11char_traitsIcEELj4294967295EE
                0x0800d32c       0xa8 /var/folders/h9/chptfhc14rj9vz87bx3sjmq00000gn/T//ccBcYDbM.ltrans0.ltrans.o
 .text._ZN5shell3ltc6EnableESt4spanIKSt17basic_string_viewIcSt11char_traitsIcEELj4294967295EE
                0x0800d3d4       0xac /var/folders/h9/chptfhc14rj9vz87bx3sjmq00000gn/T//ccBcYDbM.ltrans0.ltrans.o
 .text._ZN5shell3ltc7DisableESt4spanIKSt17basic_string_viewIcSt11char_traitsIcEELj4294967295EE
                0x0800d480       0xac /var/folders/h9/chptfhc14rj9vz87bx3sjmq00000gn/T//ccBcYDbM.ltrans0.ltrans.o
 .text.USART5_IRQHandler
                0x0800d52c       0x68 /var/folders/h9/chptfhc14rj9vz87bx3sjmq00000gn/T//ccBcYDbM.ltrans0.ltrans.o
                0x0800d52c                USART5_IRQHandler
 .text._ZN5pixel6output4StopEv
                0x0800d594       0x34 /var/folders/h9/chptfhc14rj9vz87bx3sjmq00000gn/T//ccBcYDbM.ltrans0.ltrans.o
                0x0800d594                pixel::output::Stop()
 .text._ZN3ltc7display5pixel4StopEv
                0x0800d5c8        0x4 /var/folders/h9/chptfhc14rj9vz87bx3sjmq00000gn/T//ccBcYDbM.ltrans0.ltrans.o
 .text.TIMER7_Channel_IRQHandler
                0x0800d5cc       0x4c /var/folders/h9/chptfhc14rj9vz87bx3sjmq00000gn/T//ccBcYDbM.ltrans0.ltrans.o
                0x0800d5cc                TIMER7_Channel_IRQHandler
 .text._ZN7Display10TextStatusEPKc
                0x0800d618       0x94 /var/folders/h9/chptfhc14rj9vz87bx3sjmq00000gn/T//ccBcYDbM.ltrans0.ltrans.o
                0x0800d618                Display::TextStatus(char const*)
 *fill*         0x0800d6ac        0x4 
 .text._ZL5InputPKhmmt
                0x0800d6b0      0x384 /var/folders/h9/chptfhc14rj9vz87bx3sjmq00000gn/T//ccBcYDbM.ltrans0.ltrans.o
 .text._ZL9SetStatusN3ntp6StatusE
                0x0800da34       0x3c /var/folders/h9/chptfhc14rj9vz87bx3sjmq00000gn/T//ccBcYDbM.ltrans0.ltrans.o
 .text._ZN7network4apps9ntpclient3ptp4StopEb
                0x0800da70       0x38 /var/folders/h9/chptfhc14rj9vz87bx3sjmq00000gn/T//ccBcYDbM.ltrans0.ltrans.o
 .text._ZN3ltc9ntpserver5StartEv
                0x0800daa8       0xc4 /var/folders/h9/chptfhc14rj9vz87bx3sjmq00000gn/T//ccBcYDbM.ltrans0.ltrans.o
 .text._ZL11PtpNtpTimerl
                0x0800db6c       0x4c /var/folders/h9/chptfhc14rj9vz87bx3sjmq00000gn/T//ccBcYDbM.ltrans0.ltrans.o
 .text.EXTI5_9_IRQHandler
                0x0800dbb8       0x68 /var/folders/h9/chptfhc14rj9vz87bx3sjmq00000gn/T//ccBcYDbM.ltrans0.ltrans.o
                0x0800dbb8                EXTI5_9_IRQHandler
 .text.USART2_IRQHandler
                0x0800dc20      0x178 /var/folders/h9/chptfhc14rj9vz87bx3sjmq00000gn/T//ccBcYDbM.ltrans0.ltrans.o
                0x0800dc20                USART2_IRQHandler
 .text.TIMER3_IRQHandler
                0x0800dd98       0x7c /var/folders/h9/chptfhc14rj9vz87bx3sjmq00000gn/T//ccBcYDbM.ltrans0.ltrans.o
                0x0800dd98                TIMER3_IRQHandler
 .text.TIMER0_TRG_CMT_TIMER10_IRQHandler
                0x0800de14      0x174 /var/folders/h9/chptfhc14rj9vz87bx3sjmq00000gn/T//ccBcYDbM.ltrans0.ltrans.o
                0x0800de14                TIMER0_TRG_CMT_TIMER10_IRQHandler
 .text.TIMER6_IRQHandler
                0x0800df88       0x44 /var/folders/h9/chptfhc14rj9vz87bx3sjmq00000gn/T//ccBcYDbM.ltrans0.ltrans.o
                0x0800df88                TIMER6_IRQHandler
 .text._ZN7network5event18Ipv4AddressChangedEv
                0x0800dfcc      0x114 /var/folders/h9/chptfhc14rj9vz87bx3sjmq00000gn/T//ccBcYDbM.ltrans0.ltrans.o
                0x0800dfcc                network::event::Ipv4AddressChanged()
 .text.ENET_IRQHandler
                0x0800e0e0       0x60 /var/folders/h9/chptfhc14rj9vz87bx3sjmq00000gn/T//ccBcYDbM.ltrans0.ltrans.o
                0x0800e0e0                ENET_IRQHandler
 .text.__NVIC_SystemReset.lto_priv.0.lto_priv.0
                0x0800e140       0x24 /var/folders/h9/chptfhc14rj9vz87bx3sjmq00000gn/T//ccBcYDbM.ltrans0.ltrans.o
                0x0800e140                __NVIC_SystemReset.lto_priv.1.lto_priv.0
                0x0800e140                __NVIC_SystemReset.lto_priv.0.lto_priv.0
 .text._ZN5shell6RebootESt4spanIKSt17basic_string_viewIcSt11char_traitsIcEELj4294967295EE
                0x0800e164       0x18 /var/folders/h9/chptfhc14rj9vz87bx3sjmq00000gn/T//ccBcYDbM.ltrans0.ltrans.o
 .text._ZN7Display8SetSleepEb
                0x0800e17c       0x48 /var/folders/h9/chptfhc14rj9vz87bx3sjmq00000gn/T//ccBcYDbM.ltrans0.ltrans.o
                0x0800e17c                Display::SetSleep(bool)
 .text._ZN12RemoteConfig16HandleDisplaySetEv
                0x0800e1c4       0x20 /var/folders/h9/chptfhc14rj9vz87bx3sjmq00000gn/T//ccBcYDbM.ltrans0.ltrans.o
 .text._ZN12RemoteConfig13HandleTftpSetEv
                0x0800e1e4       0xa4 /var/folders/h9/chptfhc14rj9vz87bx3sjmq00000gn/T//ccBcYDbM.ltrans0.ltrans.o
 .text._ZL10SetDisplayPKcm
                0x0800e288       0x1c /var/folders/h9/chptfhc14rj9vz87bx3sjmq00000gn/T//ccBcYDbM.ltrans0.ltrans.o
 .text._Z18ParseJsonWithTablePKcjPKN4json3KeyEj
                0x0800e2a4      0x148 /var/folders/h9/chptfhc14rj9vz87bx3sjmq00000gn/T//ccBcYDbM.ltrans0.ltrans.o
                0x0800e2a4                ParseJsonWithTable(char const*, unsigned int, json::Key const*, unsigned int)
 .text._ZN4json12SetTimeofdayEPKcm
                0x0800e3ec       0x50 /var/folders/h9/chptfhc14rj9vz87bx3sjmq00000gn/T//ccBcYDbM.ltrans0.ltrans.o
 .text._ZN4json6config9SetGlobalEPKcm
                0x0800e43c       0x68 /var/folders/h9/chptfhc14rj9vz87bx3sjmq00000gn/T//ccBcYDbM.ltrans0.ltrans.o
 .text._ZN4json6config15SetRemoteConfigEPKcm
                0x0800e4a4       0x54 /var/folders/h9/chptfhc14rj9vz87bx3sjmq00000gn/T//ccBcYDbM.ltrans0.ltrans.o
 .text._ZN4json6action3SetEPKcm
                0x0800e4f8        0xc /var/folders/h9/chptfhc14rj9vz87bx3sjmq00000gn/T//ccBcYDbM.ltrans0.ltrans.o
 .text._ZN7JsonDoc5WriteEPKc
                0x0800e504       0x3e /var/folders/h9/chptfhc14rj9vz87bx3sjmq00000gn/T//ccBcYDbM.ltrans0.ltrans.o
                0x0800e504                JsonDoc::Write(char const*)
 *fill*         0x0800e542        0x2 
 .text._ZN7JsonDoc8KeyProxyaSEPKc.isra.0
                0x0800e544       0x44 /var/folders/h9/chptfhc14rj9vz87bx3sjmq00000gn/T//ccBcYDbM.ltrans0.ltrans.o
                0x0800e544                JsonDoc::KeyProxy::operator=(char const*) [clone .isra.0]
 .text._ZN4json6config9GetGlobalEPcm
                0x0800e588       0x80 /var/folders/h9/chptfhc14rj9vz87bx3sjmq00000gn/T//ccBcYDbM.ltrans0.ltrans.o
 .text._ZN4json6config15GetRemoteConfigEPcm
                0x0800e608       0x5c /var/folders/h9/chptfhc14rj9vz87bx3sjmq00000gn/T//ccBcYDbM.ltrans0.ltrans.o
 .text._ZN4emac3eth7FreePktEv
                0x0800e664       0x70 /var/folders/h9/chptfhc14rj9vz87bx3sjmq00000gn/T//ccBcYDbM.ltrans0.ltrans.o
                0x0800e664                emac::eth::FreePkt()
 .text._ZN4emac3ethL16PtpFrameTransmitILb0EEEvm.lto_priv.0
                0x0800e6d4       0x60 /var/folders/h9/chptfhc14rj9vz87bx3sjmq00000gn/T//ccBcYDbM.ltrans0.ltrans.o
                0x0800e6d4                void emac::eth::PtpFrameTransmit<false>(unsigned long) [clone .lto_priv.0]
 .text._ZN4emac3ethL16PtpFrameTransmitILb1EEEvm.lto_priv.0
                0x0800e734       0x90 /var/folders/h9/chptfhc14rj9vz87bx3sjmq00000gn/T//ccBcYDbM.ltrans0.ltrans.o
                0x0800e734                void emac::eth::PtpFrameTransmit<true>(unsigned long) [clone .lto_priv.0]
 .text._ZN7network4apps9ntpclient3ptp5StartEv
                0x0800e7c4       0x50 /var/folders/h9/chptfhc14rj9vz87bx3sjmq00000gn/T//ccBcYDbM.ltrans0.ltrans.o
                0x0800e7c4                network::apps::ntpclient::ptp::Start()
 .text._ZN3ltc9ntpserver4StopEv
                0x0800e814       0x28 /var/folders/h9/chptfhc14rj9vz87bx3sjmq00000gn/T//ccBcYDbM.ltrans0.ltrans.o
 .text._ZN7network4apps9ntpclient3ptp11SetServerIpEm
                0x0800e83c       0x1c /var/folders/h9/chptfhc14rj9vz87bx3sjmq00000gn/T//ccBcYDbM.ltrans0.ltrans.o
                0x0800e83c                network::apps::ntpclient::ptp::SetServerIp(unsigned long)
 .text._ZN7network4apps9ntpclient3ptp11GetServerIpEv
                0x0800e858        0xc /var/folders/h9/chptfhc14rj9vz87bx3sjmq00000gn/T//ccBcYDbM.ltrans0.ltrans.o
                0x0800e858                network::apps::ntpclient::ptp::GetServerIp()
 .text._ZN5netifL17NetifIssueReportsEv.lto_priv.0
                0x0800e864       0x18 /var/folders/h9/chptfhc14rj9vz87bx3sjmq00000gn/T//ccBcYDbM.ltrans0.ltrans.o
                0x0800e864                netif::NetifIssueReports() [clone .lto_priv.0]
 .text._ZN5netifL16NetifDoSetIpaddrEN7network7ip_addrERS1_.lto_priv.0
                0x0800e87c       0x68 /var/folders/h9/chptfhc14rj9vz87bx3sjmq00000gn/T//ccBcYDbM.ltrans0.ltrans.o
                0x0800e87c                netif::NetifDoSetIpaddr(network::ip_addr, network::ip_addr&) [clone .lto_priv.0]
 .text._ZN5netif10SetNetmaskEN7network7ip_addrE
                0x0800e8e4       0x28 /var/folders/h9/chptfhc14rj9vz87bx3sjmq00000gn/T//ccBcYDbM.ltrans0.ltrans.o
                0x0800e8e4                netif::SetNetmask(network::ip_addr)
 .text._ZN5netif5SetGwEN7network7ip_addrE
                0x0800e90c       0x24 /var/folders/h9/chptfhc14rj9vz87bx3sjmq00000gn/T//ccBcYDbM.ltrans0.ltrans.o
                0x0800e90c                netif::SetGw(network::ip_addr)
 .text._ZN5netif7SetAddrEN7network7ip_addrES1_S1_
                0x0800e930       0x9c /var/folders/h9/chptfhc14rj9vz87bx3sjmq00000gn/T//ccBcYDbM.ltrans0.ltrans.o
                0x0800e930                netif::SetAddr(network::ip_addr, network::ip_addr, network::ip_addr)
 .text._ZN5netif11SetLinkDownEv
                0x0800e9cc       0x54 /var/folders/h9/chptfhc14rj9vz87bx3sjmq00000gn/T//ccBcYDbM.ltrans0.ltrans.o
                0x0800e9cc                netif::SetLinkDown()
 .text._ZN7network3tcpL11SendSegmentEPNS0_3TcbERKNS0_8SendInfoEb.lto_priv.0
                0x0800ea20      0x36c /var/folders/h9/chptfhc14rj9vz87bx3sjmq00000gn/T//ccBcYDbM.ltrans0.ltrans.o
                0x0800ea20                network::tcp::SendSegment(network::tcp::Tcb*, network::tcp::SendInfo const&, bool) [clone .lto_priv.0]
 .text._ZN7network3tcpL9SendResetEPNS0_6HeaderEPNS0_3TcbE
                0x0800ed8c       0x6c /var/folders/h9/chptfhc14rj9vz87bx3sjmq00000gn/T//ccBcYDbM.ltrans0.ltrans.o
 .text._ZN7network3tcpL7FreeTcbEPNS0_3TcbE.lto_priv.0
                0x0800edf8       0xa4 /var/folders/h9/chptfhc14rj9vz87bx3sjmq00000gn/T//ccBcYDbM.ltrans0.ltrans.o
                0x0800edf8                network::tcp::FreeTcb(network::tcp::Tcb*) [clone .lto_priv.0]
 .text.startup.main
                0x0800ee9c     0x1bd0 /var/folders/h9/chptfhc14rj9vz87bx3sjmq00000gn/T//ccBcYDbM.ltrans0.ltrans.o
                0x0800ee9c                main
 .text._ZN5pixel6output5StartEv
                0x08010a6c      0x288 /var/folders/h9/chptfhc14rj9vz87bx3sjmq00000gn/T//ccBcYDbM.ltrans0.ltrans.o
 .text._ZN3ltc7display5pixel5StartEv
                0x08010cf4       0x12 /var/folders/h9/chptfhc14rj9vz87bx3sjmq00000gn/T//ccBcYDbM.ltrans0.ltrans.o
 *fill*         0x08010d06        0x2 
 .text._ZN5shell3ltc3GpsESt4spanIKSt17basic_string_viewIcSt11char_traitsIcEELj4294967295EE
                0x08010d08      0x338 /var/folders/h9/chptfhc14rj9vz87bx3sjmq00000gn/T//ccBcYDbM.ltrans0.ltrans.o
 .text.startup._Z41__static_initialization_and_destruction_0v.lto_priv.4
                0x08011040       0x1c /var/folders/h9/chptfhc14rj9vz87bx3sjmq00000gn/T//ccBcYDbM.ltrans1.ltrans.o
 .text._ZN7network8MemcpyIpEPKh
                0x0801105c       0x18 /var/folders/h9/chptfhc14rj9vz87bx3sjmq00000gn/T//ccBcYDbM.ltrans1.ltrans.o
 .text._ZN7network3arpL10FindRecordEmNS0_5FlagsE
                0x08011074       0xc4 /var/folders/h9/chptfhc14rj9vz87bx3sjmq00000gn/T//ccBcYDbM.ltrans1.ltrans.o
 .text._ZN7network8MemcpyIpEPhm
                0x08011138       0x18 /var/folders/h9/chptfhc14rj9vz87bx3sjmq00000gn/T//ccBcYDbM.ltrans1.ltrans.o
 .text._ZN7network4dhcpL9HandleAckEPKNS0_7MessageE
                0x08011150       0x40 /var/folders/h9/chptfhc14rj9vz87bx3sjmq00000gn/T//ccBcYDbM.ltrans1.ltrans.o
 .text._ZN7network4igmp11LookupGroupEm
                0x08011190       0x30 /var/folders/h9/chptfhc14rj9vz87bx3sjmq00000gn/T//ccBcYDbM.ltrans1.ltrans.o
 .text.rand     0x080111c0       0x20 /var/folders/h9/chptfhc14rj9vz87bx3sjmq00000gn/T//ccBcYDbM.ltrans1.ltrans.o
                0x080111c0                rand
 .text._ZN7network4apps4mdns12_GLOBAL__N_1L21PutDomainNameAsLabelsEPhRKNS2_6DomainE
                0x080111e0       0xe0 /var/folders/h9/chptfhc14rj9vz87bx3sjmq00000gn/T//ccBcYDbM.ltrans1.ltrans.o
 .text._ZN7network4apps4mdns12_GLOBAL__N_16Domain8AddLabelEPKcj
                0x080112c0       0x26 /var/folders/h9/chptfhc14rj9vz87bx3sjmq00000gn/T//ccBcYDbM.ltrans1.ltrans.o
 *fill*         0x080112e6        0x2 
 .text._ZN7network4apps4mdns12_GLOBAL__N_1L19CreateReverseDomainERNS2_6DomainE
                0x080112e8       0x8c /var/folders/h9/chptfhc14rj9vz87bx3sjmq00000gn/T//ccBcYDbM.ltrans1.ltrans.o
 .text._ZZN4json6status4emac4EmacEPcmENKUlPKcE_clES4_
                0x08011374       0x20 /var/folders/h9/chptfhc14rj9vz87bx3sjmq00000gn/T//ccBcYDbM.ltrans1.ltrans.o
 .text._ZZN4json6status4emac4EmacEPcmENKUlmE_clEm
                0x08011394       0x48 /var/folders/h9/chptfhc14rj9vz87bx3sjmq00000gn/T//ccBcYDbM.ltrans1.ltrans.o
 .text._ZN4json6status4emac4EmacEPcm
                0x080113dc      0x104 /var/folders/h9/chptfhc14rj9vz87bx3sjmq00000gn/T//ccBcYDbM.ltrans1.ltrans.o
                0x080113dc                json::status::emac::Emac(char*, unsigned long)
 .text._ZN4json13NetworkParams14SetUseStaticIpEPKcm
                0x080114e0       0x20 /var/folders/h9/chptfhc14rj9vz87bx3sjmq00000gn/T//ccBcYDbM.ltrans1.ltrans.o
 .text._ZN4json13NetworkParams11SetHostnameEPKcm
                0x08011500       0x28 /var/folders/h9/chptfhc14rj9vz87bx3sjmq00000gn/T//ccBcYDbM.ltrans1.ltrans.o
 .text._ZN4gd324enet13FilterSetHashEm
                0x08011528       0x24 /var/folders/h9/chptfhc14rj9vz87bx3sjmq00000gn/T//ccBcYDbM.ltrans1.ltrans.o
 .text._ZN7network3CrcEPKhj.constprop.0
                0x0801154c       0x3c /var/folders/h9/chptfhc14rj9vz87bx3sjmq00000gn/T//ccBcYDbM.ltrans1.ltrans.o
 .text._ZN10DisplaySet17SetFlipVerticallyEb
                0x08011588        0x2 /var/folders/h9/chptfhc14rj9vz87bx3sjmq00000gn/T//ccBcYDbM.ltrans1.ltrans.o
                0x08011588                DisplaySet::SetFlipVertically(bool)
 *fill*         0x0801158a        0x2 
 .text._ZN12_GLOBAL__N_1L8LedblinkEl
                0x0801158c       0x10 /var/folders/h9/chptfhc14rj9vz87bx3sjmq00000gn/T//ccBcYDbM.ltrans1.ltrans.o
 .text._ZN7HwClock6RtcGetEP2tm.isra.0
                0x0801159c       0x88 /var/folders/h9/chptfhc14rj9vz87bx3sjmq00000gn/T//ccBcYDbM.ltrans1.ltrans.o
 .text._ZN12_GLOBAL__N_1L8SendStopILm1073763328EEElv.isra.0
                0x08011624       0x24 /var/folders/h9/chptfhc14rj9vz87bx3sjmq00000gn/T//ccBcYDbM.ltrans1.ltrans.o
 .text._ZN12_GLOBAL__N_1L9SetCsHighEv
                0x08011648       0x18 /var/folders/h9/chptfhc14rj9vz87bx3sjmq00000gn/T//ccBcYDbM.ltrans1.ltrans.o
 .text._ZN12_GLOBAL__N_1L8SetCsLowEv
                0x08011660       0x18 /var/folders/h9/chptfhc14rj9vz87bx3sjmq00000gn/T//ccBcYDbM.ltrans1.ltrans.o
 .text._ZN12_GLOBAL__N_1L12SpiWriteReadEh
                0x08011678       0x24 /var/folders/h9/chptfhc14rj9vz87bx3sjmq00000gn/T//ccBcYDbM.ltrans1.ltrans.o
 .text._Z17Gd32SpiTransfernbPKcPcm
                0x0801169c       0x26 /var/folders/h9/chptfhc14rj9vz87bx3sjmq00000gn/T//ccBcYDbM.ltrans1.ltrans.o
 .text.i2c_flag_get
                0x080116c2       0x10 /var/folders/h9/chptfhc14rj9vz87bx3sjmq00000gn/T//ccBcYDbM.ltrans1.ltrans.o
 *fill*         0x080116d2        0x2 
 .text._Z12Gd32I2cWritePKcm
                0x080116d4       0xcc /var/folders/h9/chptfhc14rj9vz87bx3sjmq00000gn/T//ccBcYDbM.ltrans1.ltrans.o
 .text._ZN12_GLOBAL__N_1L18ReadImplementationILm1073763328EEEhPcm
                0x080117a0      0x154 /var/folders/h9/chptfhc14rj9vz87bx3sjmq00000gn/T//ccBcYDbM.ltrans1.ltrans.o
 .text._ZL6ItostriPci
                0x080118f4       0x76 /var/folders/h9/chptfhc14rj9vz87bx3sjmq00000gn/T//ccBcYDbM.ltrans1.ltrans.o
 .text._ZN12_GLOBAL__N_1L10IsleapyearEi
                0x0801196a       0x2c /var/folders/h9/chptfhc14rj9vz87bx3sjmq00000gn/T//ccBcYDbM.ltrans1.ltrans.o
 *fill*         0x08011996        0x2 
 .text._ZN12_GLOBAL__N_1L14GetdaysofmonthEii
                0x08011998       0x20 /var/folders/h9/chptfhc14rj9vz87bx3sjmq00000gn/T//ccBcYDbM.ltrans1.ltrans.o
 .text._ZN7network4dhcp12_GLOBAL__N_1L11MessageInitEv
                0x080119b8       0x40 /var/folders/h9/chptfhc14rj9vz87bx3sjmq00000gn/T//ccBcYDbM.ltrans1.ltrans.o
 .text._ZN7network4apps4mdns12_GLOBAL__N_1L11AddQuestionEPhRKNS2_6DomainENS_3dns6RRTypeEb
                0x080119f8       0x1e /var/folders/h9/chptfhc14rj9vz87bx3sjmq00000gn/T//ccBcYDbM.ltrans1.ltrans.o
 *fill*         0x08011a16        0x2 
 .text._ZN7network3arpL5TimerEl
                0x08011a18      0x124 /var/folders/h9/chptfhc14rj9vz87bx3sjmq00000gn/T//ccBcYDbM.ltrans1.ltrans.o
 .text._ZN7network3arp8AcdProbeENS_7ip_addrE
                0x08011b3c       0x50 /var/folders/h9/chptfhc14rj9vz87bx3sjmq00000gn/T//ccBcYDbM.ltrans1.ltrans.o
 .text._ZN7network3arp19AcdSendAnnouncementENS_7ip_addrE
                0x08011b8c       0x48 /var/folders/h9/chptfhc14rj9vz87bx3sjmq00000gn/T//ccBcYDbM.ltrans1.ltrans.o
 .text._ZN7network4igmpL10SendReportEm
                0x08011bd4       0xcc /var/folders/h9/chptfhc14rj9vz87bx3sjmq00000gn/T//ccBcYDbM.ltrans1.ltrans.o
 .text._ZN7network4igmpL5TimerEl
                0x08011ca0       0x54 /var/folders/h9/chptfhc14rj9vz87bx3sjmq00000gn/T//ccBcYDbM.ltrans1.ltrans.o
 .text._ZN7network4apps4mdns12_GLOBAL__N_1L19CreateServiceDomainERNS2_6DomainERKNS1_13ServiceRecordEb
                0x08011cf4       0x98 /var/folders/h9/chptfhc14rj9vz87bx3sjmq00000gn/T//ccBcYDbM.ltrans1.ltrans.o
 .text._ZN7network4apps4mdns12_GLOBAL__N_1L16CreateHostDomainERNS2_6DomainE
                0x08011d8c       0x40 /var/folders/h9/chptfhc14rj9vz87bx3sjmq00000gn/T//ccBcYDbM.ltrans1.ltrans.o
 .text._ZN11ConfigStore13NetworkUpdateImEEvMN6common5store7NetworkET_RKS4_.isra.0
                0x08011dcc       0x24 /var/folders/h9/chptfhc14rj9vz87bx3sjmq00000gn/T//ccBcYDbM.ltrans1.ltrans.o
 .text._ZN7network4apps4mdns12_GLOBAL__N_1L12AddAnswerSrvERKNS1_13ServiceRecordEPhm
                0x08011df0       0x50 /var/folders/h9/chptfhc14rj9vz87bx3sjmq00000gn/T//ccBcYDbM.ltrans1.ltrans.o
 .text._ZN7network4apps4mdns12_GLOBAL__N_1L12AddAnswerTxtERKNS1_13ServiceRecordEPhm
                0x08011e40       0x52 /var/folders/h9/chptfhc14rj9vz87bx3sjmq00000gn/T//ccBcYDbM.ltrans1.ltrans.o
 .text._ZN7network4apps4mdns12_GLOBAL__N_1L12AddAnswerPtrERKNS1_13ServiceRecordEPhm
                0x08011e92       0x48 /var/folders/h9/chptfhc14rj9vz87bx3sjmq00000gn/T//ccBcYDbM.ltrans1.ltrans.o
 *fill*         0x08011eda        0x2 
 .text._ZN7network4apps4mdns12_GLOBAL__N_1L16AddAnswerDnsdPtrERKNS1_13ServiceRecordEPhm.constprop.0
                0x08011edc       0x48 /var/folders/h9/chptfhc14rj9vz87bx3sjmq00000gn/T//ccBcYDbM.ltrans1.ltrans.o
 .text._ZN7network4apps4mdns12_GLOBAL__N_1L10AddAnswerAEPhm
                0x08011f24       0x38 /var/folders/h9/chptfhc14rj9vz87bx3sjmq00000gn/T//ccBcYDbM.ltrans1.ltrans.o
 .text._ZN7network4dhcpL4BindEv
                0x08011f5c       0xd0 /var/folders/h9/chptfhc14rj9vz87bx3sjmq00000gn/T//ccBcYDbM.ltrans1.ltrans.o
 .text._ZN7network4apps4mdns12_GLOBAL__N_1eqERKNS2_6DomainES5_
                0x0801202c       0x3e /var/folders/h9/chptfhc14rj9vz87bx3sjmq00000gn/T//ccBcYDbM.ltrans1.ltrans.o
 .text._ZN3net13ParseIpStringEPKcm
                0x0801206a       0xb0 /var/folders/h9/chptfhc14rj9vz87bx3sjmq00000gn/T//ccBcYDbM.ltrans1.ltrans.o
 *fill*         0x0801211a        0x2 
 .text._ZN4json13NetworkParams12SetIpAddressEPKcm
                0x0801211c       0x10 /var/folders/h9/chptfhc14rj9vz87bx3sjmq00000gn/T//ccBcYDbM.ltrans1.ltrans.o
 .text._ZN4json13NetworkParams10SetNetMaskEPKcm
                0x0801212c       0x10 /var/folders/h9/chptfhc14rj9vz87bx3sjmq00000gn/T//ccBcYDbM.ltrans1.ltrans.o
 .text._ZN4json13NetworkParams17SetDefaultGatewayEPKcm
                0x0801213c       0x10 /var/folders/h9/chptfhc14rj9vz87bx3sjmq00000gn/T//ccBcYDbM.ltrans1.ltrans.o
 .text._ZN4json13NetworkParams12SetNtpServerEPKcm
                0x0801214c       0x10 /var/folders/h9/chptfhc14rj9vz87bx3sjmq00000gn/T//ccBcYDbM.ltrans1.ltrans.o
 .text._ZN7network3tcp6ListenEtPFvmPKhmPvE.constprop.0
                0x0801215c       0x20 /var/folders/h9/chptfhc14rj9vz87bx3sjmq00000gn/T//ccBcYDbM.ltrans1.ltrans.o
                0x0801215c                network::tcp::Listen(unsigned short, void (*)(unsigned long, unsigned char const*, unsigned long, void*)) [clone .constprop.0]
 .text._ZN7network3tcp5AbortEm
                0x0801217c       0x48 /var/folders/h9/chptfhc14rj9vz87bx3sjmq00000gn/T//ccBcYDbM.ltrans1.ltrans.o
                0x0801217c                network::tcp::Abort(unsigned long)
 .text._ZN7network4igmp12ReportGroupsEv
                0x080121c4       0x84 /var/folders/h9/chptfhc14rj9vz87bx3sjmq00000gn/T//ccBcYDbM.ltrans1.ltrans.o
                0x080121c4                network::igmp::ReportGroups()
 .text._ZN4emac3phy4ReadEttRt.constprop.0
                0x08012248       0x3c /var/folders/h9/chptfhc14rj9vz87bx3sjmq00000gn/T//ccBcYDbM.ltrans1.ltrans.o
                0x08012248                emac::phy::Read(unsigned short, unsigned short, unsigned short&) [clone .constprop.0]
 .text._ZN4emac3phy12_GLOBAL__N_1L8ReadBmsrEtRt.constprop.0
                0x08012284       0x18 /var/folders/h9/chptfhc14rj9vz87bx3sjmq00000gn/T//ccBcYDbM.ltrans1.ltrans.o
                0x08012284                emac::phy::(anonymous namespace)::ReadBmsr(unsigned short, unsigned short&) [clone .constprop.0]
 .text._ZN4emac3phy12_GLOBAL__N_1L10ReadStatusEtRNS0_6StatusE.constprop.0
                0x0801229c       0xb0 /var/folders/h9/chptfhc14rj9vz87bx3sjmq00000gn/T//ccBcYDbM.ltrans1.ltrans.o
                0x0801229c                emac::phy::(anonymous namespace)::ReadStatus(unsigned short, emac::phy::Status&) [clone .constprop.0]
 .text._ZN4emac3phy4link11PinRecoveryEv
                0x0801234c       0x16 /var/folders/h9/chptfhc14rj9vz87bx3sjmq00000gn/T//ccBcYDbM.ltrans1.ltrans.o
                0x0801234c                emac::phy::link::PinRecovery()
 *fill*         0x08012362        0x2 
 .text._ZN4emac3phy5WriteEttt.constprop.0
                0x08012364       0x3c /var/folders/h9/chptfhc14rj9vz87bx3sjmq00000gn/T//ccBcYDbM.ltrans1.ltrans.o
                0x08012364                emac::phy::Write(unsigned short, unsigned short, unsigned short) [clone .constprop.0]
 .text._ZN4emac3phy10WritePagedEtttt.constprop.0
                0x080123a0       0x3c /var/folders/h9/chptfhc14rj9vz87bx3sjmq00000gn/T//ccBcYDbM.ltrans1.ltrans.o
                0x080123a0                emac::phy::WritePaged(unsigned short, unsigned short, unsigned short, unsigned short) [clone .constprop.0]
 .text._ZN7Ssd1311D2Ev.lto_priv.0
                0x080123dc        0x2 /var/folders/h9/chptfhc14rj9vz87bx3sjmq00000gn/T//ccBcYDbM.ltrans1.ltrans.o
                0x080123dc                Ssd1311::~Ssd1311() [clone .lto_priv.0]
                0x080123dc                Ssd1311::~Ssd1311() [clone .lto_priv.0]
 *fill*         0x080123de        0x2 
 .text.SystemInit
                0x080123e0      0x22c /var/folders/h9/chptfhc14rj9vz87bx3sjmq00000gn/T//ccBcYDbM.ltrans1.ltrans.o
                0x080123e0                SystemInit
 .text._ZN4gd326timers3dwt7DelayUsEmm.constprop.0
                0x0801260c       0x38 /var/folders/h9/chptfhc14rj9vz87bx3sjmq00000gn/T//ccBcYDbM.ltrans1.ltrans.o
                0x0801260c                gd32::timers::dwt::DelayUs(unsigned long, unsigned long) [clone .constprop.0]
 .text._ZN4gd326timers6timer66MillisEv
                0x08012644       0x38 /var/folders/h9/chptfhc14rj9vz87bx3sjmq00000gn/T//ccBcYDbM.ltrans1.ltrans.o
                0x08012644                gd32::timers::timer6::Millis()
 .text._Z16SoftwareTimerRunv
                0x0801267c       0x5c /var/folders/h9/chptfhc14rj9vz87bx3sjmq00000gn/T//ccBcYDbM.ltrans1.ltrans.o
                0x0801267c                SoftwareTimerRun()
 .text._ZN4gd3218UartTransmitStringEmPKc.constprop.0
                0x080126d8       0x28 /var/folders/h9/chptfhc14rj9vz87bx3sjmq00000gn/T//ccBcYDbM.ltrans1.ltrans.o
                0x080126d8                gd32::UartTransmitString(unsigned long, char const*) [clone .constprop.0]
 .text._ZN4gd3212UartTransmitEmPKhm.part.0.constprop.0
                0x08012700       0x2c /var/folders/h9/chptfhc14rj9vz87bx3sjmq00000gn/T//ccBcYDbM.ltrans1.ltrans.o
                0x08012700                gd32::UartTransmit(unsigned long, unsigned char const*, unsigned long) [clone .part.0] [clone .constprop.0]
 .text._Z17Gd32SpiSetSpeedHzm
                0x0801272c       0x78 /var/folders/h9/chptfhc14rj9vz87bx3sjmq00000gn/T//ccBcYDbM.ltrans1.ltrans.o
                0x0801272c                Gd32SpiSetSpeedHz(unsigned long)
 .text._Z18Gd32SpiSetDataModeh
                0x080127a4       0x2c /var/folders/h9/chptfhc14rj9vz87bx3sjmq00000gn/T//ccBcYDbM.ltrans1.ltrans.o
                0x080127a4                Gd32SpiSetDataMode(unsigned char)
 .text._Z14Gd32SpiWritenbPKcm
                0x080127d0       0x20 /var/folders/h9/chptfhc14rj9vz87bx3sjmq00000gn/T//ccBcYDbM.ltrans1.ltrans.o
                0x080127d0                Gd32SpiWritenb(char const*, unsigned long)
 .text._ZN12_GLOBAL__N_1L17SpiFlashReadWriteEPKhmS1_Phm.lto_priv.0
                0x080127f0       0x5c /var/folders/h9/chptfhc14rj9vz87bx3sjmq00000gn/T//ccBcYDbM.ltrans1.ltrans.o
                0x080127f0                (anonymous namespace)::SpiFlashReadWrite(unsigned char const*, unsigned long, unsigned char const*, unsigned char*, unsigned long) [clone .lto_priv.0]
 .text._ZN12_GLOBAL__N_1L20SpiFlashCmdWaitReadyEm.lto_priv.0
                0x0801284c       0x60 /var/folders/h9/chptfhc14rj9vz87bx3sjmq00000gn/T//ccBcYDbM.ltrans1.ltrans.o
                0x0801284c                (anonymous namespace)::SpiFlashCmdWaitReady(unsigned long) [clone .lto_priv.0]
 .text._ZN12_GLOBAL__N_1L19SpiFlashWriteCommonEPKhmS1_mb.constprop.0
                0x080128ac       0x60 /var/folders/h9/chptfhc14rj9vz87bx3sjmq00000gn/T//ccBcYDbM.ltrans1.ltrans.o
                0x080128ac                (anonymous namespace)::SpiFlashWriteCommon(unsigned char const*, unsigned long, unsigned char const*, unsigned long, bool) [clone .constprop.0]
 .text._ZN5uart07PutCharEi
                0x0801290c       0x20 /var/folders/h9/chptfhc14rj9vz87bx3sjmq00000gn/T//ccBcYDbM.ltrans1.ltrans.o
                0x0801290c                uart0::PutChar(int)
 .text._ZL7PutCharP7Contexti
                0x0801292c       0x2c /var/folders/h9/chptfhc14rj9vz87bx3sjmq00000gn/T//ccBcYDbM.ltrans1.ltrans.o
 .text._ZL9FormatHexP7Contextj
                0x08012958       0xba /var/folders/h9/chptfhc14rj9vz87bx3sjmq00000gn/T//ccBcYDbM.ltrans1.ltrans.o
 .text._ZL9FormatIntP7Contextm
                0x08012a12       0xbc /var/folders/h9/chptfhc14rj9vz87bx3sjmq00000gn/T//ccBcYDbM.ltrans1.ltrans.o
 .text._ZN5uart04PutsEPKc
                0x08012ace       0x1a /var/folders/h9/chptfhc14rj9vz87bx3sjmq00000gn/T//ccBcYDbM.ltrans1.ltrans.o
                0x08012ace                uart0::Puts(char const*)
 .text.dma_deinit
                0x08012ae8       0x46 /var/folders/h9/chptfhc14rj9vz87bx3sjmq00000gn/T//ccBcYDbM.ltrans1.ltrans.o
                0x08012ae8                dma_deinit
 .text.dma_single_data_mode_init.constprop.0
                0x08012b2e       0x7e /var/folders/h9/chptfhc14rj9vz87bx3sjmq00000gn/T//ccBcYDbM.ltrans1.ltrans.o
                0x08012b2e                dma_single_data_mode_init.constprop.0
 .text.fwdgt_config.constprop.0
                0x08012bac       0x5c /var/folders/h9/chptfhc14rj9vz87bx3sjmq00000gn/T//ccBcYDbM.ltrans1.ltrans.o
                0x08012bac                fwdgt_config.constprop.0
 .text.gpio_mode_set
                0x08012c08       0x44 /var/folders/h9/chptfhc14rj9vz87bx3sjmq00000gn/T//ccBcYDbM.ltrans1.ltrans.o
                0x08012c08                gpio_mode_set
 .text.gpio_output_options_set
                0x08012c4c       0x42 /var/folders/h9/chptfhc14rj9vz87bx3sjmq00000gn/T//ccBcYDbM.ltrans1.ltrans.o
                0x08012c4c                gpio_output_options_set
 .text.gpio_af_set
                0x08012c8e       0x72 /var/folders/h9/chptfhc14rj9vz87bx3sjmq00000gn/T//ccBcYDbM.ltrans1.ltrans.o
                0x08012c8e                gpio_af_set
 .text.rcu_periph_clock_enable
                0x08012d00       0x1a /var/folders/h9/chptfhc14rj9vz87bx3sjmq00000gn/T//ccBcYDbM.ltrans1.ltrans.o
                0x08012d00                rcu_periph_clock_enable
                0x08012d00                rcu_periph_reset_enable
                0x08012d00                rcu_osci_on
 .text.rcu_periph_reset_disable
                0x08012d1a       0x1c /var/folders/h9/chptfhc14rj9vz87bx3sjmq00000gn/T//ccBcYDbM.ltrans1.ltrans.o
                0x08012d1a                rcu_periph_reset_disable
 *fill*         0x08012d36        0x2 
 .text._Z12Gd32SpiBeginv
                0x08012d38       0xa4 /var/folders/h9/chptfhc14rj9vz87bx3sjmq00000gn/T//ccBcYDbM.ltrans1.ltrans.o
                0x08012d38                Gd32SpiBegin()
 .text.rcu_clock_freq_get
                0x08012ddc       0xd8 /var/folders/h9/chptfhc14rj9vz87bx3sjmq00000gn/T//ccBcYDbM.ltrans1.ltrans.o
                0x08012ddc                rcu_clock_freq_get
 .text._ZN4gd329UartBeginEmmmmm.constprop.0
                0x08012eb4      0x1c4 /var/folders/h9/chptfhc14rj9vz87bx3sjmq00000gn/T//ccBcYDbM.ltrans1.ltrans.o
                0x08012eb4                gd32::UartBegin(unsigned long, unsigned long, unsigned long, unsigned long, unsigned long) [clone .constprop.0]
 .text._ZN5uart04InitEv
                0x08013078       0x10 /var/folders/h9/chptfhc14rj9vz87bx3sjmq00000gn/T//ccBcYDbM.ltrans1.ltrans.o
                0x08013078                uart0::Init()
 .text._ZN4gd3215UartSetBaudrateEmm.constprop.0
                0x08013088       0x60 /var/folders/h9/chptfhc14rj9vz87bx3sjmq00000gn/T//ccBcYDbM.ltrans1.ltrans.o
                0x08013088                gd32::UartSetBaudrate(unsigned long, unsigned long) [clone .constprop.0]
 .text.i2c_clock_config.constprop.0
                0x080130e8       0xcc /var/folders/h9/chptfhc14rj9vz87bx3sjmq00000gn/T//ccBcYDbM.ltrans1.ltrans.o
                0x080130e8                i2c_clock_config.constprop.0
 .text._Z18Gd32I2cIsConnectedhm
                0x080131b4       0x40 /var/folders/h9/chptfhc14rj9vz87bx3sjmq00000gn/T//ccBcYDbM.ltrans1.ltrans.o
                0x080131b4                Gd32I2cIsConnected(unsigned char, unsigned long)
 .text._ZNK3I2c5SetupEv
                0x080131f4       0x14 /var/folders/h9/chptfhc14rj9vz87bx3sjmq00000gn/T//ccBcYDbM.ltrans1.ltrans.o
 .text._ZN3I2c5WriteEPKcm
                0x08013208       0x16 /var/folders/h9/chptfhc14rj9vz87bx3sjmq00000gn/T//ccBcYDbM.ltrans1.ltrans.o
 *fill*         0x0801321e        0x2 
 .text._ZN7Ssd13067PutCharEi
                0x08013220       0x34 /var/folders/h9/chptfhc14rj9vz87bx3sjmq00000gn/T//ccBcYDbM.ltrans1.ltrans.o
                0x08013220                Ssd1306::PutChar(int)
 .text._ZN7Ssd13069PutStringEPKc
                0x08013254       0x32 /var/folders/h9/chptfhc14rj9vz87bx3sjmq00000gn/T//ccBcYDbM.ltrans1.ltrans.o
                0x08013254                Ssd1306::PutString(char const*)
 *fill*         0x08013286        0x2 
 .text._ZN7Ssd13119PutStringEPKc
                0x08013288       0x4c /var/folders/h9/chptfhc14rj9vz87bx3sjmq00000gn/T//ccBcYDbM.ltrans1.ltrans.o
                0x08013288                Ssd1311::PutString(char const*)
 .text._ZN7Ssd131111SendCommandEh
                0x080132d4       0x1e /var/folders/h9/chptfhc14rj9vz87bx3sjmq00000gn/T//ccBcYDbM.ltrans1.ltrans.o
 .text._ZN7Ssd13113ClsEv
                0x080132f2        0x6 /var/folders/h9/chptfhc14rj9vz87bx3sjmq00000gn/T//ccBcYDbM.ltrans1.ltrans.o
                0x080132f2                Ssd1311::Cls()
 .text._ZN7Ssd131112SetCursorPosEmm
                0x080132f8       0x18 /var/folders/h9/chptfhc14rj9vz87bx3sjmq00000gn/T//ccBcYDbM.ltrans1.ltrans.o
                0x080132f8                Ssd1311::SetCursorPos(unsigned long, unsigned long)
 .text._ZN7Ssd13119ClearLineEm
                0x08013310       0x34 /var/folders/h9/chptfhc14rj9vz87bx3sjmq00000gn/T//ccBcYDbM.ltrans1.ltrans.o
                0x08013310                Ssd1311::ClearLine(unsigned long)
 .text._ZN7Ssd13118TextLineEmPKcm
                0x08013344       0x60 /var/folders/h9/chptfhc14rj9vz87bx3sjmq00000gn/T//ccBcYDbM.ltrans1.ltrans.o
                0x08013344                Ssd1311::TextLine(unsigned long, char const*, unsigned long)
 .text._ZN7Ssd13118SetSleepEb
                0x080133a4       0x14 /var/folders/h9/chptfhc14rj9vz87bx3sjmq00000gn/T//ccBcYDbM.ltrans1.ltrans.o
                0x080133a4                Ssd1311::SetSleep(bool)
 .text._ZN7Ssd131111SetContrastEh
                0x080133b8       0x48 /var/folders/h9/chptfhc14rj9vz87bx3sjmq00000gn/T//ccBcYDbM.ltrans1.ltrans.o
                0x080133b8                Ssd1311::SetContrast(unsigned char)
 .text._ZN7Ssd13119SetCursorEm
                0x08013400       0x28 /var/folders/h9/chptfhc14rj9vz87bx3sjmq00000gn/T//ccBcYDbM.ltrans1.ltrans.o
                0x08013400                Ssd1311::SetCursor(unsigned long)
 .text._ZN7Ssd130611SendCommandEh
                0x08013428       0x1e /var/folders/h9/chptfhc14rj9vz87bx3sjmq00000gn/T//ccBcYDbM.ltrans1.ltrans.o
 *fill*         0x08013446        0x2 
 .text._ZN7Ssd13063ClsEv
                0x08013448       0x74 /var/folders/h9/chptfhc14rj9vz87bx3sjmq00000gn/T//ccBcYDbM.ltrans1.ltrans.o
                0x08013448                Ssd1306::Cls()
 .text._ZN7Ssd13065StartEv
                0x080134bc      0x10c /var/folders/h9/chptfhc14rj9vz87bx3sjmq00000gn/T//ccBcYDbM.ltrans1.ltrans.o
                0x080134bc                Ssd1306::Start()
 .text._ZN7Ssd13068SetSleepEb
                0x080135c8        0xc /var/folders/h9/chptfhc14rj9vz87bx3sjmq00000gn/T//ccBcYDbM.ltrans1.ltrans.o
                0x080135c8                Ssd1306::SetSleep(bool)
 .text._ZN7Ssd130611SetContrastEh
                0x080135d4       0x18 /var/folders/h9/chptfhc14rj9vz87bx3sjmq00000gn/T//ccBcYDbM.ltrans1.ltrans.o
                0x080135d4                Ssd1306::SetContrast(unsigned char)
 .text._ZN7Ssd130617SetFlipVerticallyEb
                0x080135ec       0x22 /var/folders/h9/chptfhc14rj9vz87bx3sjmq00000gn/T//ccBcYDbM.ltrans1.ltrans.o
                0x080135ec                Ssd1306::SetFlipVertically(bool)
 .text._ZN7Ssd130612SetColumnRowEhh
                0x0801360e       0x36 /var/folders/h9/chptfhc14rj9vz87bx3sjmq00000gn/T//ccBcYDbM.ltrans1.ltrans.o
 .text._ZN7Ssd130611SetCursorOnEv
                0x08013644       0x74 /var/folders/h9/chptfhc14rj9vz87bx3sjmq00000gn/T//ccBcYDbM.ltrans1.ltrans.o
 .text._ZN7Ssd130616SetCursorBlinkOnEv
                0x080136b8       0x70 /var/folders/h9/chptfhc14rj9vz87bx3sjmq00000gn/T//ccBcYDbM.ltrans1.ltrans.o
 .text._ZN7Ssd130612SetCursorOffEv
                0x08013728       0x44 /var/folders/h9/chptfhc14rj9vz87bx3sjmq00000gn/T//ccBcYDbM.ltrans1.ltrans.o
 .text._ZN7Ssd130612SetCursorPosEmm
                0x0801376c       0x84 /var/folders/h9/chptfhc14rj9vz87bx3sjmq00000gn/T//ccBcYDbM.ltrans1.ltrans.o
                0x0801376c                Ssd1306::SetCursorPos(unsigned long, unsigned long)
 .text._ZN7Ssd13069ClearLineEm
                0x080137f0       0x44 /var/folders/h9/chptfhc14rj9vz87bx3sjmq00000gn/T//ccBcYDbM.ltrans1.ltrans.o
                0x080137f0                Ssd1306::ClearLine(unsigned long)
 .text._ZN7Ssd13068TextLineEmPKcm
                0x08013834       0x4e /var/folders/h9/chptfhc14rj9vz87bx3sjmq00000gn/T//ccBcYDbM.ltrans1.ltrans.o
                0x08013834                Ssd1306::TextLine(unsigned long, char const*, unsigned long)
 .text._ZN7Ssd13069SetCursorEm
                0x08013882       0x20 /var/folders/h9/chptfhc14rj9vz87bx3sjmq00000gn/T//ccBcYDbM.ltrans1.ltrans.o
                0x08013882                Ssd1306::SetCursor(unsigned long)
 *fill*         0x080138a2        0x2 
 .text._ZN7Ssd13115StartEv
                0x080138a4      0x13c /var/folders/h9/chptfhc14rj9vz87bx3sjmq00000gn/T//ccBcYDbM.ltrans1.ltrans.o
                0x080138a4                Ssd1311::Start()
 .text._ZN7Ssd13117PutCharEi
                0x080139e0       0x22 /var/folders/h9/chptfhc14rj9vz87bx3sjmq00000gn/T//ccBcYDbM.ltrans1.ltrans.o
                0x080139e0                Ssd1311::PutChar(int)
 *fill*         0x08013a02        0x2 
 .text._Z12Gd32I2cBeginv
                0x08013a04       0x84 /var/folders/h9/chptfhc14rj9vz87bx3sjmq00000gn/T//ccBcYDbM.ltrans1.ltrans.o
                0x08013a04                Gd32I2cBegin()
 .text.rtc_register_sync_wait
                0x08013a88       0x54 /var/folders/h9/chptfhc14rj9vz87bx3sjmq00000gn/T//ccBcYDbM.ltrans1.ltrans.o
                0x08013a88                rtc_register_sync_wait
 .text.rtc_init.constprop.0
                0x08013adc       0xfc /var/folders/h9/chptfhc14rj9vz87bx3sjmq00000gn/T//ccBcYDbM.ltrans1.ltrans.o
                0x08013adc                rtc_init.constprop.0
 .text._ZN7HwClock6RtcSetEPK2tm.isra.0
                0x08013bd8       0x80 /var/folders/h9/chptfhc14rj9vz87bx3sjmq00000gn/T//ccBcYDbM.ltrans1.ltrans.o
                0x08013bd8                HwClock::RtcSet(tm const*) [clone .isra.0]
 .text.timer_init
                0x08013c58       0x68 /var/folders/h9/chptfhc14rj9vz87bx3sjmq00000gn/T//ccBcYDbM.ltrans1.ltrans.o
                0x08013c58                timer_init
 .text.__libc_init_array
                0x08013cc0       0x44 /var/folders/h9/chptfhc14rj9vz87bx3sjmq00000gn/T//ccBcYDbM.ltrans1.ltrans.o
                0x08013cc0                __libc_init_array
 .text._ZL7VprintfiPKcSt9__va_list.lto_priv.0
                0x08013d04      0x380 /var/folders/h9/chptfhc14rj9vz87bx3sjmq00000gn/T//ccBcYDbM.ltrans1.ltrans.o
                0x08013d04                Vprintf(int, char const*, std::__va_list) [clone .lto_priv.0]
 .text._ZN5uart06PrintfEPKcz
                0x08014084       0x48 /var/folders/h9/chptfhc14rj9vz87bx3sjmq00000gn/T//ccBcYDbM.ltrans1.ltrans.o
                0x08014084                uart0::Printf(char const*, ...)
 .text.printf   0x080140cc       0x1e /var/folders/h9/chptfhc14rj9vz87bx3sjmq00000gn/T//ccBcYDbM.ltrans1.ltrans.o
                0x080140cc                printf
 *fill*         0x080140ea        0x2 
 .text._ZN7network3tcp4SendEmPKhm.isra.0
                0x080140ec      0x1b0 /var/folders/h9/chptfhc14rj9vz87bx3sjmq00000gn/T//ccBcYDbM.ltrans1.ltrans.o
                0x080140ec                network::tcp::Send(unsigned long, unsigned char const*, unsigned long) [clone .isra.0]
 .text._ZN7network3udp5BeginEtPFvPKhmmtE
                0x0801429c       0x68 /var/folders/h9/chptfhc14rj9vz87bx3sjmq00000gn/T//ccBcYDbM.ltrans1.ltrans.o
                0x0801429c                network::udp::Begin(unsigned short, void (*)(unsigned char const*, unsigned long, unsigned long, unsigned short))
 .text._ZN7network3udp3EndEt.isra.0
                0x08014304       0x5c /var/folders/h9/chptfhc14rj9vz87bx3sjmq00000gn/T//ccBcYDbM.ltrans1.ltrans.o
                0x08014304                network::udp::End(unsigned short) [clone .isra.0]
 .text._ZN7network3udp17SendWithTimestampElPKhmmt.constprop.0
                0x08014360      0x340 /var/folders/h9/chptfhc14rj9vz87bx3sjmq00000gn/T//ccBcYDbM.ltrans1.ltrans.o
                0x08014360                network::udp::SendWithTimestamp(long, unsigned char const*, unsigned long, unsigned long, unsigned short) [clone .constprop.0]
 .text._ZN7network3arpL18SendImplementationILNS0_7EthSendE0EEEvPvmm.lto_priv.0
                0x080146a0      0x228 /var/folders/h9/chptfhc14rj9vz87bx3sjmq00000gn/T//ccBcYDbM.ltrans1.ltrans.o
                0x080146a0                void network::arp::SendImplementation<(network::arp::EthSend)0>(void*, unsigned long, unsigned long) [clone .lto_priv.0]
 .text._ZN7network3udp4SendElPKhmmt
                0x080148c8      0x148 /var/folders/h9/chptfhc14rj9vz87bx3sjmq00000gn/T//ccBcYDbM.ltrans1.ltrans.o
                0x080148c8                network::udp::Send(long, unsigned char const*, unsigned long, unsigned long, unsigned short)
 .text._ZN7network4dhcp12_GLOBAL__N_1L11SendRequestEv
                0x08014a10       0xd0 /var/folders/h9/chptfhc14rj9vz87bx3sjmq00000gn/T//ccBcYDbM.ltrans1.ltrans.o
 .text._ZN7network4dhcpL6RebootEv
                0x08014ae0       0x50 /var/folders/h9/chptfhc14rj9vz87bx3sjmq00000gn/T//ccBcYDbM.ltrans1.ltrans.o
 .text._ZN7network4dhcpL6SelectEv
                0x08014b30       0x4c /var/folders/h9/chptfhc14rj9vz87bx3sjmq00000gn/T//ccBcYDbM.ltrans1.ltrans.o
 .text._ZN7network4dhcpL8DiscoverEv
                0x08014b7c       0xac /var/folders/h9/chptfhc14rj9vz87bx3sjmq00000gn/T//ccBcYDbM.ltrans1.ltrans.o
 .text._ZN7network4dhcp5InputEPKhmmt
                0x08014c28      0x16c /var/folders/h9/chptfhc14rj9vz87bx3sjmq00000gn/T//ccBcYDbM.ltrans1.ltrans.o
 .text._ZN7network4apps4mdns12_GLOBAL__N_1L4SendEm
                0x08014d94       0x44 /var/folders/h9/chptfhc14rj9vz87bx3sjmq00000gn/T//ccBcYDbM.ltrans1.ltrans.o
 .text._ZN7network4apps4mdns12_GLOBAL__N_1L24SendAnswerLocalIpAddressEtm
                0x08014dd8       0xc8 /var/folders/h9/chptfhc14rj9vz87bx3sjmq00000gn/T//ccBcYDbM.ltrans1.ltrans.o
 .text._ZN7network4apps4mdns12_GLOBAL__N_1L11SendMessageERKNS1_13ServiceRecordEtm
                0x08014ea0       0xa8 /var/folders/h9/chptfhc14rj9vz87bx3sjmq00000gn/T//ccBcYDbM.ltrans1.ltrans.o
 .text._ZN7network4apps4mdns12_GLOBAL__N_1L15HandleQuestionsEm
                0x08014f48      0x250 /var/folders/h9/chptfhc14rj9vz87bx3sjmq00000gn/T//ccBcYDbM.ltrans1.ltrans.o
 .text._ZN7network4apps4mdns12_GLOBAL__N_1L5InputEPKhmmt.lto_priv.0
                0x08015198       0x3c /var/folders/h9/chptfhc14rj9vz87bx3sjmq00000gn/T//ccBcYDbM.ltrans1.ltrans.o
                0x08015198                network::apps::mdns::(anonymous namespace)::Input(unsigned char const*, unsigned long, unsigned long, unsigned short) [clone .lto_priv.0]
 .text._ZN7network4apps4mdns16SendAnnouncementEm
                0x080151d4       0x58 /var/folders/h9/chptfhc14rj9vz87bx3sjmq00000gn/T//ccBcYDbM.ltrans1.ltrans.o
 .text._ZN7network5iface11SetHostnameEPKc
                0x0801522c      0x108 /var/folders/h9/chptfhc14rj9vz87bx3sjmq00000gn/T//ccBcYDbM.ltrans1.ltrans.o
                0x0801522c                network::iface::SetHostname(char const*)
 .text._ZN6common5print5ErrorEPKcS2_
                0x08015334       0x24 /var/folders/h9/chptfhc14rj9vz87bx3sjmq00000gn/T//ccBcYDbM.ltrans1.ltrans.o
                0x08015334                common::print::Error(char const*, char const*)
 .text._ZN7networkL25PrimaryIpConflictCallbackENS_3acd8CallbackE.lto_priv.0
                0x08015358       0xd8 /var/folders/h9/chptfhc14rj9vz87bx3sjmq00000gn/T//ccBcYDbM.ltrans1.ltrans.o
                0x08015358                network::PrimaryIpConflictCallback(network::acd::Callback) [clone .lto_priv.0]
 .text._ZN7network4igmpL5LeaveEm
                0x08015430      0x110 /var/folders/h9/chptfhc14rj9vz87bx3sjmq00000gn/T//ccBcYDbM.ltrans1.ltrans.o
 .text._ZN7network4igmp10LeaveGroupElm.isra.0
                0x08015540        0x4 /var/folders/h9/chptfhc14rj9vz87bx3sjmq00000gn/T//ccBcYDbM.ltrans1.ltrans.o
                0x08015540                network::igmp::LeaveGroup(long, unsigned long) [clone .isra.0]
 .text._ZN7network4igmp9JoinGroupElm.isra.0
                0x08015544       0xa0 /var/folders/h9/chptfhc14rj9vz87bx3sjmq00000gn/T//ccBcYDbM.ltrans1.ltrans.o
                0x08015544                network::igmp::JoinGroup(long, unsigned long) [clone .isra.0]
 .text._ZN7network4apps4mdns5StartEv
                0x080155e4       0x68 /var/folders/h9/chptfhc14rj9vz87bx3sjmq00000gn/T//ccBcYDbM.ltrans1.ltrans.o
 .text._ZN7network4apps4mdns16ServiceRecordAddEPKcNS1_8ServicesES3_t.constprop.0.isra.0
                0x0801564c       0xa4 /var/folders/h9/chptfhc14rj9vz87bx3sjmq00000gn/T//ccBcYDbM.ltrans1.ltrans.o
                0x0801564c                network::apps::mdns::ServiceRecordAdd(char const*, network::apps::mdns::Services, char const*, unsigned short) [clone .constprop.0] [clone .isra.0]
 .text._ZN7networkL16NetifExtCallbackEtPKN5netif25netif_ext_callback_args_tE.lto_priv.0
                0x080156f0       0xec /var/folders/h9/chptfhc14rj9vz87bx3sjmq00000gn/T//ccBcYDbM.ltrans1.ltrans.o
                0x080156f0                network::NetifExtCallback(unsigned short, netif::netif_ext_callback_args_t const*) [clone .lto_priv.0]
 .text._ZN4emac10AdjustLinkENS_3phy6StatusE.isra.0
                0x080157dc      0x26c /var/folders/h9/chptfhc14rj9vz87bx3sjmq00000gn/T//ccBcYDbM.ltrans1.ltrans.o
                0x080157dc                emac::AdjustLink(emac::phy::Status) [clone .isra.0]
 .text._ZN7Ssd13069PrintInfoEv
                0x08015a48       0x28 /var/folders/h9/chptfhc14rj9vz87bx3sjmq00000gn/T//ccBcYDbM.ltrans1.ltrans.o
                0x08015a48                Ssd1306::PrintInfo()
 .text._ZN7Ssd13119PrintInfoEv
                0x08015a70       0x10 /var/folders/h9/chptfhc14rj9vz87bx3sjmq00000gn/T//ccBcYDbM.ltrans1.ltrans.o
                0x08015a70                Ssd1311::PrintInfo()
 .text._Z16SoftwareTimerAddmPFvlE
                0x08015a80       0x78 /var/folders/h9/chptfhc14rj9vz87bx3sjmq00000gn/T//ccBcYDbM.ltrans1.ltrans.o
                0x08015a80                SoftwareTimerAdd(unsigned long, void (*)(long))
 .text._ZN7network3acd5StartEPNS0_3AcdENS_7ip_addrE
                0x08015af8       0x30 /var/folders/h9/chptfhc14rj9vz87bx3sjmq00000gn/T//ccBcYDbM.ltrans1.ltrans.o
                0x08015af8                network::acd::Start(network::acd::Acd*, network::ip_addr)
 .text.EXTI0_IRQHandler
                0x08015b28       0xd0 /var/folders/h9/chptfhc14rj9vz87bx3sjmq00000gn/T//ccBcYDbM.ltrans1.ltrans.o
                0x08015b28                EXTI0_IRQHandler
 .text._Z19SoftwareTimerDeleteRl.isra.0
                0x08015bf8      0x138 /var/folders/h9/chptfhc14rj9vz87bx3sjmq00000gn/T//ccBcYDbM.ltrans1.ltrans.o
                0x08015bf8                SoftwareTimerDelete(long&) [clone .isra.0]
 .text._ZN7network3acd4StopEPNS0_3AcdE
                0x08015d30       0x20 /var/folders/h9/chptfhc14rj9vz87bx3sjmq00000gn/T//ccBcYDbM.ltrans1.ltrans.o
                0x08015d30                network::acd::Stop(network::acd::Acd*)
 .text._ZN7network3acdL5TimerEl
                0x08015d50       0xc0 /var/folders/h9/chptfhc14rj9vz87bx3sjmq00000gn/T//ccBcYDbM.ltrans1.ltrans.o
 .text._ZN7network3acdL7RestartEPNS0_3AcdE
                0x08015e10       0x32 /var/folders/h9/chptfhc14rj9vz87bx3sjmq00000gn/T//ccBcYDbM.ltrans1.ltrans.o
 *fill*         0x08015e42        0x2 
 .text._ZN7network5iface13EthernetInputEPKhm.isra.0
                0x08015e44       0xc8 /var/folders/h9/chptfhc14rj9vz87bx3sjmq00000gn/T//ccBcYDbM.ltrans1.ltrans.o
                0x08015e44                network::iface::EthernetInput(unsigned char const*, unsigned long) [clone .isra.0]
 .text._ZL10SleepTimerl.lto_priv.0
                0x08015f0c       0x20 /var/folders/h9/chptfhc14rj9vz87bx3sjmq00000gn/T//ccBcYDbM.ltrans1.ltrans.o
                0x08015f0c                SleepTimer(long) [clone .lto_priv.0]
 .text._Z19SoftwareTimerChangelm.isra.0
                0x08015f2c      0x10c /var/folders/h9/chptfhc14rj9vz87bx3sjmq00000gn/T//ccBcYDbM.ltrans1.ltrans.o
                0x08015f2c                SoftwareTimerChange(long, unsigned long) [clone .isra.0]
 .text._ZN5board9statusled12SetFrequencyEm
                0x08016038       0xd4 /var/folders/h9/chptfhc14rj9vz87bx3sjmq00000gn/T//ccBcYDbM.ltrans1.ltrans.o
                0x08016038                board::statusled::SetFrequency(unsigned long)
 .text._ZN5board9statusled7SetModeENS0_4ModeE
                0x0801610c       0x84 /var/folders/h9/chptfhc14rj9vz87bx3sjmq00000gn/T//ccBcYDbM.ltrans1.ltrans.o
                0x0801610c                board::statusled::SetMode(board::statusled::Mode)
 .text._ZN7HwClock5PrintEv.isra.0
                0x08016190       0x5c /var/folders/h9/chptfhc14rj9vz87bx3sjmq00000gn/T//ccBcYDbM.ltrans1.ltrans.o
                0x08016190                HwClock::Print() [clone .isra.0]
 .text.__assert_func
                0x080161ec       0x20 /var/folders/h9/chptfhc14rj9vz87bx3sjmq00000gn/T//ccBcYDbM.ltrans1.ltrans.o
                0x080161ec                __assert_func
 .text.snprintf
                0x0801620c       0x38 /var/folders/h9/chptfhc14rj9vz87bx3sjmq00000gn/T//ccBcYDbM.ltrans1.ltrans.o
                0x0801620c                snprintf
 .text._ZN3net8FormatIpEmRA16_c
                0x08016244       0x2c /var/folders/h9/chptfhc14rj9vz87bx3sjmq00000gn/T//ccBcYDbM.ltrans1.ltrans.o
 .text._ZN4json6config10GetNetworkEPcm
                0x08016270      0x134 /var/folders/h9/chptfhc14rj9vz87bx3sjmq00000gn/T//ccBcYDbM.ltrans1.ltrans.o
                0x08016270                json::config::GetNetwork(char*, unsigned long)
 .text._ZN4json6status4emac3PhyEPcm
                0x080163a4       0x9c /var/folders/h9/chptfhc14rj9vz87bx3sjmq00000gn/T//ccBcYDbM.ltrans1.ltrans.o
                0x080163a4                json::status::emac::Phy(char*, unsigned long)
 .text.asctime  0x08016440       0x60 /var/folders/h9/chptfhc14rj9vz87bx3sjmq00000gn/T//ccBcYDbM.ltrans1.ltrans.o
                0x08016440                asctime
 .text.strtok   0x080164a0       0x54 /var/folders/h9/chptfhc14rj9vz87bx3sjmq00000gn/T//ccBcYDbM.ltrans1.ltrans.o
                0x080164a0                strtok
 .text.gmtime   0x080164f4       0x84 /var/folders/h9/chptfhc14rj9vz87bx3sjmq00000gn/T//ccBcYDbM.ltrans1.ltrans.o
                0x080164f4                gmtime
 .text.mktime   0x08016578       0x86 /var/folders/h9/chptfhc14rj9vz87bx3sjmq00000gn/T//ccBcYDbM.ltrans1.ltrans.o
                0x08016578                mktime
 *fill*         0x080165fe        0x2 
 .text.gettimeofday.constprop.0
                0x08016600       0x3c /var/folders/h9/chptfhc14rj9vz87bx3sjmq00000gn/T//ccBcYDbM.ltrans1.ltrans.o
                0x08016600                gettimeofday.constprop.0
 .text._ZN7HwClock7SysToHcEv.part.0.isra.0
                0x0801663c       0x4c /var/folders/h9/chptfhc14rj9vz87bx3sjmq00000gn/T//ccBcYDbM.ltrans1.ltrans.o
                0x0801663c                HwClock::SysToHc() [clone .part.0] [clone .isra.0]
 .text.settimeofday.constprop.0.isra.0
                0x08016688       0x68 /var/folders/h9/chptfhc14rj9vz87bx3sjmq00000gn/T//ccBcYDbM.ltrans1.ltrans.o
                0x08016688                settimeofday.constprop.0.isra.0
 .text._ZN7HwClock7HcToSysEv.part.0
                0x080166f0       0xa4 /var/folders/h9/chptfhc14rj9vz87bx3sjmq00000gn/T//ccBcYDbM.ltrans1.ltrans.o
                0x080166f0                HwClock::HcToSys() [clone .part.0]
 .text.malloc   0x08016794       0x78 /var/folders/h9/chptfhc14rj9vz87bx3sjmq00000gn/T//ccBcYDbM.ltrans1.ltrans.o
                0x08016794                malloc
 .text._ZN7network4dhcp5StartEv.isra.0
                0x0801680c       0x78 /var/folders/h9/chptfhc14rj9vz87bx3sjmq00000gn/T//ccBcYDbM.ltrans1.ltrans.o
                0x0801680c                network::dhcp::Start() [clone .isra.0]
 .text.free     0x08016884       0x34 /var/folders/h9/chptfhc14rj9vz87bx3sjmq00000gn/T//ccBcYDbM.ltrans1.ltrans.o
                0x08016884                free
 .text._ZN7Ssd1311D0Ev
                0x080168b8        0xc /var/folders/h9/chptfhc14rj9vz87bx3sjmq00000gn/T//ccBcYDbM.ltrans1.ltrans.o
                0x080168b8                Ssd1311::~Ssd1311()
 .text._ZN7network4dhcp14ReleaseAndStopEv
                0x080168c4       0xa4 /var/folders/h9/chptfhc14rj9vz87bx3sjmq00000gn/T//ccBcYDbM.ltrans1.ltrans.o
 .text._ZN7network4dhcpL7FineTmrEl
                0x08016968       0x8c /var/folders/h9/chptfhc14rj9vz87bx3sjmq00000gn/T//ccBcYDbM.ltrans1.ltrans.o
 .text._ZN4json6config10SetNetworkEPKcm
                0x080169f4      0x110 /var/folders/h9/chptfhc14rj9vz87bx3sjmq00000gn/T//ccBcYDbM.ltrans1.ltrans.o
                0x080169f4                json::config::SetNetwork(char const*, unsigned long)
 .text._ZN7Ssd1306D2Ev.lto_priv.0
                0x08016b04       0x10 /var/folders/h9/chptfhc14rj9vz87bx3sjmq00000gn/T//ccBcYDbM.ltrans1.ltrans.o
                0x08016b04                Ssd1306::~Ssd1306() [clone .lto_priv.0]
                0x08016b04                Ssd1306::~Ssd1306() [clone .lto_priv.0]
 .text._ZN7Ssd1306D0Ev
                0x08016b14       0x12 /var/folders/h9/chptfhc14rj9vz87bx3sjmq00000gn/T//ccBcYDbM.ltrans1.ltrans.o
                0x08016b14                Ssd1306::~Ssd1306()
 *fill*         0x08016b26        0x2 
 .text._ZN5board6RebootEv.isra.0
                0x08016b28       0x88 /var/folders/h9/chptfhc14rj9vz87bx3sjmq00000gn/T//ccBcYDbM.ltrans1.ltrans.o
                0x08016b28                board::Reboot() [clone .isra.0]
 .text.startup._sub_I_65535_0.0
                0x08016bb0      0x178 /var/folders/h9/chptfhc14rj9vz87bx3sjmq00000gn/T//ccBcYDbM.ltrans1.ltrans.o
 .text.exit._sub_D_65535_1.1
                0x08016d28       0x18 /var/folders/h9/chptfhc14rj9vz87bx3sjmq00000gn/T//ccBcYDbM.ltrans1.ltrans.o
 .text.isdigit  0x08016d40       0x10 /Users/arjanvanvught/Library/xPacks/@xpack-dev-tools/arm-none-eabi-gcc/15.2.1-1.1.1/.content/bin/../lib/gcc/arm-none-eabi/15.2.1/../../../../arm-none-eabi/lib/thumb/v7e-m+fp/hard/libc_nano.a(libc_a-isdigit.o)
                0x08016d40                isdigit
 .text.isprint  0x08016d50       0x10 /Users/arjanvanvught/Library/xPacks/@xpack-dev-tools/arm-none-eabi-gcc/15.2.1-1.1.1/.content/bin/../lib/gcc/arm-none-eabi/15.2.1/../../../../arm-none-eabi/lib/thumb/v7e-m+fp/hard/libc_nano.a(libc_a-isprint.o)
                0x08016d50                isprint
 .text.isspace  0x08016d60       0x10 /Users/arjanvanvught/Library/xPacks/@xpack-dev-tools/arm-none-eabi-gcc/15.2.1-1.1.1/.content/bin/../lib/gcc/arm-none-eabi/15.2.1/../../../../arm-none-eabi/lib/thumb/v7e-m+fp/hard/libc_nano.a(libc_a-isspace.o)
                0x08016d60                isspace
 .text.memcmp   0x08016d70       0x20 /Users/arjanvanvught/Library/xPacks/@xpack-dev-tools/arm-none-eabi-gcc/15.2.1-1.1.1/.content/bin/../lib/gcc/arm-none-eabi/15.2.1/../../../../arm-none-eabi/lib/thumb/v7e-m+fp/hard/libc_nano.a(libc_a-memcmp.o)
                0x08016d70                memcmp
 .text.memset   0x08016d90       0x10 /Users/arjanvanvught/Library/xPacks/@xpack-dev-tools/arm-none-eabi-gcc/15.2.1-1.1.1/.content/bin/../lib/gcc/arm-none-eabi/15.2.1/../../../../arm-none-eabi/lib/thumb/v7e-m+fp/hard/libc_nano.a(libc_a-memset.o)
                0x08016d90                memset
 .text.strcasecmp
                0x08016da0       0x3c /Users/arjanvanvught/Library/xPacks/@xpack-dev-tools/arm-none-eabi-gcc/15.2.1-1.1.1/.content/bin/../lib/gcc/arm-none-eabi/15.2.1/../../../../arm-none-eabi/lib/thumb/v7e-m+fp/hard/libc_nano.a(libc_a-strcasecmp.o)
                0x08016da0                strcasecmp
 .text.strncasecmp
                0x08016ddc       0x40 /Users/arjanvanvught/Library/xPacks/@xpack-dev-tools/arm-none-eabi-gcc/15.2.1-1.1.1/.content/bin/../lib/gcc/arm-none-eabi/15.2.1/../../../../arm-none-eabi/lib/thumb/v7e-m+fp/hard/libc_nano.a(libc_a-strncasecmp.o)
                0x08016ddc                strncasecmp
 .text.strncmp  0x08016e1c       0x24 /Users/arjanvanvught/Library/xPacks/@xpack-dev-tools/arm-none-eabi-gcc/15.2.1-1.1.1/.content/bin/../lib/gcc/arm-none-eabi/15.2.1/../../../../arm-none-eabi/lib/thumb/v7e-m+fp/hard/libc_nano.a(libc_a-strncmp.o)
                0x08016e1c                strncmp
 .text.strncpy  0x08016e40       0x26 /Users/arjanvanvught/Library/xPacks/@xpack-dev-tools/arm-none-eabi-gcc/15.2.1-1.1.1/.content/bin/../lib/gcc/arm-none-eabi/15.2.1/../../../../arm-none-eabi/lib/thumb/v7e-m+fp/hard/libc_nano.a(libc_a-strncpy.o)
                0x08016e40                strncpy
 .text.memcpy   0x08016e66       0x1c /Users/arjanvanvught/Library/xPacks/@xpack-dev-tools/arm-none-eabi-gcc/15.2.1-1.1.1/.content/bin/../lib/gcc/arm-none-eabi/15.2.1/../../../../arm-none-eabi/lib/thumb/v7e-m+fp/hard/libc_nano.a(libc_a-memcpy-stub.o)
                0x08016e66                memcpy
 *fill*         0x08016e82        0x2 
 .text.__popcountsi2
                0x08016e84       0x28 /Users/arjanvanvught/Library/xPacks/@xpack-dev-tools/arm-none-eabi-gcc/15.2.1-1.1.1/.content/bin/../lib/gcc/arm-none-eabi/15.2.1/thumb/v7e-m+fp/hard/libgcc.a(_popcountsi2.o)
                0x08016e84                __popcountsi2
 .text.__udivmoddi4
                0x08016eac      0x320 /Users/arjanvanvught/Library/xPacks/@xpack-dev-tools/arm-none-eabi-gcc/15.2.1-1.1.1/.content/bin/../lib/gcc/arm-none-eabi/15.2.1/thumb/v7e-m+fp/hard/libgcc.a(_udivmoddi4.o)
                0x08016eac                __udivmoddi4
 *(.glue_7)
 .glue_7        0x080171cc        0x0 linker stubs
 *(.glue_7t)
 .glue_7t       0x080171cc        0x0 linker stubs
 *(.eh_frame)
 *(.init)
 *(.fini)
                0x080171cc                        . = ALIGN (0x4)
                0x080171cc                        _etext = .

.vfp11_veneer   0x080171cc        0x0
 .vfp11_veneer  0x080171cc        0x0 linker stubs

.v4_bx          0x080171cc        0x0
 .v4_bx         0x080171cc        0x0 linker stubs

.iplt           0x080171cc        0x0
 .iplt          0x080171cc        0x0 build_gd32/startup_gd32f427.o

.rodata         0x080171cc     0x6a64
                0x080171cc                        . = ALIGN (0x4)
 *(.rodata)
 .rodata        0x080171cc        0xa /var/folders/h9/chptfhc14rj9vz87bx3sjmq00000gn/T//ccBcYDbM.ltrans0.ltrans.o
 .rodata        0x080171d6       0x18 /var/folders/h9/chptfhc14rj9vz87bx3sjmq00000gn/T//ccBcYDbM.ltrans1.ltrans.o
 *(.rodata*)
 .rodata._ZN3ltc6output4midi4StopEv.str1.1
                0x080171ee     0x1b84 /var/folders/h9/chptfhc14rj9vz87bx3sjmq00000gn/T//ccBcYDbM.ltrans0.ltrans.o
                                 0x1c (size before relaxing)
 .rodata._ZN3ltc6output11Destination7SetTypeENS_4TypeE.isra.0.str1.1
                0x08018d72        0x0 /var/folders/h9/chptfhc14rj9vz87bx3sjmq00000gn/T//ccBcYDbM.ltrans0.ltrans.o
                                 0x17 (size before relaxing)
 *fill*         0x08018d72        0x2 
 .rodata._ZN3ltc6output3ltc5StartEv.str1.4
                0x08018d74      0x468 /var/folders/h9/chptfhc14rj9vz87bx3sjmq00000gn/T//ccBcYDbM.ltrans0.ltrans.o
                                 0x37 (size before relaxing)
 .rodata._ZN3ltc6output3ltc4StopEv.str1.4
                0x080191dc        0x0 /var/folders/h9/chptfhc14rj9vz87bx3sjmq00000gn/T//ccBcYDbM.ltrans0.ltrans.o
                                 0x1e (size before relaxing)
 .rodata._ZN5debug5stack14implementation5PrintEv.str1.1
                0x080191dc        0x0 /var/folders/h9/chptfhc14rj9vz87bx3sjmq00000gn/T//ccBcYDbM.ltrans0.ltrans.o