Archive member included to satisfy reference by file (symbol)

../lib-remoteconfig/lib_gd32/libremoteconfig.a(remoteconfig.o)
                              build_gd32/firmware/main.o (symbol from plugin) (RemoteConfig::RemoteConfig(remoteconfig::Output, unsigned long))
../lib-remoteconfig/lib_gd32/libremoteconfig.a(remoteconfig.o)
                              remoteconfig.o (symbol from plugin) (RemoteConfig::PlatformHandleTftpSet())
../lib-remoteconfig/lib_gd32/libremoteconfig.a(remoteconfigparams.o)
                              remoteconfig.o (symbol from plugin) (json::RemoteConfigParams::RemoteConfigParams())
../lib-remoteconfig/lib_gd32/libremoteconfig.a(httpd.o)
                              remoteconfig.o (symbol from plugin) (HttpDaemon::HttpDaemon())
../lib-remoteconfig/lib_gd32/libremoteconfig.a(httpdhandlerequest.o)
                              httpd.o (symbol from plugin) (HttpDeamonHandleRequest::HandleRequest(unsigned long, char*))
../lib-remoteconfig/lib_gd32/libremoteconfig.a(khtmlinfos.o)
                              httpdhandlerequest.o (symbol from plugin) (html::kHtmlInfosSize)
../lib-remoteconfig/lib_gd32/libremoteconfig.a(kjsoninfos.o)
                              httpdhandlerequest.o (symbol from plugin) (json::kFileInfosSize)
../lib-remoteconfig/lib_gd32/libremoteconfig.a(json_config_global.o)
                              kjsoninfos.o (symbol from plugin) (json::config::GetGlobal(char*, unsigned long))
../lib-remoteconfig/lib_gd32/libremoteconfig.a(json_config_remoteconfig.o)
                              kjsoninfos.o (symbol from plugin) (json::config::GetRemoteConfig(char*, unsigned long))
../lib-remoteconfig/lib_gd32/libremoteconfig.a(get_file_content.o)
                              httpdhandlerequest.o (symbol from plugin) (GetFileContent(char const*, unsigned long&, http::ContentTypes&, bool&))
../lib-remoteconfig/lib_gd32/libremoteconfig.a(json_action.o)
                              kjsoninfos.o (symbol from plugin) (json::action::Set(char const*, unsigned long))
../lib-remoteconfig/lib_gd32/libremoteconfig.a(json_config_directory.o)
                              kjsoninfos.o (symbol from plugin) (json::config::Directory(char*, unsigned long))
../lib-remoteconfig/lib_gd32/libremoteconfig.a(json_datetime.o)
                              kjsoninfos.o (symbol from plugin) (json::GetTimeofday(char*, unsigned long))
../lib-remoteconfig/lib_gd32/libremoteconfig.a(json_getlist.o)
                              kjsoninfos.o (symbol from plugin) (json::GetList(char*, unsigned long))
../lib-remoteconfig/lib_gd32/libremoteconfig.a(json_getuptime.o)
                              kjsoninfos.o (symbol from plugin) (json::GetUptime(char*, unsigned long))
../lib-remoteconfig/lib_gd32/libremoteconfig.a(json_getversion.o)
                              kjsoninfos.o (symbol from plugin) (json::GetVersion(char*, unsigned long))
../lib-remoteconfig/lib_gd32/libremoteconfig.a(json_status_directory.o)
                              kjsoninfos.o (symbol from plugin) (json::status::Directory(char*, unsigned long))
../lib-remoteconfig/lib_gd32/libremoteconfig.a(json_status_display.o)
                              kjsoninfos.o (symbol from plugin) (json::status::Display(char*, unsigned long))
../lib-remoteconfig/lib_gd32/libremoteconfig.a(json_status_identify.o)
                              kjsoninfos.o (symbol from plugin) (json::status::Identify(char*, unsigned long))
../lib-remoteconfig/lib_gd32/libremoteconfig.a(globalparams.o)
                              json_config_global.o (symbol from plugin) (json::GlobalParams::GlobalParams())
../lib-device/lib_gd32/libdevice.a(max7219matrix.o)
                              build_gd32/lib/ltc/display/ltc_display_max7219.o (symbol from plugin) (Max7219Matrix::Max7219Matrix())
../lib-network/lib_gd32/libnetwork.a(network_ptp.o)
                              build_gd32/firmware/main.o (symbol from plugin) (network::ptp::Run())
../lib-network/lib_gd32/libnetwork.a(emac_eth.o)
                              build_gd32/firmware/main.o (symbol from plugin) (emac::eth::Recv(unsigned char**))
../lib-network/lib_gd32/libnetwork.a(ntpclient.o)
                              build_gd32/lib/ltc/ltc_ntp.o (symbol from plugin) (network::apps::ntpclient::ptp::Start())
../lib-network/lib_gd32/libnetwork.a(netif.o)
                              build_gd32/lib/ltc/ltc_artnet.o (symbol from plugin) (netif::global::netif_default)
../lib-network/lib_gd32/libnetwork.a(tcp.o)
                              build_gd32/firmware/main.o (symbol from plugin) (network::tcp::Run())
../lib-network/lib_gd32/libnetwork.a(udp.o)
                              build_gd32/lib/ltc/ltc_artnet.o (symbol from plugin) (network::udp::Begin(unsigned short, void (*)(unsigned char const*, unsigned long, unsigned long, unsigned short)))
../lib-network/lib_gd32/libnetwork.a(ethernet.o)
[...]
Memory Configuration

Name             Origin             Length             Attributes
FLASH            0x08008000         0x0001a800         xr
TCMSRAM          0x10000000         0x00010000         rw
RAM              0x20000000         0x0001c000         xrw
RAM1             0x2001c000         0x00004000         xrw
RAM2             0x20020000         0x00000000         xrw
RAMADD           0x20030000         0x00000000         xrw
BKPSRAM          0x40024000         0x00001000         rw
*default*        0x00000000         0xffffffff

Linker script and memory map

LOAD build_gd32/startup_gd32f427.o
LOAD build_gd32/hardfault_handler.o
LOAD /var/folders/h9/chptfhc14rj9vz87bx3sjmq00000gn/T//ccc66E72.ltrans0.ltrans.o
LOAD /var/folders/h9/chptfhc14rj9vz87bx3sjmq00000gn/T//ccc66E72.ltrans1.ltrans.o
LOAD build_gd32/stack_debug_init.o
LOAD build_gd32/firmware/main.o
LOAD build_gd32/lib/gps/gnss.o
LOAD build_gd32/lib/pixel/pixel_output.o
LOAD build_gd32/lib/midi/net/applemidi.o
LOAD build_gd32/lib/midi/net/rtpmidi.o
LOAD build_gd32/lib/ltc/ltc_artnet.o
LOAD build_gd32/lib/ltc/ltc_encoder.o
LOAD build_gd32/lib/ltc/ltc_etc.o
LOAD build_gd32/lib/ltc/ltc_gps.o
LOAD build_gd32/lib/ltc/ltc_input_internal.o
LOAD build_gd32/lib/ltc/ltc_input_systime.o
LOAD build_gd32/lib/ltc/ltc_input_tcnet.o
LOAD build_gd32/lib/ltc/ltc_ltc.o
LOAD build_gd32/lib/ltc/ltc_midi.o
LOAD build_gd32/lib/ltc/ltc_ntp.o
LOAD build_gd32/lib/ltc/ltc_output.o
LOAD build_gd32/lib/ltc/ltc_ptp.o
LOAD build_gd32/lib/ltc/ltc_shell.o
LOAD build_gd32/lib/ltc/ltc.o
LOAD build_gd32/lib/ltc/display/ltc_display_max7219.o
LOAD build_gd32/lib/ltc/display/ltc_display_oled.o
LOAD build_gd32/lib/ltc/display/ltc_display_pixel.o
LOAD build_gd32/lib/ltc/systime/ntp_ptp_systime_updated.o
LOAD build_gd32/lib/ltc/systime/ntp_systime_updated.o
LOAD build_gd32/lib/ltc/network/ltc_ntpserver.o
LOAD build_gd32/lib/ltc/network/network_display.o
LOAD build_gd32/lib/ltc/network/network_event.o
LOAD build_gd32/lib/ltc/network/network_ptp_pps.o
LOAD build_gd32/lib/ltc/network/ntpclient_statuschanged.o
LOAD build_gd32/lib/shell/shell_date.o
LOAD build_gd32/lib/shell/shell_hwclock.o
LOAD build_gd32/lib/shell/shell_reboot.o
LOAD build_gd32/lib/shell/shell_version.o
START GROUP
LOAD ../lib-remoteconfig/lib_gd32/libremoteconfig.a
LOAD ../lib-device/lib_gd32/libdevice.a
LOAD ../lib-network/lib_gd32/libnetwork.a
LOAD ../lib-configstore/lib_gd32/libconfigstore.a
LOAD ../lib-flash/lib_gd32/libflash.a
LOAD ../lib-display/lib_gd32/libdisplay.a
LOAD ../lib-superloop/lib_gd32/libsuperloop.a
LOAD ../lib-board/lib_gd32/libboard.a
LOAD ../lib-hwclock/lib_gd32/libhwclock.a
LOAD ../lib-gd32/lib_gd32/libgd32.a
LOAD ../lib-clib/lib_gd32/libclib.a
END GROUP
LOAD /Users/arjanvanvught/Library/xPacks/@xpack-dev-tools/arm-none-eabi-gcc/15.2.1-1.1.1/.content/bin/../lib/gcc/arm-none-eabi/15.2.1/../../../../arm-none-eabi/lib/thumb/v7e-m+fp/hard/libc_nano.a
LOAD /Users/arjanvanvught/Library/xPacks/@xpack-dev-tools/arm-none-eabi-gcc/15.2.1-1.1.1/.content/bin/../lib/gcc/arm-none-eabi/15.2.1/thumb/v7e-m+fp/hard/libgcc.a
START GROUP
LOAD /Users/arjanvanvught/Library/xPacks/@xpack-dev-tools/arm-none-eabi-gcc/15.2.1-1.1.1/.content/bin/../lib/gcc/arm-none-eabi/15.2.1/thumb/v7e-m+fp/hard/libgcc.a
LOAD /Users/arjanvanvught/Library/xPacks/@xpack-dev-tools/arm-none-eabi-gcc/15.2.1-1.1.1/.content/bin/../lib/gcc/arm-none-eabi/15.2.1/../../../../arm-none-eabi/lib/thumb/v7e-m+fp/hard/libc_nano.a
END GROUP
START GROUP
LOAD /Users/arjanvanvught/Library/xPacks/@xpack-dev-tools/arm-none-eabi-gcc/15.2.1-1.1.1/.content/bin/../lib/gcc/arm-none-eabi/15.2.1/thumb/v7e-m+fp/hard/libgcc.a
LOAD /Users/arjanvanvught/Library/xPacks/@xpack-dev-tools/arm-none-eabi-gcc/15.2.1-1.1.1/.content/bin/../lib/gcc/arm-none-eabi/15.2.1/../../../../arm-none-eabi/lib/thumb/v7e-m+fp/hard/libc_nano.a
END GROUP
                0x00002000                        __heap_size = DEFINED (__heap_size)?__heap_size:0x2000
                0x00002800                        __stack_size = DEFINED (__stack_size)?__stack_size:0x2800

.vectors        0x08008000      0x188
                0x08008000                        . = ALIGN (0x4)
 *(.vectors)
 .vectors       0x08008000      0x188 build_gd32/startup_gd32f427.o
                0x08008000                __gVectors
                0x08008188                        . = ALIGN (0x4)
                0x08008188                        __Vectors_End = .
                0x08008188                        __Vectors_Size = (__Vectors_End - __gVectors)

.text           0x08008188     0xf124
                0x08008188                        . = ALIGN (0x4)
 *(.text.unlikely*)
 .text.unlikely._ZN7network3tcp4InitEv
                0x08008188       0x2c /var/folders/h9/chptfhc14rj9vz87bx3sjmq00000gn/T//ccc66E72.ltrans0.ltrans.o
 .text.unlikely._ZN7network3udp4InitEv
                0x080081b4       0x10 /var/folders/h9/chptfhc14rj9vz87bx3sjmq00000gn/T//ccc66E72.ltrans1.ltrans.o
                0x080081b4                network::udp::Init()
 .text.unlikely.enet_ptp_normal_descriptors_chain_init
                0x080081c4       0x9c /var/folders/h9/chptfhc14rj9vz87bx3sjmq00000gn/T//ccc66E72.ltrans1.ltrans.o
                0x080081c4                enet_ptp_normal_descriptors_chain_init
 .text.unlikely._ZN7network4igmp8ShutdownEv
                0x08008260       0x34 /var/folders/h9/chptfhc14rj9vz87bx3sjmq00000gn/T//ccc66E72.ltrans1.ltrans.o
 .text.unlikely._ZN7network3arp4InitEv
                0x08008294       0xd0 /var/folders/h9/chptfhc14rj9vz87bx3sjmq00000gn/T//ccc66E72.ltrans1.ltrans.o
                0x08008294                network::arp::Init()
 .text.unlikely._ZN7network4igmp4InitEv
                0x08008364       0xb8 /var/folders/h9/chptfhc14rj9vz87bx3sjmq00000gn/T//ccc66E72.ltrans1.ltrans.o
                0x08008364                network::igmp::Init()
 *(.text.hot*)
 .text.hot._ZN7network3tcp3RunEv
                0x0800841c      0x220 /var/folders/h9/chptfhc14rj9vz87bx3sjmq00000gn/T//ccc66E72.ltrans0.ltrans.o
 .text.hot._ZN7network3tcp5InputEPNS0_6HeaderE
                0x0800863c      0x734 /var/folders/h9/chptfhc14rj9vz87bx3sjmq00000gn/T//ccc66E72.ltrans0.ltrans.o
                0x0800863c                network::tcp::Input(network::tcp::Header*)
 .text.hot._ZN7network4igmp5InputEPKNS0_6HeaderE
                0x08008d70       0x9c /var/folders/h9/chptfhc14rj9vz87bx3sjmq00000gn/T//ccc66E72.ltrans1.ltrans.o
 .text.hot._ZN7network3udp5InputEPKNS0_6HeaderE
                0x08008e0c       0xa8 /var/folders/h9/chptfhc14rj9vz87bx3sjmq00000gn/T//ccc66E72.ltrans1.ltrans.o
 .text.hot._ZN7network4icmp5InputEPNS0_6HeaderE
                0x08008eb4      0x150 /var/folders/h9/chptfhc14rj9vz87bx3sjmq00000gn/T//ccc66E72.ltrans1.ltrans.o
 .text.hot._ZN7network3arp5InputEPKNS0_6HeaderE
                0x08009004      0x3fc /var/folders/h9/chptfhc14rj9vz87bx3sjmq00000gn/T//ccc66E72.ltrans1.ltrans.o
 *(.text)
 .text          0x08009400       0x14 /Users/arjanvanvught/Library/xPacks/@xpack-dev-tools/arm-none-eabi-gcc/15.2.1-1.1.1/.content/bin/../lib/gcc/arm-none-eabi/15.2.1/../../../../arm-none-eabi/lib/thumb/v7e-m+fp/hard/libc_nano.a(libc_a-strcmp.o)
                0x08009400                strcmp
 .text          0x08009414       0x10 /Users/arjanvanvught/Library/xPacks/@xpack-dev-tools/arm-none-eabi-gcc/15.2.1-1.1.1/.content/bin/../lib/gcc/arm-none-eabi/15.2.1/../../../../arm-none-eabi/lib/thumb/v7e-m+fp/hard/libc_nano.a(libc_a-strlen.o)
                0x08009414                strlen
 .text          0x08009424       0xa0 /Users/arjanvanvught/Library/xPacks/@xpack-dev-tools/arm-none-eabi-gcc/15.2.1-1.1.1/.content/bin/../lib/gcc/arm-none-eabi/15.2.1/thumb/v7e-m+fp/hard/libgcc.a(_arm_truncdfsf2.o)
                0x08009424                __aeabi_d2f
                0x08009424                __truncdfsf2
 .text          0x080094c4       0x30 /Users/arjanvanvught/Library/xPacks/@xpack-dev-tools/arm-none-eabi-gcc/15.2.1-1.1.1/.content/bin/../lib/gcc/arm-none-eabi/15.2.1/thumb/v7e-m+fp/hard/libgcc.a(_aeabi_uldivmod.o)
                0x080094c4                __aeabi_uldivmod
 .text          0x080094f4        0x4 /Users/arjanvanvught/Library/xPacks/@xpack-dev-tools/arm-none-eabi-gcc/15.2.1-1.1.1/.content/bin/../lib/gcc/arm-none-eabi/15.2.1/thumb/v7e-m+fp/hard/libgcc.a(_dvmd_tls.o)
                0x080094f4                __aeabi_ldiv0
                0x080094f4                __aeabi_idiv0
 *(.text*)
 .text.Reset_Handler
                0x080094f8       0x48 build_gd32/startup_gd32f427.o
                0x080094f8                Reset_Handler
 .text.Default_Handler
                0x08009540        0x2 build_gd32/startup_gd32f427.o
                0x08009540                USBHS_EP1_Out_IRQHandler
                0x08009540                EXTI2_IRQHandler
                0x08009540                TIMER2_IRQHandler
                0x08009540                DebugMon_Handler
                0x08009540                LVD_IRQHandler
                0x08009540                CAN1_EWMC_IRQHandler
                0x08009540                TIMER7_UP_TIMER12_IRQHandler
                0x08009540                SysTick_Handler
                0x08009540                SDIO_IRQHandler
                0x08009540                PendSV_Handler
                0x08009540                NMI_Handler
                0x08009540                EXTI3_IRQHandler
                0x08009540                DCI_IRQHandler
                0x08009540                USBFS_WKUP_IRQHandler
                0x08009540                USBHS_IRQHandler
                0x08009540                TIMER5_DAC_IRQHandler
                0x08009540                USBFS_IRQHandler
                0x08009540                DMA0_Channel6_IRQHandler
                0x08009540                I2C0_EV_IRQHandler
                0x08009540                I2C2_EV_IRQHandler
                0x08009540                CAN1_RX0_IRQHandler
                0x08009540                FPU_IRQHandler
                0x08009540                TIMER7_TRG_CMT_TIMER13_IRQHandler
                0x08009540                UsageFault_Handler
                0x08009540                TIMER4_IRQHandler
                0x08009540                SPI1_IRQHandler
                0x08009540                DMA0_Channel0_IRQHandler
                0x08009540                TIMER0_BRK_TIMER8_IRQHandler
                0x08009540                DMA1_Channel0_IRQHandler
                0x08009540                TIMER7_BRK_TIMER11_IRQHandler
                0x08009540                DMA1_Channel4_IRQHandler
                0x08009540                DMA0_Channel3_IRQHandler
                0x08009540                I2C0_ER_IRQHandler
                0x08009540                DMA1_Channel7_IRQHandler
                0x08009540                CAN1_RX1_IRQHandler
                0x08009540                DMA0_Channel2_IRQHandler
                0x08009540                USART0_IRQHandler
                0x08009540                TIMER1_IRQHandler
                0x08009540                I2C1_EV_IRQHandler
                0x08009540                DMA1_Channel6_IRQHandler
                0x08009540                UART4_IRQHandler
                0x08009540                EXTI10_15_IRQHandler
                0x08009540                DMA1_Channel1_IRQHandler
                0x08009540                Default_Handler
                0x08009540                DMA0_Channel7_IRQHandler
                0x08009540                ADC_IRQHandler
                0x08009540                CAN0_TX_IRQHandler
                0x08009540                WWDGT_IRQHandler
                0x08009540                EXMC_IRQHandler
                0x08009540                TAMPER_STAMP_IRQHandler
                0x08009540                RTC_WKUP_IRQHandler
                0x08009540                SPI2_IRQHandler
                0x08009540                MemManage_Handler
                0x08009540                CAN1_TX_IRQHandler
                0x08009540                SVC_Handler
                0x08009540                RCU_CTC_IRQHandler
                0x08009540                DMA1_Channel5_IRQHandler
                0x08009540                EXTI4_IRQHandler
                0x08009540                CAN0_RX1_IRQHandler
                0x08009540                DMA0_Channel5_IRQHandler
                0x08009540                DMA1_Channel3_IRQHandler
                0x08009540                DMA0_Channel1_IRQHandler
                0x08009540                TIMER0_Channel_IRQHandler
                0x08009540                EXTI1_IRQHandler
                0x08009540                ENET_WKUP_IRQHandler
                0x08009540                USBHS_EP1_In_IRQHandler
                0x08009540                SPI0_IRQHandler
                0x08009540                CAN0_EWMC_IRQHandler
                0x08009540                CAN0_RX0_IRQHandler
                0x08009540                I2C2_ER_IRQHandler
                0x08009540                DMA1_Channel2_IRQHandler
                0x08009540                BusFault_Handler
                0x08009540                USART1_IRQHandler
                0x08009540                UART3_IRQHandler
                0x08009540                I2C1_ER_IRQHandler
                0x08009540                FMC_IRQHandler
                0x08009540                USBHS_WKUP_IRQHandler
                0x08009540                DMA0_Channel4_IRQHandler
                0x08009540                TRNG_IRQHandler
                0x08009540                RTC_Alarm_IRQHandler
 *fill*         0x08009542        0x2 
 .text._ZN3utc14ValidateOffsetElmRl
                0x08009544       0x50 /var/folders/h9/chptfhc14rj9vz87bx3sjmq00000gn/T//ccc66E72.ltrans0.ltrans.o
 .text._ZN3utc13IsValidOffsetEl
                0x08009594       0x70 /var/folders/h9/chptfhc14rj9vz87bx3sjmq00000gn/T//ccc66E72.ltrans0.ltrans.o
 .text._ZN7Display9ClearLineEm.isra.0
                0x08009604        0xa /var/folders/h9/chptfhc14rj9vz87bx3sjmq00000gn/T//ccc66E72.ltrans0.ltrans.o
 .text._ZN7Display8TextLineEmPKcm.constprop.0.isra.0
                0x0800960e       0x14 /var/folders/h9/chptfhc14rj9vz87bx3sjmq00000gn/T//ccc66E72.ltrans0.ltrans.o
 .text._ZN3ltc6output7NothingEv
                0x08009622        0x2 /var/folders/h9/chptfhc14rj9vz87bx3sjmq00000gn/T//ccc66E72.ltrans0.ltrans.o
 .text._ZN5board13RebootHandlerEv
                0x08009624        0x2 /var/folders/h9/chptfhc14rj9vz87bx3sjmq00000gn/T//ccc66E72.ltrans0.ltrans.o
                0x08009624                board::RebootHandler()
 .text._ZSteqIcSt11char_traitsIcEEbSt17basic_string_viewIT_T0_ENSt13type_identityIS5_E4typeE
                0x08009626       0x2e /var/folders/h9/chptfhc14rj9vz87bx3sjmq00000gn/T//ccc66E72.ltrans0.ltrans.o
 .text._ZN6common3hex8FromCharEc
                0x08009654       0x28 /var/folders/h9/chptfhc14rj9vz87bx3sjmq00000gn/T//ccc66E72.ltrans0.ltrans.o
 .text._ZN4gnss8Receiver12ParseDecimalEPKcRm.constprop.0
                0x0800967c       0x52 /var/folders/h9/chptfhc14rj9vz87bx3sjmq00000gn/T//ccc66E72.ltrans0.ltrans.o
 *fill*         0x080096ce        0x2 
 .text._ZN3ltc8timecode9IncrementEv
                0x080096d0       0x54 /var/folders/h9/chptfhc14rj9vz87bx3sjmq00000gn/T//ccc66E72.ltrans0.ltrans.o
 .text._ZN3ltc5input8internal4StopEv
                0x08009724        0xc /var/folders/h9/chptfhc14rj9vz87bx3sjmq00000gn/T//ccc66E72.ltrans0.ltrans.o
 .text._ZN3ltc8timecode3SetEmmNS_4TypeE
                0x08009730       0x44 /var/folders/h9/chptfhc14rj9vz87bx3sjmq00000gn/T//ccc66E72.ltrans0.ltrans.o
 .text._ZN3ltc5input7systime4StopEv
                0x08009774        0xc /var/folders/h9/chptfhc14rj9vz87bx3sjmq00000gn/T//ccc66E72.ltrans0.ltrans.o
 .text._ZN3ltc5input3ltc4StopEv
                0x08009780        0x2 /var/folders/h9/chptfhc14rj9vz87bx3sjmq00000gn/T//ccc66E72.ltrans0.ltrans.o
 *fill*         0x08009782        0x2 
 .text._ZN3ltc5input4midi4StopEv
                0x08009784       0x38 /var/folders/h9/chptfhc14rj9vz87bx3sjmq00000gn/T//ccc66E72.ltrans0.ltrans.o
 .text._ZN3ltc5input9applemidi4StopEv
                0x080097bc       0x18 /var/folders/h9/chptfhc14rj9vz87bx3sjmq00000gn/T//ccc66E72.ltrans0.ltrans.o
 .text._ZN3ltc6output3ltc6OutputEPKNS_8TimeCodeE
                0x080097d4      0x374 /var/folders/h9/chptfhc14rj9vz87bx3sjmq00000gn/T//ccc66E72.ltrans0.ltrans.o
 .text._ZN3utc11SplitOffsetElRlRm
                0x08009b48       0x30 /var/folders/h9/chptfhc14rj9vz87bx3sjmq00000gn/T//ccc66E72.ltrans0.ltrans.o
 .text._ZN3utc11ParseOffsetEPKcmRlRm
                0x08009b78       0x8c /var/folders/h9/chptfhc14rj9vz87bx3sjmq00000gn/T//ccc66E72.ltrans0.ltrans.o
 .text._ZN6common4AtoiEPKcm.part.0.lto_priv.0
                0x08009c04       0x3e /var/folders/h9/chptfhc14rj9vz87bx3sjmq00000gn/T//ccc66E72.ltrans0.ltrans.o
 .text._ZN5shell8GetValueESt17basic_string_viewIcSt11char_traitsIcEEl
                0x08009c42       0x2e /var/folders/h9/chptfhc14rj9vz87bx3sjmq00000gn/T//ccc66E72.ltrans0.ltrans.o
 .text._ZN3ltc12_GLOBAL__N_1L4ItoaEmPc
                0x08009c70       0x20 /var/folders/h9/chptfhc14rj9vz87bx3sjmq00000gn/T//ccc66E72.ltrans0.ltrans.o
 .text._ZN3ltc7display7max721912_GLOBAL__N_1L6OffsetEcc
                0x08009c90       0x1c /var/folders/h9/chptfhc14rj9vz87bx3sjmq00000gn/T//ccc66E72.ltrans0.ltrans.o
 .text._ZN5pixel7display6matrix6MatrixILm64ELm8EE12SetColonsOffEv.constprop.0
                0x08009cac       0x20 /var/folders/h9/chptfhc14rj9vz87bx3sjmq00000gn/T//ccc66E72.ltrans0.ltrans.o
 .text._ZN13JsonTokenizer14SkipWhitespaceEv
                0x08009ccc       0x2c /var/folders/h9/chptfhc14rj9vz87bx3sjmq00000gn/T//ccc66E72.ltrans0.ltrans.o
 .text._ZNK9AppleMidi3NowEv
                0x08009cf8       0x12 /var/folders/h9/chptfhc14rj9vz87bx3sjmq00000gn/T//ccc66E72.ltrans0.ltrans.o
 *fill*         0x08009d0a        0x2 
 .text._ZL11ParseUint32PKcRm
                0x08009d0c       0x5c /var/folders/h9/chptfhc14rj9vz87bx3sjmq00000gn/T//ccc66E72.ltrans0.ltrans.o
 .text._ZN3ltc3etc4InitEv
                0x08009d68       0x48 /var/folders/h9/chptfhc14rj9vz87bx3sjmq00000gn/T//ccc66E72.ltrans0.ltrans.o
 .text._ZN4json18RemoteConfigParams14SetDisplayNameEPKcm
                0x08009db0       0x28 /var/folders/h9/chptfhc14rj9vz87bx3sjmq00000gn/T//ccc66E72.ltrans0.ltrans.o
 .text._Z14GetFileContentPKcRmRN4http12ContentTypesERb
                0x08009dd8       0x60 /var/folders/h9/chptfhc14rj9vz87bx3sjmq00000gn/T//ccc66E72.ltrans0.ltrans.o
 .text._ZN6global19SetUtcOffsetIfValidElm.isra.0
                0x08009e38       0x20 /var/folders/h9/chptfhc14rj9vz87bx3sjmq00000gn/T//ccc66E72.ltrans0.ltrans.o
 .text._ZN4json12GlobalParams12SetUtcOffsetEPKcm
                0x08009e58       0x28 /var/folders/h9/chptfhc14rj9vz87bx3sjmq00000gn/T//ccc66E72.ltrans0.ltrans.o
 .text._ZN13Max7219Matrix15UpdateCharacterEmPKh.constprop.0
                0x08009e80       0x38 /var/folders/h9/chptfhc14rj9vz87bx3sjmq00000gn/T//ccc66E72.ltrans0.ltrans.o
 .text._ZN4emac3eth4RecvEPPh
                0x08009eb8       0x50 /var/folders/h9/chptfhc14rj9vz87bx3sjmq00000gn/T//ccc66E72.ltrans0.ltrans.o
 .text._ZL10DifferenceRKN3ntp9TimeStampES2_RlS3_.isra.0
                0x08009f08       0x8c /var/folders/h9/chptfhc14rj9vz87bx3sjmq00000gn/T//ccc66E72.ltrans0.ltrans.o
 .text._ZNK11ConfigStore10NetworkGetImEET_MN6common5store7NetworkES1_.constprop.0
                0x08009f94        0xc /var/folders/h9/chptfhc14rj9vz87bx3sjmq00000gn/T//ccc66E72.ltrans0.ltrans.o
 .text._ZN5netifL20NetifDoUpdateGlobalsEv
                0x08009fa0       0x28 /var/folders/h9/chptfhc14rj9vz87bx3sjmq00000gn/T//ccc66E72.ltrans0.ltrans.o
 .text._ZN3ltc6output4midi4StopEv
                0x08009fc8       0x34 /var/folders/h9/chptfhc14rj9vz87bx3sjmq00000gn/T//ccc66E72.ltrans0.ltrans.o
 .text._ZN3ltc6output11Destination7SetTypeENS_4TypeE.isra.0
                0x08009ffc       0x8c /var/folders/h9/chptfhc14rj9vz87bx3sjmq00000gn/T//ccc66E72.ltrans0.ltrans.o
 .text._ZN3ltc6output3ltc5StartEv
                0x0800a088       0x40 /var/folders/h9/chptfhc14rj9vz87bx3sjmq00000gn/T//ccc66E72.ltrans0.ltrans.o
 .text._ZN3ltc6output3ltc4StopEv
                0x0800a0c8       0x34 /var/folders/h9/chptfhc14rj9vz87bx3sjmq00000gn/T//ccc66E72.ltrans0.ltrans.o
 .text._ZN5debug5stack14implementation5PrintEv
                0x0800a0fc       0xbc /var/folders/h9/chptfhc14rj9vz87bx3sjmq00000gn/T//ccc66E72.ltrans0.ltrans.o
 .text._ZN11ConfigStore8InstanceEv
                0x0800a1b8       0x28 /var/folders/h9/chptfhc14rj9vz87bx3sjmq00000gn/T//ccc66E72.ltrans0.ltrans.o
 .text._ZN3ltc6output11Destination8InstanceEv
                0x0800a1e0       0x28 /var/folders/h9/chptfhc14rj9vz87bx3sjmq00000gn/T//ccc66E72.ltrans0.ltrans.o
 .text._ZN3ltc5input8internal5StartEv
                0x0800a208       0x58 /var/folders/h9/chptfhc14rj9vz87bx3sjmq00000gn/T//ccc66E72.ltrans0.ltrans.o
 .text._ZN3ltc5input5tcnet5StartEv
                0x0800a260       0x10 /var/folders/h9/chptfhc14rj9vz87bx3sjmq00000gn/T//ccc66E72.ltrans0.ltrans.o
 .text._ZN3ltc5input3ltc5StartEv
                0x0800a270        0x4 /var/folders/h9/chptfhc14rj9vz87bx3sjmq00000gn/T//ccc66E72.ltrans0.ltrans.o
 .text._ZN3ltc8timecode4SyncERK7timeval
                0x0800a274       0xc8 /var/folders/h9/chptfhc14rj9vz87bx3sjmq00000gn/T//ccc66E72.ltrans0.ltrans.o
 .text._ZN4gnss8Receiver8InstanceEv
                0x0800a33c       0x28 /var/folders/h9/chptfhc14rj9vz87bx3sjmq00000gn/T//ccc66E72.ltrans0.ltrans.o
 .text._ZN5pixel6output8SetPixelEmhhh
                0x0800a364       0x6c /var/folders/h9/chptfhc14rj9vz87bx3sjmq00000gn/T//ccc66E72.ltrans0.ltrans.o
 .text._ZN5pixel6output6UpdateEm
                0x0800a3d0       0xf8 /var/folders/h9/chptfhc14rj9vz87bx3sjmq00000gn/T//ccc66E72.ltrans0.ltrans.o
 .text._ZN3ltc7display5pixel4ShowEPKc
                0x0800a4c8      0x19c /var/folders/h9/chptfhc14rj9vz87bx3sjmq00000gn/T//ccc66E72.ltrans0.ltrans.o
 .text._ZN3ltc5input6Source8InstanceEv
                0x0800a664       0x28 /var/folders/h9/chptfhc14rj9vz87bx3sjmq00000gn/T//ccc66E72.ltrans0.ltrans.o
 .text._ZN12_GLOBAL__N_1L12TimeoutTimerEl
                0x0800a68c       0x40 /var/folders/h9/chptfhc14rj9vz87bx3sjmq00000gn/T//ccc66E72.ltrans0.ltrans.o
 .text._ZN7network3tcpL8RtxOnAckEPNS0_3TcbEm
                0x0800a6cc       0xb8 /var/folders/h9/chptfhc14rj9vz87bx3sjmq00000gn/T//ccc66E72.ltrans0.ltrans.o
 .text._ZN5shell3ltc4TypeESt4spanIKSt17basic_string_viewIcSt11char_traitsIcEELj4294967295EE
                0x0800a784       0x84 /var/folders/h9/chptfhc14rj9vz87bx3sjmq00000gn/T//ccc66E72.ltrans0.ltrans.o
 .text._ZN5shell7VersionESt4spanIKSt17basic_string_viewIcSt11char_traitsIcEELj4294967295EE
                0x0800a808       0x1c /var/folders/h9/chptfhc14rj9vz87bx3sjmq00000gn/T//ccc66E72.ltrans0.ltrans.o
 .text._ZN5debug4DumpEPKvm
                0x0800a824       0xd8 /var/folders/h9/chptfhc14rj9vz87bx3sjmq00000gn/T//ccc66E72.ltrans0.ltrans.o
                0x0800a824                debug::Dump(void const*, unsigned long)
 .text._ZN7network3ptp3pps5StartEv
                0x0800a8fc       0xa4 /var/folders/h9/chptfhc14rj9vz87bx3sjmq00000gn/T//ccc66E72.ltrans0.ltrans.o
 .text._ZL11SetIdentifyPKcm
                0x0800a9a0       0x14 /var/folders/h9/chptfhc14rj9vz87bx3sjmq00000gn/T//ccc66E72.ltrans0.ltrans.o
 .text._ZN3ltc6output3etc5StartEv
                0x0800a9b4       0x40 /var/folders/h9/chptfhc14rj9vz87bx3sjmq00000gn/T//ccc66E72.ltrans0.ltrans.o
 .text._ZN3ltc6output9applemidi5StartEv
                0x0800a9f4      0x160 /var/folders/h9/chptfhc14rj9vz87bx3sjmq00000gn/T//ccc66E72.ltrans0.ltrans.o
 .text._ZN4json6config9DirectoryEPcm
                0x0800ab54       0x78 /var/folders/h9/chptfhc14rj9vz87bx3sjmq00000gn/T//ccc66E72.ltrans0.ltrans.o
 .text._ZN4json7GetListEPcm
                0x0800abcc       0x68 /var/folders/h9/chptfhc14rj9vz87bx3sjmq00000gn/T//ccc66E72.ltrans0.ltrans.o
 .text._ZN4json9GetUptimeEPcm
                0x0800ac34       0x14 /var/folders/h9/chptfhc14rj9vz87bx3sjmq00000gn/T//ccc66E72.ltrans0.ltrans.o
 .text._ZN4json10GetVersionEPcm
                0x0800ac48       0x34 /var/folders/h9/chptfhc14rj9vz87bx3sjmq00000gn/T//ccc66E72.ltrans0.ltrans.o
 .text._ZN4json6status9DirectoryEPcm
                0x0800ac7c       0x78 /var/folders/h9/chptfhc14rj9vz87bx3sjmq00000gn/T//ccc66E72.ltrans0.ltrans.o
 .text._ZN4json6status7DisplayEPcm
                0x0800acf4       0x18 /var/folders/h9/chptfhc14rj9vz87bx3sjmq00000gn/T//ccc66E72.ltrans0.ltrans.o
 .text._ZN4json6status8IdentifyEPcm
                0x0800ad0c       0x18 /var/folders/h9/chptfhc14rj9vz87bx3sjmq00000gn/T//ccc66E72.ltrans0.ltrans.o
 .text._ZNK3Spi5SetupEv
                0x0800ad24       0x3c /var/folders/h9/chptfhc14rj9vz87bx3sjmq00000gn/T//ccc66E72.ltrans0.ltrans.o
 .text._ZN7network3tcpL21TcpSwap32AcknumSeqnumEPNS0_6HeaderE
                0x0800ad60       0x44 /var/folders/h9/chptfhc14rj9vz87bx3sjmq00000gn/T//ccc66E72.ltrans0.ltrans.o
 .text._ZN7network3tcpL11ScanOptionsEPNS0_6HeaderEPNS0_3TcbEl
                0x0800ada4       0xa0 /var/folders/h9/chptfhc14rj9vz87bx3sjmq00000gn/T//ccc66E72.ltrans0.ltrans.o
 .text._ZN3ltc6output9applemidi4StopEv
                0x0800ae44       0x5c /var/folders/h9/chptfhc14rj9vz87bx3sjmq00000gn/T//ccc66E72.ltrans0.ltrans.o
 .text._ZN7RtpMidiD2Ev.lto_priv.0
                0x0800aea0       0x28 /var/folders/h9/chptfhc14rj9vz87bx3sjmq00000gn/T//ccc66E72.ltrans0.ltrans.o
                0x0800aea0                RtpMidi::~RtpMidi() [clone .lto_priv.0]
                0x0800aea0                RtpMidi::~RtpMidi() [clone .lto_priv.0]
 .text._ZN3ltc5input6artnet5StartEv
                0x0800aec8       0x5c /var/folders/h9/chptfhc14rj9vz87bx3sjmq00000gn/T//ccc66E72.ltrans0.ltrans.o
 .text._ZN3ltc5input6artnet4StopEv
                0x0800af24       0x28 /var/folders/h9/chptfhc14rj9vz87bx3sjmq00000gn/T//ccc66E72.ltrans0.ltrans.o
 .text._ZN3ltc6output6artnet5StartEv
                0x0800af4c       0xdc /var/folders/h9/chptfhc14rj9vz87bx3sjmq00000gn/T//ccc66E72.ltrans0.ltrans.o
 .text._ZN3ltc6output6artnet4StopEv
                0x0800b028       0x64 /var/folders/h9/chptfhc14rj9vz87bx3sjmq00000gn/T//ccc66E72.ltrans0.ltrans.o
 .text._ZN3ltc6output3etc4StopEv
                0x0800b08c       0x44 /var/folders/h9/chptfhc14rj9vz87bx3sjmq00000gn/T//ccc66E72.ltrans0.ltrans.o
 .text._ZN7RtpMidiD0Ev
                0x0800b0d0       0x12 /var/folders/h9/chptfhc14rj9vz87bx3sjmq00000gn/T//ccc66E72.ltrans0.ltrans.o
 *fill*         0x0800b0e2        0x2 
 .text._ZN9AppleMidi36StaticCallbackFunctionControlMessageEPKhmmt
                0x0800b0e4       0xa4 /var/folders/h9/chptfhc14rj9vz87bx3sjmq00000gn/T//ccc66E72.ltrans0.ltrans.o
 .text._ZN3ltc9ntpserver12_GLOBAL__N_1L5InputEPKhmmt
                0x0800b188       0x40 /var/folders/h9/chptfhc14rj9vz87bx3sjmq00000gn/T//ccc66E72.ltrans0.ltrans.o
 .text._ZN12RemoteConfig22StaticCallbackFunctionEPKhmmt
                0x0800b1c8       0xf0 /var/folders/h9/chptfhc14rj9vz87bx3sjmq00000gn/T//ccc66E72.ltrans0.ltrans.o
 .text._ZN12RemoteConfig12HandleUptimeEv
                0x0800b2b8       0x34 /var/folders/h9/chptfhc14rj9vz87bx3sjmq00000gn/T//ccc66E72.ltrans0.ltrans.o
 .text._ZN12RemoteConfig13HandleVersionEv
                0x0800b2ec       0x30 /var/folders/h9/chptfhc14rj9vz87bx3sjmq00000gn/T//ccc66E72.ltrans0.ltrans.o
 .text._ZN12RemoteConfig10HandleListEv
                0x0800b31c       0xbc /var/folders/h9/chptfhc14rj9vz87bx3sjmq00000gn/T//ccc66E72.ltrans0.ltrans.o
 .text._ZN12RemoteConfig16HandleDisplayGetEv
                0x0800b3d8       0x48 /var/folders/h9/chptfhc14rj9vz87bx3sjmq00000gn/T//ccc66E72.ltrans0.ltrans.o
 .text._ZN12RemoteConfig13HandleTftpGetEv
                0x0800b420       0x9c /var/folders/h9/chptfhc14rj9vz87bx3sjmq00000gn/T//ccc66E72.ltrans0.ltrans.o
 .text._ZN3ltc5input3etc5StartEv
                0x0800b4bc       0x20 /var/folders/h9/chptfhc14rj9vz87bx3sjmq00000gn/T//ccc66E72.ltrans0.ltrans.o
 .text._ZN3ltc5input3etc4StopEv
                0x0800b4dc       0x1c /var/folders/h9/chptfhc14rj9vz87bx3sjmq00000gn/T//ccc66E72.ltrans0.ltrans.o
 .text._ZN3ltc5input7systime5StartEv
                0x0800b4f8       0x4c /var/folders/h9/chptfhc14rj9vz87bx3sjmq00000gn/T//ccc66E72.ltrans0.ltrans.o
 .text._ZN7network4apps9ntpclient3ptp4InitEv
                0x0800b544       0x84 /var/folders/h9/chptfhc14rj9vz87bx3sjmq00000gn/T//ccc66E72.ltrans0.ltrans.o
 .text._ZN9AppleMidi33StaticCallbackFunctionMidiMessageEPKhmmt
                0x0800b5c8      0x13c /var/folders/h9/chptfhc14rj9vz87bx3sjmq00000gn/T//ccc66E72.ltrans0.ltrans.o
 .text._ZN3ltc12_GLOBAL__N_1L4InitEv
                0x0800b704       0x10 /var/folders/h9/chptfhc14rj9vz87bx3sjmq00000gn/T//ccc66E72.ltrans0.ltrans.o
 .text._ZN3ltc6output4midi5StartEv
                0x0800b714       0x38 /var/folders/h9/chptfhc14rj9vz87bx3sjmq00000gn/T//ccc66E72.ltrans0.ltrans.o
 .text._ZN5shell3ltc9UtcOffsetESt4spanIKSt17basic_string_viewIcSt11char_traitsIcEELj4294967295EE
                0x0800b74c       0x74 /var/folders/h9/chptfhc14rj9vz87bx3sjmq00000gn/T//ccc66E72.ltrans0.ltrans.o
 .text._ZN5shell4DateESt4spanIKSt17basic_string_viewIcSt11char_traitsIcEELj4294967295EE
                0x0800b7c0       0x78 /var/folders/h9/chptfhc14rj9vz87bx3sjmq00000gn/T//ccc66E72.ltrans0.ltrans.o
 .text._ZN4json12GetTimeofdayEPcm
                0x0800b838       0xe0 /var/folders/h9/chptfhc14rj9vz87bx3sjmq00000gn/T//ccc66E72.ltrans0.ltrans.o
 .text._ZN7Display6PrintfEmPKcz
                0x0800b918       0x4c /var/folders/h9/chptfhc14rj9vz87bx3sjmq00000gn/T//ccc66E72.ltrans0.ltrans.o
 .text._ZN5shell7HwClockESt4spanIKSt17basic_string_viewIcSt11char_traitsIcEELj4294967295EE
                0x0800b964       0xa4 /var/folders/h9/chptfhc14rj9vz87bx3sjmq00000gn/T//ccc66E72.ltrans0.ltrans.o
 .text._ZN12RemoteConfig12HandleRebootEv
                0x0800ba08        0x6 /var/folders/h9/chptfhc14rj9vz87bx3sjmq00000gn/T//ccc66E72.ltrans0.ltrans.o
 .text._ZL9SetRebootPKcm
                0x0800ba0e       0x12 /var/folders/h9/chptfhc14rj9vz87bx3sjmq00000gn/T//ccc66E72.ltrans0.ltrans.o
 .text._ZN23HttpDeamonHandleRequest10HandlePostEv
                0x0800ba20      0x1cc /var/folders/h9/chptfhc14rj9vz87bx3sjmq00000gn/T//ccc66E72.ltrans0.ltrans.o
 .text._ZN23HttpDeamonHandleRequest13HandleRequestEmPc
                0x0800bbec      0x5b8 /var/folders/h9/chptfhc14rj9vz87bx3sjmq00000gn/T//ccc66E72.ltrans0.ltrans.o
 .text._ZN10HttpDaemon4DataEmPKhmPv
                0x0800c1a4       0x1c /var/folders/h9/chptfhc14rj9vz87bx3sjmq00000gn/T//ccc66E72.ltrans0.ltrans.o
                0x0800c1a4                HttpDaemon::Data(unsigned long, unsigned char const*, unsigned long, void*)
 .text._ZN13Max7219Matrix5WriteEPKct.constprop.0
                0x0800c1c0       0x90 /var/folders/h9/chptfhc14rj9vz87bx3sjmq00000gn/T//ccc66E72.ltrans0.ltrans.o
 .text._ZN3ltc7display7max72194ShowEPKc
                0x0800c250       0x54 /var/folders/h9/chptfhc14rj9vz87bx3sjmq00000gn/T//ccc66E72.ltrans0.ltrans.o
 .text._ZN13Max7219Matrix8WriteAllEhh.constprop.0
                0x0800c2a4       0x38 /var/folders/h9/chptfhc14rj9vz87bx3sjmq00000gn/T//ccc66E72.ltrans0.ltrans.o
 .text._ZN5shell3ltc9IntensityESt4spanIKSt17basic_string_viewIcSt11char_traitsIcEELj4294967295EE
                0x0800c2dc       0x4c /var/folders/h9/chptfhc14rj9vz87bx3sjmq00000gn/T//ccc66E72.ltrans0.ltrans.o
 .text._ZN3ltc7display7max72195StartEv
                0x0800c328       0xd4 /var/folders/h9/chptfhc14rj9vz87bx3sjmq00000gn/T//ccc66E72.ltrans0.ltrans.o
 .text._ZL4Sendv
                0x0800c3fc      0x10c /var/folders/h9/chptfhc14rj9vz87bx3sjmq00000gn/T//ccc66E72.ltrans0.ltrans.o
 .text.HardFault_Handler
                0x0800c508       0x16 /var/folders/h9/chptfhc14rj9vz87bx3sjmq00000gn/T//ccc66E72.ltrans0.ltrans.o
                0x0800c508                HardFault_Handler
 *fill*         0x0800c51e        0x2 
 .text.HardfaultHandler
                0x0800c520      0x110 /var/folders/h9/chptfhc14rj9vz87bx3sjmq00000gn/T//ccc66E72.ltrans0.ltrans.o
                0x0800c520                HardfaultHandler
 .text._ZN11ConfigStore16SetStatusChangedEv.isra.0
                0x0800c630       0x28 /var/folders/h9/chptfhc14rj9vz87bx3sjmq00000gn/T//ccc66E72.ltrans0.ltrans.o
                0x0800c630                ConfigStore::SetStatusChanged() [clone .isra.0]
 .text._ZN12RemoteConfig14SetDisplayNameEPKc.constprop.0
                0x0800c658       0x58 /var/folders/h9/chptfhc14rj9vz87bx3sjmq00000gn/T//ccc66E72.ltrans0.ltrans.o
 .text._ZN12RemoteConfig13HandleFactoryEv
                0x0800c6b0       0x1c /var/folders/h9/chptfhc14rj9vz87bx3sjmq00000gn/T//ccc66E72.ltrans0.ltrans.o
 .text._ZN4json12_GLOBAL__N_1L7SetDateEPKcm
                0x0800c6cc      0x1a0 /var/folders/h9/chptfhc14rj9vz87bx3sjmq00000gn/T//ccc66E72.ltrans0.ltrans.o
 .text._ZN11ConfigStore5FlashEv.isra.0
                0x0800c86c      0x148 /var/folders/h9/chptfhc14rj9vz87bx3sjmq00000gn/T//ccc66E72.ltrans0.ltrans.o
                0x0800c86c                ConfigStore::Flash() [clone .isra.0]
 .text._ZN11ConfigStore5TimerEl
                0x0800c9b4       0x28 /var/folders/h9/chptfhc14rj9vz87bx3sjmq00000gn/T//ccc66E72.ltrans0.ltrans.o
 .text._ZN7Display3GetEv
                0x0800c9dc       0x28 /var/folders/h9/chptfhc14rj9vz87bx3sjmq00000gn/T//ccc66E72.ltrans0.ltrans.o
                0x0800c9dc                Display::Get()
 .text._ZN3ltc5input6Source12DisplayInputEv
                0x0800ca04       0x40 /var/folders/h9/chptfhc14rj9vz87bx3sjmq00000gn/T//ccc66E72.ltrans0.ltrans.o
 .text._ZN3ltc6output11Destination18DistributeInternalEPKNS_8TimeCodeE
                0x0800ca44      0x434 /var/folders/h9/chptfhc14rj9vz87bx3sjmq00000gn/T//ccc66E72.ltrans0.ltrans.o
 .text._ZN3ltc6output11Destination10DistributeEPKNS_8TimeCodeE
                0x0800ce78       0x64 /var/folders/h9/chptfhc14rj9vz87bx3sjmq00000gn/T//ccc66E72.ltrans0.ltrans.o
 .text._ZN7RtpMidi13HandleRtpMidiEPKh
                0x0800cedc      0x1b0 /var/folders/h9/chptfhc14rj9vz87bx3sjmq00000gn/T//ccc66E72.ltrans0.ltrans.o
 .text._ZN3ltc5input6artnet12_GLOBAL__N_1L8InputUdpEPKhmmt
                0x0800d08c       0x2c /var/folders/h9/chptfhc14rj9vz87bx3sjmq00000gn/T//ccc66E72.ltrans0.ltrans.o
 .text._ZN3ltc7display4oled5StartEv
                0x0800d0b8       0x34 /var/folders/h9/chptfhc14rj9vz87bx3sjmq00000gn/T//ccc66E72.ltrans0.ltrans.o
 .text._ZN3ltc7display4oled4StopEv
                0x0800d0ec       0x1e /var/folders/h9/chptfhc14rj9vz87bx3sjmq00000gn/T//ccc66E72.ltrans0.ltrans.o
 *fill*         0x0800d10a        0x2 
 .text._ZN8watchdog4InitEv
                0x0800d10c       0x28 /var/folders/h9/chptfhc14rj9vz87bx3sjmq00000gn/T//ccc66E72.ltrans0.ltrans.o
                0x0800d10c                watchdog::Init()
 .text._ZN5debug9PrintBitsItEEvT_PKc
                0x0800d134       0x44 /var/folders/h9/chptfhc14rj9vz87bx3sjmq00000gn/T//ccc66E72.ltrans0.ltrans.o
                0x0800d134                void debug::PrintBits<unsigned short>(unsigned short, char const*)
 .text._ZN3ltc5input6Source6SelectENS_5InputE.isra.0
                0x0800d178      0x1b8 /var/folders/h9/chptfhc14rj9vz87bx3sjmq00000gn/T//ccc66E72.ltrans0.ltrans.o
 .text._ZN5shell3ltc5InputESt4spanIKSt17basic_string_viewIcSt11char_traitsIcEELj4294967295EE
                0x0800d330       0xa8 /var/folders/h9/chptfhc14rj9vz87bx3sjmq00000gn/T//ccc66E72.ltrans0.ltrans.o
 .text._ZN5shell3ltc6EnableESt4spanIKSt17basic_string_viewIcSt11char_traitsIcEELj4294967295EE
                0x0800d3d8       0xac /var/folders/h9/chptfhc14rj9vz87bx3sjmq00000gn/T//ccc66E72.ltrans0.ltrans.o
 .text._ZN5shell3ltc7DisableESt4spanIKSt17basic_string_viewIcSt11char_traitsIcEELj4294967295EE
                0x0800d484       0xac /var/folders/h9/chptfhc14rj9vz87bx3sjmq00000gn/T//ccc66E72.ltrans0.ltrans.o
 .text.USART5_IRQHandler
                0x0800d530       0x68 /var/folders/h9/chptfhc14rj9vz87bx3sjmq00000gn/T//ccc66E72.ltrans0.ltrans.o
                0x0800d530                USART5_IRQHandler
 .text._ZN5pixel6output4StopEv
                0x0800d598       0x34 /var/folders/h9/chptfhc14rj9vz87bx3sjmq00000gn/T//ccc66E72.ltrans0.ltrans.o
                0x0800d598                pixel::output::Stop()
 .text._ZN3ltc7display5pixel4StopEv
                0x0800d5cc        0x4 /var/folders/h9/chptfhc14rj9vz87bx3sjmq00000gn/T//ccc66E72.ltrans0.ltrans.o
 .text.TIMER7_Channel_IRQHandler
                0x0800d5d0       0x4c /var/folders/h9/chptfhc14rj9vz87bx3sjmq00000gn/T//ccc66E72.ltrans0.ltrans.o
                0x0800d5d0                TIMER7_Channel_IRQHandler
 .text._ZN7Display10TextStatusEPKc
                0x0800d61c       0x94 /var/folders/h9/chptfhc14rj9vz87bx3sjmq00000gn/T//ccc66E72.ltrans0.ltrans.o
                0x0800d61c                Display::TextStatus(char const*)
 .text._ZL5InputPKhmmt
                0x0800d6b0      0x384 /var/folders/h9/chptfhc14rj9vz87bx3sjmq00000gn/T//ccc66E72.ltrans0.ltrans.o
 .text._ZL9SetStatusN3ntp6StatusE
                0x0800da34       0x3c /var/folders/h9/chptfhc14rj9vz87bx3sjmq00000gn/T//ccc66E72.ltrans0.ltrans.o
 .text._ZN7network4apps9ntpclient3ptp4StopEb
                0x0800da70       0x38 /var/folders/h9/chptfhc14rj9vz87bx3sjmq00000gn/T//ccc66E72.ltrans0.ltrans.o
 .text._ZN3ltc9ntpserver5StartEv
                0x0800daa8       0xc4 /var/folders/h9/chptfhc14rj9vz87bx3sjmq00000gn/T//ccc66E72.ltrans0.ltrans.o
 .text._ZL11PtpNtpTimerl
                0x0800db6c       0x4c /var/folders/h9/chptfhc14rj9vz87bx3sjmq00000gn/T//ccc66E72.ltrans0.ltrans.o
 .text.EXTI5_9_IRQHandler
                0x0800dbb8       0x68 /var/folders/h9/chptfhc14rj9vz87bx3sjmq00000gn/T//ccc66E72.ltrans0.ltrans.o
                0x0800dbb8                EXTI5_9_IRQHandler
 .text.USART2_IRQHandler
                0x0800dc20      0x180 /var/folders/h9/chptfhc14rj9vz87bx3sjmq00000gn/T//ccc66E72.ltrans0.ltrans.o
                0x0800dc20                USART2_IRQHandler
 .text.TIMER0_UP_TIMER9_IRQHandler
                0x0800dda0       0x38 /var/folders/h9/chptfhc14rj9vz87bx3sjmq00000gn/T//ccc66E72.ltrans0.ltrans.o
                0x0800dda0                TIMER0_UP_TIMER9_IRQHandler
 .text.TIMER3_IRQHandler
                0x0800ddd8       0x7c /var/folders/h9/chptfhc14rj9vz87bx3sjmq00000gn/T//ccc66E72.ltrans0.ltrans.o
                0x0800ddd8                TIMER3_IRQHandler
 .text.TIMER0_TRG_CMT_TIMER10_IRQHandler
                0x0800de54      0x174 /var/folders/h9/chptfhc14rj9vz87bx3sjmq00000gn/T//ccc66E72.ltrans0.ltrans.o
                0x0800de54                TIMER0_TRG_CMT_TIMER10_IRQHandler
 .text.TIMER6_IRQHandler
                0x0800dfc8       0x44 /var/folders/h9/chptfhc14rj9vz87bx3sjmq00000gn/T//ccc66E72.ltrans0.ltrans.o
                0x0800dfc8                TIMER6_IRQHandler
 .text._ZN7network5event18Ipv4AddressChangedEv
                0x0800e00c      0x114 /var/folders/h9/chptfhc14rj9vz87bx3sjmq00000gn/T//ccc66E72.ltrans0.ltrans.o
                0x0800e00c                network::event::Ipv4AddressChanged()
 .text.ENET_IRQHandler
                0x0800e120       0x60 /var/folders/h9/chptfhc14rj9vz87bx3sjmq00000gn/T//ccc66E72.ltrans0.ltrans.o
                0x0800e120                ENET_IRQHandler
 .text.__NVIC_SystemReset.lto_priv.0.lto_priv.0
                0x0800e180       0x24 /var/folders/h9/chptfhc14rj9vz87bx3sjmq00000gn/T//ccc66E72.ltrans0.ltrans.o
                0x0800e180                __NVIC_SystemReset.lto_priv.1.lto_priv.0
                0x0800e180                __NVIC_SystemReset.lto_priv.0.lto_priv.0
 .text._ZN5shell6RebootESt4spanIKSt17basic_string_viewIcSt11char_traitsIcEELj4294967295EE
                0x0800e1a4       0x18 /var/folders/h9/chptfhc14rj9vz87bx3sjmq00000gn/T//ccc66E72.ltrans0.ltrans.o
 .text._ZN7Display8SetSleepEb
                0x0800e1bc       0x48 /var/folders/h9/chptfhc14rj9vz87bx3sjmq00000gn/T//ccc66E72.ltrans0.ltrans.o
                0x0800e1bc                Display::SetSleep(bool)
 .text._ZN12RemoteConfig16HandleDisplaySetEv
                0x0800e204       0x20 /var/folders/h9/chptfhc14rj9vz87bx3sjmq00000gn/T//ccc66E72.ltrans0.ltrans.o
 .text._ZN12RemoteConfig13HandleTftpSetEv
                0x0800e224       0xa4 /var/folders/h9/chptfhc14rj9vz87bx3sjmq00000gn/T//ccc66E72.ltrans0.ltrans.o
 .text._ZL10SetDisplayPKcm
                0x0800e2c8       0x1c /var/folders/h9/chptfhc14rj9vz87bx3sjmq00000gn/T//ccc66E72.ltrans0.ltrans.o
 .text._Z18ParseJsonWithTablePKcjPKN4json3KeyEj
                0x0800e2e4      0x148 /var/folders/h9/chptfhc14rj9vz87bx3sjmq00000gn/T//ccc66E72.ltrans0.ltrans.o
                0x0800e2e4                ParseJsonWithTable(char const*, unsigned int, json::Key const*, unsigned int)
 .text._ZN4json12SetTimeofdayEPKcm
                0x0800e42c       0x50 /var/folders/h9/chptfhc14rj9vz87bx3sjmq00000gn/T//ccc66E72.ltrans0.ltrans.o
 .text._ZN4json6config9SetGlobalEPKcm
                0x0800e47c       0x68 /var/folders/h9/chptfhc14rj9vz87bx3sjmq00000gn/T//ccc66E72.ltrans0.ltrans.o
 .text._ZN4json6config15SetRemoteConfigEPKcm
                0x0800e4e4       0x54 /var/folders/h9/chptfhc14rj9vz87bx3sjmq00000gn/T//ccc66E72.ltrans0.ltrans.o
 .text._ZN4json6action3SetEPKcm
                0x0800e538        0xc /var/folders/h9/chptfhc14rj9vz87bx3sjmq00000gn/T//ccc66E72.ltrans0.ltrans.o
 .text._ZN7JsonDoc5WriteEPKc
                0x0800e544       0x3e /var/folders/h9/chptfhc14rj9vz87bx3sjmq00000gn/T//ccc66E72.ltrans0.ltrans.o
                0x0800e544                JsonDoc::Write(char const*)
 *fill*         0x0800e582        0x2 
 .text._ZN7JsonDoc8KeyProxyaSEPKc.isra.0
                0x0800e584       0x44 /var/folders/h9/chptfhc14rj9vz87bx3sjmq00000gn/T//ccc66E72.ltrans0.ltrans.o
                0x0800e584                JsonDoc::KeyProxy::operator=(char const*) [clone .isra.0]
 .text._ZN4json6config9GetGlobalEPcm
                0x0800e5c8       0x80 /var/folders/h9/chptfhc14rj9vz87bx3sjmq00000gn/T//ccc66E72.ltrans0.ltrans.o
 .text._ZN4json6config15GetRemoteConfigEPcm
                0x0800e648       0x5c /var/folders/h9/chptfhc14rj9vz87bx3sjmq00000gn/T//ccc66E72.ltrans0.ltrans.o
 .text._ZN4emac3eth7FreePktEv
                0x0800e6a4       0x70 /var/folders/h9/chptfhc14rj9vz87bx3sjmq00000gn/T//ccc66E72.ltrans0.ltrans.o
                0x0800e6a4                emac::eth::FreePkt()
 .text._ZN4emac3ethL16PtpFrameTransmitILb0EEEvm.lto_priv.0
                0x0800e714       0x60 /var/folders/h9/chptfhc14rj9vz87bx3sjmq00000gn/T//ccc66E72.ltrans0.ltrans.o
                0x0800e714                void emac::eth::PtpFrameTransmit<false>(unsigned long) [clone .lto_priv.0]
 .text._ZN4emac3ethL16PtpFrameTransmitILb1EEEvm.lto_priv.0
                0x0800e774       0x90 /var/folders/h9/chptfhc14rj9vz87bx3sjmq00000gn/T//ccc66E72.ltrans0.ltrans.o
                0x0800e774                void emac::eth::PtpFrameTransmit<true>(unsigned long) [clone .lto_priv.0]
 .text._ZN7network4apps9ntpclient3ptp5StartEv
                0x0800e804       0x50 /var/folders/h9/chptfhc14rj9vz87bx3sjmq00000gn/T//ccc66E72.ltrans0.ltrans.o
                0x0800e804                network::apps::ntpclient::ptp::Start()
 .text._ZN3ltc9ntpserver4StopEv
                0x0800e854       0x28 /var/folders/h9/chptfhc14rj9vz87bx3sjmq00000gn/T//ccc66E72.ltrans0.ltrans.o
 .text._ZN7network4apps9ntpclient3ptp11SetServerIpEm
                0x0800e87c       0x1c /var/folders/h9/chptfhc14rj9vz87bx3sjmq00000gn/T//ccc66E72.ltrans0.ltrans.o
                0x0800e87c                network::apps::ntpclient::ptp::SetServerIp(unsigned long)
 .text._ZN7network4apps9ntpclient3ptp11GetServerIpEv
                0x0800e898        0xc /var/folders/h9/chptfhc14rj9vz87bx3sjmq00000gn/T//ccc66E72.ltrans0.ltrans.o
                0x0800e898                network::apps::ntpclient::ptp::GetServerIp()
 .text._ZN5netifL17NetifIssueReportsEv.lto_priv.0
                0x0800e8a4       0x18 /var/folders/h9/chptfhc14rj9vz87bx3sjmq00000gn/T//ccc66E72.ltrans0.ltrans.o
                0x0800e8a4                netif::NetifIssueReports() [clone .lto_priv.0]
 .text._ZN5netifL16NetifDoSetIpaddrEN7network7ip_addrERS1_.lto_priv.0
                0x0800e8bc       0x68 /var/folders/h9/chptfhc14rj9vz87bx3sjmq00000gn/T//ccc66E72.ltrans0.ltrans.o
                0x0800e8bc                netif::NetifDoSetIpaddr(network::ip_addr, network::ip_addr&) [clone .lto_priv.0]
 .text._ZN5netif10SetNetmaskEN7network7ip_addrE
                0x0800e924       0x28 /var/folders/h9/chptfhc14rj9vz87bx3sjmq00000gn/T//ccc66E72.ltrans0.ltrans.o
                0x0800e924                netif::SetNetmask(network::ip_addr)
 .text._ZN5netif5SetGwEN7network7ip_addrE
                0x0800e94c       0x24 /var/folders/h9/chptfhc14rj9vz87bx3sjmq00000gn/T//ccc66E72.ltrans0.ltrans.o
                0x0800e94c                netif::SetGw(network::ip_addr)
 .text._ZN5netif7SetAddrEN7network7ip_addrES1_S1_
                0x0800e970       0x9c /var/folders/h9/chptfhc14rj9vz87bx3sjmq00000gn/T//ccc66E72.ltrans0.ltrans.o
                0x0800e970                netif::SetAddr(network::ip_addr, network::ip_addr, network::ip_addr)
 .text._ZN5netif11SetLinkDownEv
                0x0800ea0c       0x54 /var/folders/h9/chptfhc14rj9vz87bx3sjmq00000gn/T//ccc66E72.ltrans0.ltrans.o
                0x0800ea0c                netif::SetLinkDown()
 .text._ZN7network3tcpL11SendSegmentEPNS0_3TcbERKNS0_8SendInfoEb.lto_priv.0
                0x0800ea60      0x36c /var/folders/h9/chptfhc14rj9vz87bx3sjmq00000gn/T//ccc66E72.ltrans0.ltrans.o
                0x0800ea60                network::tcp::SendSegment(network::tcp::Tcb*, network::tcp::SendInfo const&, bool) [clone .lto_priv.0]
 .text._ZN7network3tcpL9SendResetEPNS0_6HeaderEPNS0_3TcbE
                0x0800edcc       0x6c /var/folders/h9/chptfhc14rj9vz87bx3sjmq00000gn/T//ccc66E72.ltrans0.ltrans.o
 .text._ZN7network3tcpL7FreeTcbEPNS0_3TcbE.lto_priv.0
                0x0800ee38       0xa4 /var/folders/h9/chptfhc14rj9vz87bx3sjmq00000gn/T//ccc66E72.ltrans0.ltrans.o
                0x0800ee38                network::tcp::FreeTcb(network::tcp::Tcb*) [clone .lto_priv.0]
 .text.startup.main
                0x0800eedc     0x1b9c /var/folders/h9/chptfhc14rj9vz87bx3sjmq00000gn/T//ccc66E72.ltrans0.ltrans.o
                0x0800eedc                main
 .text._ZN5pixel6output5StartEv
                0x08010a78      0x288 /var/folders/h9/chptfhc14rj9vz87bx3sjmq00000gn/T//ccc66E72.ltrans0.ltrans.o
 .text._ZN3ltc7display5pixel5StartEv
                0x08010d00       0x12 /var/folders/h9/chptfhc14rj9vz87bx3sjmq00000gn/T//ccc66E72.ltrans0.ltrans.o
 *fill*         0x08010d12        0x2 
 .text._ZN12_GLOBAL__N_1L12Timer9ConfigEv
                0x08010d14       0x6c /var/folders/h9/chptfhc14rj9vz87bx3sjmq00000gn/T//ccc66E72.ltrans0.ltrans.o
 .text._ZN3ltc5input4midi5StartEv
                0x08010d80       0x50 /var/folders/h9/chptfhc14rj9vz87bx3sjmq00000gn/T//ccc66E72.ltrans0.ltrans.o
 .text._ZN3ltc5input9applemidi5StartEv
                0x08010dd0       0x14 /var/folders/h9/chptfhc14rj9vz87bx3sjmq00000gn/T//ccc66E72.ltrans0.ltrans.o
 .text._ZN5shell3ltc3GpsESt4spanIKSt17basic_string_viewIcSt11char_traitsIcEELj4294967295EE
                0x08010de4      0x338 /var/folders/h9/chptfhc14rj9vz87bx3sjmq00000gn/T//ccc66E72.ltrans0.ltrans.o
 .text.startup._Z41__static_initialization_and_destruction_0v.lto_priv.4
                0x0801111c       0x1c /var/folders/h9/chptfhc14rj9vz87bx3sjmq00000gn/T//ccc66E72.ltrans1.ltrans.o
 .text._ZN7network8MemcpyIpEPKh
                0x08011138       0x18 /var/folders/h9/chptfhc14rj9vz87bx3sjmq00000gn/T//ccc66E72.ltrans1.ltrans.o
 .text._ZN7network3arpL10FindRecordEmNS0_5FlagsE
                0x08011150       0xc4 /var/folders/h9/chptfhc14rj9vz87bx3sjmq00000gn/T//ccc66E72.ltrans1.ltrans.o
 .text._ZN7network8MemcpyIpEPhm
                0x08011214       0x18 /var/folders/h9/chptfhc14rj9vz87bx3sjmq00000gn/T//ccc66E72.ltrans1.ltrans.o
 .text._ZN7network4dhcpL9HandleAckEPKNS0_7MessageE
                0x0801122c       0x40 /var/folders/h9/chptfhc14rj9vz87bx3sjmq00000gn/T//ccc66E72.ltrans1.ltrans.o
 .text._ZN7network4igmp11LookupGroupEm
                0x0801126c       0x30 /var/folders/h9/chptfhc14rj9vz87bx3sjmq00000gn/T//ccc66E72.ltrans1.ltrans.o
 .text.rand     0x0801129c       0x20 /var/folders/h9/chptfhc14rj9vz87bx3sjmq00000gn/T//ccc66E72.ltrans1.ltrans.o
                0x0801129c                rand
 .text._ZN7network4apps4mdns12_GLOBAL__N_1L21PutDomainNameAsLabelsEPhRKNS2_6DomainE
                0x080112bc       0xe0 /var/folders/h9/chptfhc14rj9vz87bx3sjmq00000gn/T//ccc66E72.ltrans1.ltrans.o
 .text._ZN7network4apps4mdns12_GLOBAL__N_16Domain8AddLabelEPKcj
                0x0801139c       0x26 /var/folders/h9/chptfhc14rj9vz87bx3sjmq00000gn/T//ccc66E72.ltrans1.ltrans.o
 *fill*         0x080113c2        0x2 
 .text._ZN7network4apps4mdns12_GLOBAL__N_1L19CreateReverseDomainERNS2_6DomainE
                0x080113c4       0x8c /var/folders/h9/chptfhc14rj9vz87bx3sjmq00000gn/T//ccc66E72.ltrans1.ltrans.o
 .text._ZZN4json6status4emac4EmacEPcmENKUlPKcE_clES4_
                0x08011450       0x20 /var/folders/h9/chptfhc14rj9vz87bx3sjmq00000gn/T//ccc66E72.ltrans1.ltrans.o
 .text._ZZN4json6status4emac4EmacEPcmENKUlmE_clEm
                0x08011470       0x48 /var/folders/h9/chptfhc14rj9vz87bx3sjmq00000gn/T//ccc66E72.ltrans1.ltrans.o
 .text._ZN4json6status4emac4EmacEPcm
                0x080114b8      0x104 /var/folders/h9/chptfhc14rj9vz87bx3sjmq00000gn/T//ccc66E72.ltrans1.ltrans.o
                0x080114b8                json::status::emac::Emac(char*, unsigned long)
 .text._ZN4json13NetworkParams14SetUseStaticIpEPKcm
                0x080115bc       0x20 /var/folders/h9/chptfhc14rj9vz87bx3sjmq00000gn/T//ccc66E72.ltrans1.ltrans.o
 .text._ZN4json13NetworkParams11SetHostnameEPKcm
                0x080115dc       0x28 /var/folders/h9/chptfhc14rj9vz87bx3sjmq00000gn/T//ccc66E72.ltrans1.ltrans.o
 .text._ZN4gd324enet13FilterSetHashEm
                0x08011604       0x24 /var/folders/h9/chptfhc14rj9vz87bx3sjmq00000gn/T//ccc66E72.ltrans1.ltrans.o
 .text._ZN7network3CrcEPKhj.constprop.0
                0x08011628       0x3c /var/folders/h9/chptfhc14rj9vz87bx3sjmq00000gn/T//ccc66E72.ltrans1.ltrans.o
 .text._ZN10DisplaySet17SetFlipVerticallyEb
                0x08011664        0x2 /var/folders/h9/chptfhc14rj9vz87bx3sjmq00000gn/T//ccc66E72.ltrans1.ltrans.o
                0x08011664                DisplaySet::SetFlipVertically(bool)
 *fill*         0x08011666        0x2 
 .text._ZN12_GLOBAL__N_1L8LedblinkEl
                0x08011668       0x10 /var/folders/h9/chptfhc14rj9vz87bx3sjmq00000gn/T//ccc66E72.ltrans1.ltrans.o
 .text._ZN7HwClock6RtcGetEP2tm.isra.0
                0x08011678       0x88 /var/folders/h9/chptfhc14rj9vz87bx3sjmq00000gn/T//ccc66E72.ltrans1.ltrans.o
 .text._ZN12_GLOBAL__N_1L8SendStopILm1073763328EEElv.isra.0
                0x08011700       0x24 /var/folders/h9/chptfhc14rj9vz87bx3sjmq00000gn/T//ccc66E72.ltrans1.ltrans.o
 .text._ZN12_GLOBAL__N_1L9SetCsHighEv
                0x08011724       0x18 /var/folders/h9/chptfhc14rj9vz87bx3sjmq00000gn/T//ccc66E72.ltrans1.ltrans.o
 .text._ZN12_GLOBAL__N_1L8SetCsLowEv
                0x0801173c       0x18 /var/folders/h9/chptfhc14rj9vz87bx3sjmq00000gn/T//ccc66E72.ltrans1.ltrans.o
 .text._ZN12_GLOBAL__N_1L12SpiWriteReadEh
                0x08011754       0x24 /var/folders/h9/chptfhc14rj9vz87bx3sjmq00000gn/T//ccc66E72.ltrans1.ltrans.o
 .text._Z17Gd32SpiTransfernbPKcPcm
                0x08011778       0x26 /var/folders/h9/chptfhc14rj9vz87bx3sjmq00000gn/T//ccc66E72.ltrans1.ltrans.o
 .text.i2c_flag_get
                0x0801179e       0x10 /var/folders/h9/chptfhc14rj9vz87bx3sjmq00000gn/T//ccc66E72.ltrans1.ltrans.o
 *fill*         0x080117ae        0x2 
 .text._Z12Gd32I2cWritePKcm
                0x080117b0       0xcc /var/folders/h9/chptfhc14rj9vz87bx3sjmq00000gn/T//ccc66E72.ltrans1.ltrans.o
 .text._ZN12_GLOBAL__N_1L18ReadImplementationILm1073763328EEEhPcm
                0x0801187c      0x154 /var/folders/h9/chptfhc14rj9vz87bx3sjmq00000gn/T//ccc66E72.ltrans1.ltrans.o
 .text._ZL6ItostriPci
                0x080119d0       0x76 /var/folders/h9/chptfhc14rj9vz87bx3sjmq00000gn/T//ccc66E72.ltrans1.ltrans.o
 .text._ZN12_GLOBAL__N_1L10IsleapyearEi
                0x08011a46       0x2c /var/folders/h9/chptfhc14rj9vz87bx3sjmq00000gn/T//ccc66E72.ltrans1.ltrans.o
 *fill*         0x08011a72        0x2 
 .text._ZN12_GLOBAL__N_1L14GetdaysofmonthEii
                0x08011a74       0x20 /var/folders/h9/chptfhc14rj9vz87bx3sjmq00000gn/T//ccc66E72.ltrans1.ltrans.o
 .text._ZN7network4dhcp12_GLOBAL__N_1L11MessageInitEv
                0x08011a94       0x40 /var/folders/h9/chptfhc14rj9vz87bx3sjmq00000gn/T//ccc66E72.ltrans1.ltrans.o
 .text._ZN7network4apps4mdns12_GLOBAL__N_1L11AddQuestionEPhRKNS2_6DomainENS_3dns6RRTypeEb
                0x08011ad4       0x1e /var/folders/h9/chptfhc14rj9vz87bx3sjmq00000gn/T//ccc66E72.ltrans1.ltrans.o
 *fill*         0x08011af2        0x2 
 .text._ZN7network3arpL5TimerEl
                0x08011af4      0x124 /var/folders/h9/chptfhc14rj9vz87bx3sjmq00000gn/T//ccc66E72.ltrans1.ltrans.o
 .text._ZN7network3arp8AcdProbeENS_7ip_addrE
                0x08011c18       0x50 /var/folders/h9/chptfhc14rj9vz87bx3sjmq00000gn/T//ccc66E72.ltrans1.ltrans.o
 .text._ZN7network3arp19AcdSendAnnouncementENS_7ip_addrE
                0x08011c68       0x48 /var/folders/h9/chptfhc14rj9vz87bx3sjmq00000gn/T//ccc66E72.ltrans1.ltrans.o
 .text._ZN7network4igmpL10SendReportEm
                0x08011cb0       0xcc /var/folders/h9/chptfhc14rj9vz87bx3sjmq00000gn/T//ccc66E72.ltrans1.ltrans.o
 .text._ZN7network4igmpL5TimerEl
                0x08011d7c       0x54 /var/folders/h9/chptfhc14rj9vz87bx3sjmq00000gn/T//ccc66E72.ltrans1.ltrans.o
 .text._ZN7network4apps4mdns12_GLOBAL__N_1L19CreateServiceDomainERNS2_6DomainERKNS1_13ServiceRecordEb
                0x08011dd0       0x98 /var/folders/h9/chptfhc14rj9vz87bx3sjmq00000gn/T//ccc66E72.ltrans1.ltrans.o
 .text._ZN7network4apps4mdns12_GLOBAL__N_1L16CreateHostDomainERNS2_6DomainE
                0x08011e68       0x40 /var/folders/h9/chptfhc14rj9vz87bx3sjmq00000gn/T//ccc66E72.ltrans1.ltrans.o
 .text._ZN11ConfigStore13NetworkUpdateImEEvMN6common5store7NetworkET_RKS4_.isra.0
                0x08011ea8       0x24 /var/folders/h9/chptfhc14rj9vz87bx3sjmq00000gn/T//ccc66E72.ltrans1.ltrans.o
 .text._ZN7network4apps4mdns12_GLOBAL__N_1L12AddAnswerSrvERKNS1_13ServiceRecordEPhm
                0x08011ecc       0x50 /var/folders/h9/chptfhc14rj9vz87bx3sjmq00000gn/T//ccc66E72.ltrans1.ltrans.o
 .text._ZN7network4apps4mdns12_GLOBAL__N_1L12AddAnswerTxtERKNS1_13ServiceRecordEPhm
                0x08011f1c       0x52 /var/folders/h9/chptfhc14rj9vz87bx3sjmq00000gn/T//ccc66E72.ltrans1.ltrans.o
 .text._ZN7network4apps4mdns12_GLOBAL__N_1L12AddAnswerPtrERKNS1_13ServiceRecordEPhm
                0x08011f6e       0x48 /var/folders/h9/chptfhc14rj9vz87bx3sjmq00000gn/T//ccc66E72.ltrans1.ltrans.o
 *fill*         0x08011fb6        0x2 
 .text._ZN7network4apps4mdns12_GLOBAL__N_1L16AddAnswerDnsdPtrERKNS1_13ServiceRecordEPhm.constprop.0
                0x08011fb8       0x48 /var/folders/h9/chptfhc14rj9vz87bx3sjmq00000gn/T//ccc66E72.ltrans1.ltrans.o
 .text._ZN7network4apps4mdns12_GLOBAL__N_1L10AddAnswerAEPhm
                0x08012000       0x38 /var/folders/h9/chptfhc14rj9vz87bx3sjmq00000gn/T//ccc66E72.ltrans1.ltrans.o
 .text._ZN7network4dhcpL4BindEv
                0x08012038       0xd0 /var/folders/h9/chptfhc14rj9vz87bx3sjmq00000gn/T//ccc66E72.ltrans1.ltrans.o
 .text._ZN7network4apps4mdns12_GLOBAL__N_1eqERKNS2_6DomainES5_
                0x08012108       0x3e /var/folders/h9/chptfhc14rj9vz87bx3sjmq00000gn/T//ccc66E72.ltrans1.ltrans.o
 .text._ZN3net13ParseIpStringEPKcm
                0x08012146       0xb0 /var/folders/h9/chptfhc14rj9vz87bx3sjmq00000gn/T//ccc66E72.ltrans1.ltrans.o
 *fill*         0x080121f6        0x2 
 .text._ZN4json13NetworkParams12SetIpAddressEPKcm
                0x080121f8       0x10 /var/folders/h9/chptfhc14rj9vz87bx3sjmq00000gn/T//ccc66E72.ltrans1.ltrans.o
 .text._ZN4json13NetworkParams10SetNetMaskEPKcm
                0x08012208       0x10 /var/folders/h9/chptfhc14rj9vz87bx3sjmq00000gn/T//ccc66E72.ltrans1.ltrans.o
 .text._ZN4json13NetworkParams17SetDefaultGatewayEPKcm
                0x08012218       0x10 /var/folders/h9/chptfhc14rj9vz87bx3sjmq00000gn/T//ccc66E72.ltrans1.ltrans.o
 .text._ZN4json13NetworkParams12SetNtpServerEPKcm
                0x08012228       0x10 /var/folders/h9/chptfhc14rj9vz87bx3sjmq00000gn/T//ccc66E72.ltrans1.ltrans.o
 .text._ZN7network3tcp6ListenEtPFvmPKhmPvE.constprop.0
                0x08012238       0x20 /var/folders/h9/chptfhc14rj9vz87bx3sjmq00000gn/T//ccc66E72.ltrans1.ltrans.o
                0x08012238                network::tcp::Listen(unsigned short, void (*)(unsigned long, unsigned char const*, unsigned long, void*)) [clone .constprop.0]
 .text._ZN7network3tcp5AbortEm
                0x08012258       0x48 /var/folders/h9/chptfhc14rj9vz87bx3sjmq00000gn/T//ccc66E72.ltrans1.ltrans.o
                0x08012258                network::tcp::Abort(unsigned long)
 .text._ZN7network4igmp12ReportGroupsEv
                0x080122a0       0x84 /var/folders/h9/chptfhc14rj9vz87bx3sjmq00000gn/T//ccc66E72.ltrans1.ltrans.o
                0x080122a0                network::igmp::ReportGroups()
 .text._ZN4emac3phy4ReadEttRt.constprop.0
                0x08012324       0x3c /var/folders/h9/chptfhc14rj9vz87bx3sjmq00000gn/T//ccc66E72.ltrans1.ltrans.o
                0x08012324                emac::phy::Read(unsigned short, unsigned short, unsigned short&) [clone .constprop.0]
 .text._ZN4emac3phy12_GLOBAL__N_1L8ReadBmsrEtRt.constprop.0
                0x08012360       0x18 /var/folders/h9/chptfhc14rj9vz87bx3sjmq00000gn/T//ccc66E72.ltrans1.ltrans.o
                0x08012360                emac::phy::(anonymous namespace)::ReadBmsr(unsigned short, unsigned short&) [clone .constprop.0]
 .text._ZN4emac3phy12_GLOBAL__N_1L10ReadStatusEtRNS0_6StatusE.constprop.0
                0x08012378       0xb0 /var/folders/h9/chptfhc14rj9vz87bx3sjmq00000gn/T//ccc66E72.ltrans1.ltrans.o
                0x08012378                emac::phy::(anonymous namespace)::ReadStatus(unsigned short, emac::phy::Status&) [clone .constprop.0]
 .text._ZN4emac3phy4link11PinRecoveryEv
                0x08012428       0x16 /var/folders/h9/chptfhc14rj9vz87bx3sjmq00000gn/T//ccc66E72.ltrans1.ltrans.o
                0x08012428                emac::phy::link::PinRecovery()
 *fill*         0x0801243e        0x2 
 .text._ZN4emac3phy5WriteEttt.constprop.0
                0x08012440       0x3c /var/folders/h9/chptfhc14rj9vz87bx3sjmq00000gn/T//ccc66E72.ltrans1.ltrans.o
                0x08012440                emac::phy::Write(unsigned short, unsigned short, unsigned short) [clone .constprop.0]
 .text._ZN4emac3phy10WritePagedEtttt.constprop.0
                0x0801247c       0x3c /var/folders/h9/chptfhc14rj9vz87bx3sjmq00000gn/T//ccc66E72.ltrans1.ltrans.o
                0x0801247c                emac::phy::WritePaged(unsigned short, unsigned short, unsigned short, unsigned short) [clone .constprop.0]
 .text._ZN7Ssd1311D2Ev.lto_priv.0
                0x080124b8        0x2 /var/folders/h9/chptfhc14rj9vz87bx3sjmq00000gn/T//ccc66E72.ltrans1.ltrans.o
                0x080124b8                Ssd1311::~Ssd1311() [clone .lto_priv.0]
                0x080124b8                Ssd1311::~Ssd1311() [clone .lto_priv.0]
 *fill*         0x080124ba        0x2 
 .text.SystemInit
                0x080124bc      0x22c /var/folders/h9/chptfhc14rj9vz87bx3sjmq00000gn/T//ccc66E72.ltrans1.ltrans.o
                0x080124bc                SystemInit
 .text._ZN4gd326timers3dwt7DelayUsEmm.constprop.0
                0x080126e8       0x38 /var/folders/h9/chptfhc14rj9vz87bx3sjmq00000gn/T//ccc66E72.ltrans1.ltrans.o
                0x080126e8                gd32::timers::dwt::DelayUs(unsigned long, unsigned long) [clone .constprop.0]
 .text._ZN4gd326timers6timer66MillisEv
                0x08012720       0x38 /var/folders/h9/chptfhc14rj9vz87bx3sjmq00000gn/T//ccc66E72.ltrans1.ltrans.o
                0x08012720                gd32::timers::timer6::Millis()
 .text._Z16SoftwareTimerRunv
                0x08012758       0x5c /var/folders/h9/chptfhc14rj9vz87bx3sjmq00000gn/T//ccc66E72.ltrans1.ltrans.o
                0x08012758                SoftwareTimerRun()
 .text._ZN4gd3218UartTransmitStringEmPKc.constprop.0
                0x080127b4       0x28 /var/folders/h9/chptfhc14rj9vz87bx3sjmq00000gn/T//ccc66E72.ltrans1.ltrans.o
                0x080127b4                gd32::UartTransmitString(unsigned long, char const*) [clone .constprop.0]
 .text._ZN4gd3212UartTransmitEmPKhm.part.0.constprop.0
                0x080127dc       0x2c /var/folders/h9/chptfhc14rj9vz87bx3sjmq00000gn/T//ccc66E72.ltrans1.ltrans.o
                0x080127dc                gd32::UartTransmit(unsigned long, unsigned char const*, unsigned long) [clone .part.0] [clone .constprop.0]
 .text._Z17Gd32SpiSetSpeedHzm
                0x08012808       0x78 /var/folders/h9/chptfhc14rj9vz87bx3sjmq00000gn/T//ccc66E72.ltrans1.ltrans.o
                0x08012808                Gd32SpiSetSpeedHz(unsigned long)
 .text._Z18Gd32SpiSetDataModeh
                0x08012880       0x2c /var/folders/h9/chptfhc14rj9vz87bx3sjmq00000gn/T//ccc66E72.ltrans1.ltrans.o
                0x08012880                Gd32SpiSetDataMode(unsigned char)
 .text._Z14Gd32SpiWritenbPKcm
                0x080128ac       0x20 /var/folders/h9/chptfhc14rj9vz87bx3sjmq00000gn/T//ccc66E72.ltrans1.ltrans.o
                0x080128ac                Gd32SpiWritenb(char const*, unsigned long)
 .text._ZN12_GLOBAL__N_1L17SpiFlashReadWriteEPKhmS1_Phm.lto_priv.0
                0x080128cc       0x5c /var/folders/h9/chptfhc14rj9vz87bx3sjmq00000gn/T//ccc66E72.ltrans1.ltrans.o
                0x080128cc                (anonymous namespace)::SpiFlashReadWrite(unsigned char const*, unsigned long, unsigned char const*, unsigned char*, unsigned long) [clone .lto_priv.0]
 .text._ZN12_GLOBAL__N_1L20SpiFlashCmdWaitReadyEm.lto_priv.0
                0x08012928       0x60 /var/folders/h9/chptfhc14rj9vz87bx3sjmq00000gn/T//ccc66E72.ltrans1.ltrans.o
                0x08012928                (anonymous namespace)::SpiFlashCmdWaitReady(unsigned long) [clone .lto_priv.0]
 .text._ZN12_GLOBAL__N_1L19SpiFlashWriteCommonEPKhmS1_mb.constprop.0
                0x08012988       0x60 /var/folders/h9/chptfhc14rj9vz87bx3sjmq00000gn/T//ccc66E72.ltrans1.ltrans.o
                0x08012988                (anonymous namespace)::SpiFlashWriteCommon(unsigned char const*, unsigned long, unsigned char const*, unsigned long, bool) [clone .constprop.0]
 .text._ZN5uart07PutCharEi
                0x080129e8       0x20 /var/folders/h9/chptfhc14rj9vz87bx3sjmq00000gn/T//ccc66E72.ltrans1.ltrans.o
                0x080129e8                uart0::PutChar(int)
 .text._ZL7PutCharP7Contexti
                0x08012a08       0x2c /var/folders/h9/chptfhc14rj9vz87bx3sjmq00000gn/T//ccc66E72.ltrans1.ltrans.o
 .text._ZL9FormatHexP7Contextj
                0x08012a34       0xba /var/folders/h9/chptfhc14rj9vz87bx3sjmq00000gn/T//ccc66E72.ltrans1.ltrans.o
 .text._ZL9FormatIntP7Contextm
                0x08012aee       0xbc /var/folders/h9/chptfhc14rj9vz87bx3sjmq00000gn/T//ccc66E72.ltrans1.ltrans.o
 .text._ZN5uart04PutsEPKc
                0x08012baa       0x1a /var/folders/h9/chptfhc14rj9vz87bx3sjmq00000gn/T//ccc66E72.ltrans1.ltrans.o
                0x08012baa                uart0::Puts(char const*)
 .text.dma_deinit
                0x08012bc4       0x46 /var/folders/h9/chptfhc14rj9vz87bx3sjmq00000gn/T//ccc66E72.ltrans1.ltrans.o
                0x08012bc4                dma_deinit
 .text.dma_single_data_mode_init.constprop.0
                0x08012c0a       0x7e /var/folders/h9/chptfhc14rj9vz87bx3sjmq00000gn/T//ccc66E72.ltrans1.ltrans.o
                0x08012c0a                dma_single_data_mode_init.constprop.0
 .text.fwdgt_config.constprop.0
                0x08012c88       0x5c /var/folders/h9/chptfhc14rj9vz87bx3sjmq00000gn/T//ccc66E72.ltrans1.ltrans.o
                0x08012c88                fwdgt_config.constprop.0
 .text.gpio_mode_set
                0x08012ce4       0x44 /var/folders/h9/chptfhc14rj9vz87bx3sjmq00000gn/T//ccc66E72.ltrans1.ltrans.o
                0x08012ce4                gpio_mode_set
 .text.gpio_output_options_set
                0x08012d28       0x42 /var/folders/h9/chptfhc14rj9vz87bx3sjmq00000gn/T//ccc66E72.ltrans1.ltrans.o
                0x08012d28                gpio_output_options_set
 .text.gpio_af_set
                0x08012d6a       0x72 /var/folders/h9/chptfhc14rj9vz87bx3sjmq00000gn/T//ccc66E72.ltrans1.ltrans.o
                0x08012d6a                gpio_af_set
 .text.rcu_periph_clock_enable
                0x08012ddc       0x1a /var/folders/h9/chptfhc14rj9vz87bx3sjmq00000gn/T//ccc66E72.ltrans1.ltrans.o
                0x08012ddc                rcu_periph_clock_enable
                0x08012ddc                rcu_periph_reset_enable
                0x08012ddc                rcu_osci_on
 .text.rcu_periph_reset_disable
                0x08012df6       0x1c /var/folders/h9/chptfhc14rj9vz87bx3sjmq00000gn/T//ccc66E72.ltrans1.ltrans.o
                0x08012df6                rcu_periph_reset_disable
 *fill*         0x08012e12        0x2 
 .text._Z12Gd32SpiBeginv
                0x08012e14       0xa4 /var/folders/h9/chptfhc14rj9vz87bx3sjmq00000gn/T//ccc66E72.ltrans1.ltrans.o
                0x08012e14                Gd32SpiBegin()
 .text.rcu_clock_freq_get
                0x08012eb8       0xd8 /var/folders/h9/chptfhc14rj9vz87bx3sjmq00000gn/T//ccc66E72.ltrans1.ltrans.o
                0x08012eb8                rcu_clock_freq_get
 .text._ZN4gd329UartBeginEmmmmm.constprop.0
                0x08012f90      0x1c4 /var/folders/h9/chptfhc14rj9vz87bx3sjmq00000gn/T//ccc66E72.ltrans1.ltrans.o
                0x08012f90                gd32::UartBegin(unsigned long, unsigned long, unsigned long, unsigned long, unsigned long) [clone .constprop.0]
 .text._ZN5uart04InitEv
                0x08013154       0x10 /var/folders/h9/chptfhc14rj9vz87bx3sjmq00000gn/T//ccc66E72.ltrans1.ltrans.o
                0x08013154                uart0::Init()
 .text._ZN4gd3215UartSetBaudrateEmm.constprop.0
                0x08013164       0x60 /var/folders/h9/chptfhc14rj9vz87bx3sjmq00000gn/T//ccc66E72.ltrans1.ltrans.o
                0x08013164                gd32::UartSetBaudrate(unsigned long, unsigned long) [clone .constprop.0]
 .text.i2c_clock_config.constprop.0
                0x080131c4       0xcc /var/folders/h9/chptfhc14rj9vz87bx3sjmq00000gn/T//ccc66E72.ltrans1.ltrans.o
                0x080131c4                i2c_clock_config.constprop.0
 .text._Z18Gd32I2cIsConnectedhm
                0x08013290       0x40 /var/folders/h9/chptfhc14rj9vz87bx3sjmq00000gn/T//ccc66E72.ltrans1.ltrans.o
                0x08013290                Gd32I2cIsConnected(unsigned char, unsigned long)
 .text._ZNK3I2c5SetupEv
                0x080132d0       0x14 /var/folders/h9/chptfhc14rj9vz87bx3sjmq00000gn/T//ccc66E72.ltrans1.ltrans.o
 .text._ZN3I2c5WriteEPKcm
                0x080132e4       0x16 /var/folders/h9/chptfhc14rj9vz87bx3sjmq00000gn/T//ccc66E72.ltrans1.ltrans.o
 *fill*         0x080132fa        0x2 
 .text._ZN7Ssd13067PutCharEi
                0x080132fc       0x34 /var/folders/h9/chptfhc14rj9vz87bx3sjmq00000gn/T//ccc66E72.ltrans1.ltrans.o
                0x080132fc                Ssd1306::PutChar(int)
 .text._ZN7Ssd13069PutStringEPKc
                0x08013330       0x32 /var/folders/h9/chptfhc14rj9vz87bx3sjmq00000gn/T//ccc66E72.ltrans1.ltrans.o
                0x08013330                Ssd1306::PutString(char const*)
 *fill*         0x08013362        0x2 
 .text._ZN7Ssd13119PutStringEPKc
                0x08013364       0x4c /var/folders/h9/chptfhc14rj9vz87bx3sjmq00000gn/T//ccc66E72.ltrans1.ltrans.o
                0x08013364                Ssd1311::PutString(char const*)
 .text._ZN7Ssd131111SendCommandEh
                0x080133b0       0x1e /var/folders/h9/chptfhc14rj9vz87bx3sjmq00000gn/T//ccc66E72.ltrans1.ltrans.o
 .text._ZN7Ssd13113ClsEv
                0x080133ce        0x6 /var/folders/h9/chptfhc14rj9vz87bx3sjmq00000gn/T//ccc66E72.ltrans1.ltrans.o
                0x080133ce                Ssd1311::Cls()
 .text._ZN7Ssd131112SetCursorPosEmm
                0x080133d4       0x18 /var/folders/h9/chptfhc14rj9vz87bx3sjmq00000gn/T//ccc66E72.ltrans1.ltrans.o
                0x080133d4                Ssd1311::SetCursorPos(unsigned long, unsigned long)
 .text._ZN7Ssd13119ClearLineEm
                0x080133ec       0x34 /var/folders/h9/chptfhc14rj9vz87bx3sjmq00000gn/T//ccc66E72.ltrans1.ltrans.o
                0x080133ec                Ssd1311::ClearLine(unsigned long)
 .text._ZN7Ssd13118TextLineEmPKcm
                0x08013420       0x60 /var/folders/h9/chptfhc14rj9vz87bx3sjmq00000gn/T//ccc66E72.ltrans1.ltrans.o
                0x08013420                Ssd1311::TextLine(unsigned long, char const*, unsigned long)
 .text._ZN7Ssd13118SetSleepEb
                0x08013480       0x14 /var/folders/h9/chptfhc14rj9vz87bx3sjmq00000gn/T//ccc66E72.ltrans1.ltrans.o
                0x08013480                Ssd1311::SetSleep(bool)
 .text._ZN7Ssd131111SetContrastEh
                0x08013494       0x48 /var/folders/h9/chptfhc14rj9vz87bx3sjmq00000gn/T//ccc66E72.ltrans1.ltrans.o
                0x08013494                Ssd1311::SetContrast(unsigned char)
 .text._ZN7Ssd13119SetCursorEm
                0x080134dc       0x28 /var/folders/h9/chptfhc14rj9vz87bx3sjmq00000gn/T//ccc66E72.ltrans1.ltrans.o
                0x080134dc                Ssd1311::SetCursor(unsigned long)
 .text._ZN7Ssd130611SendCommandEh
                0x08013504       0x1e /var/folders/h9/chptfhc14rj9vz87bx3sjmq00000gn/T//ccc66E72.ltrans1.ltrans.o
 *fill*         0x08013522        0x2 
 .text._ZN7Ssd13063ClsEv
                0x08013524       0x74 /var/folders/h9/chptfhc14rj9vz87bx3sjmq00000gn/T//ccc66E72.ltrans1.ltrans.o
                0x08013524                Ssd1306::Cls()
 .text._ZN7Ssd13065StartEv
                0x08013598      0x10c /var/folders/h9/chptfhc14rj9vz87bx3sjmq00000gn/T//ccc66E72.ltrans1.ltrans.o
                0x08013598                Ssd1306::Start()
 .text._ZN7Ssd13068SetSleepEb
                0x080136a4        0xc /var/folders/h9/chptfhc14rj9vz87bx3sjmq00000gn/T//ccc66E72.ltrans1.ltrans.o
                0x080136a4                Ssd1306::SetSleep(bool)
 .text._ZN7Ssd130611SetContrastEh
                0x080136b0       0x18 /var/folders/h9/chptfhc14rj9vz87bx3sjmq00000gn/T//ccc66E72.ltrans1.ltrans.o
                0x080136b0                Ssd1306::SetContrast(unsigned char)
 .text._ZN7Ssd130617SetFlipVerticallyEb
                0x080136c8       0x22 /var/folders/h9/chptfhc14rj9vz87bx3sjmq00000gn/T//ccc66E72.ltrans1.ltrans.o
                0x080136c8                Ssd1306::SetFlipVertically(bool)
 .text._ZN7Ssd130612SetColumnRowEhh
                0x080136ea       0x36 /var/folders/h9/chptfhc14rj9vz87bx3sjmq00000gn/T//ccc66E72.ltrans1.ltrans.o
 .text._ZN7Ssd130611SetCursorOnEv
                0x08013720       0x74 /var/folders/h9/chptfhc14rj9vz87bx3sjmq00000gn/T//ccc66E72.ltrans1.ltrans.o
 .text._ZN7Ssd130616SetCursorBlinkOnEv
                0x08013794       0x70 /var/folders/h9/chptfhc14rj9vz87bx3sjmq00000gn/T//ccc66E72.ltrans1.ltrans.o
 .text._ZN7Ssd130612SetCursorOffEv
                0x08013804       0x44 /var/folders/h9/chptfhc14rj9vz87bx3sjmq00000gn/T//ccc66E72.ltrans1.ltrans.o
 .text._ZN7Ssd130612SetCursorPosEmm
                0x08013848       0x84 /var/folders/h9/chptfhc14rj9vz87bx3sjmq00000gn/T//ccc66E72.ltrans1.ltrans.o
                0x08013848                Ssd1306::SetCursorPos(unsigned long, unsigned long)
 .text._ZN7Ssd13069ClearLineEm
                0x080138cc       0x44 /var/folders/h9/chptfhc14rj9vz87bx3sjmq00000gn/T//ccc66E72.ltrans1.ltrans.o
                0x080138cc                Ssd1306::ClearLine(unsigned long)
 .text._ZN7Ssd13068TextLineEmPKcm
                0x08013910       0x4e /var/folders/h9/chptfhc14rj9vz87bx3sjmq00000gn/T//ccc66E72.ltrans1.ltrans.o
                0x08013910                Ssd1306::TextLine(unsigned long, char const*, unsigned long)
 .text._ZN7Ssd13069SetCursorEm
                0x0801395e       0x20 /var/folders/h9/chptfhc14rj9vz87bx3sjmq00000gn/T//ccc66E72.ltrans1.ltrans.o
                0x0801395e                Ssd1306::SetCursor(unsigned long)
 *fill*         0x0801397e        0x2 
 .text._ZN7Ssd13115StartEv
                0x08013980      0x13c /var/folders/h9/chptfhc14rj9vz87bx3sjmq00000gn/T//ccc66E72.ltrans1.ltrans.o
                0x08013980                Ssd1311::Start()
 .text._ZN7Ssd13117PutCharEi
                0x08013abc       0x22 /var/folders/h9/chptfhc14rj9vz87bx3sjmq00000gn/T//ccc66E72.ltrans1.ltrans.o
                0x08013abc                Ssd1311::PutChar(int)
 *fill*         0x08013ade        0x2 
 .text._Z12Gd32I2cBeginv
                0x08013ae0       0x84 /var/folders/h9/chptfhc14rj9vz87bx3sjmq00000gn/T//ccc66E72.ltrans1.ltrans.o
                0x08013ae0                Gd32I2cBegin()
 .text.rtc_register_sync_wait
                0x08013b64       0x54 /var/folders/h9/chptfhc14rj9vz87bx3sjmq00000gn/T//ccc66E72.ltrans1.ltrans.o
                0x08013b64                rtc_register_sync_wait
 .text.rtc_init.constprop.0
                0x08013bb8       0xfc /var/folders/h9/chptfhc14rj9vz87bx3sjmq00000gn/T//ccc66E72.ltrans1.ltrans.o
                0x08013bb8                rtc_init.constprop.0
 .text._ZN7HwClock6RtcSetEPK2tm.isra.0
                0x08013cb4       0x80 /var/folders/h9/chptfhc14rj9vz87bx3sjmq00000gn/T//ccc66E72.ltrans1.ltrans.o
                0x08013cb4                HwClock::RtcSet(tm const*) [clone .isra.0]
 .text.timer_init
                0x08013d34       0x68 /var/folders/h9/chptfhc14rj9vz87bx3sjmq00000gn/T//ccc66E72.ltrans1.ltrans.o
                0x08013d34                timer_init
 .text.__libc_init_array
                0x08013d9c       0x44 /var/folders/h9/chptfhc14rj9vz87bx3sjmq00000gn/T//ccc66E72.ltrans1.ltrans.o
                0x08013d9c                __libc_init_array
 .text._ZL7VprintfiPKcSt9__va_list.lto_priv.0
                0x08013de0      0x380 /var/folders/h9/chptfhc14rj9vz87bx3sjmq00000gn/T//ccc66E72.ltrans1.ltrans.o
                0x08013de0                Vprintf(int, char const*, std::__va_list) [clone .lto_priv.0]
 .text._ZN5uart06PrintfEPKcz
                0x08014160       0x48 /var/folders/h9/chptfhc14rj9vz87bx3sjmq00000gn/T//ccc66E72.ltrans1.ltrans.o
                0x08014160                uart0::Printf(char const*, ...)
 .text.printf   0x080141a8       0x1e /var/folders/h9/chptfhc14rj9vz87bx3sjmq00000gn/T//ccc66E72.ltrans1.ltrans.o
                0x080141a8                printf
 *fill*         0x080141c6        0x2 
 .text._ZN7network3tcp4SendEmPKhm.isra.0
                0x080141c8      0x1b0 /var/folders/h9/chptfhc14rj9vz87bx3sjmq00000gn/T//ccc66E72.ltrans1.ltrans.o
                0x080141c8                network::tcp::Send(unsigned long, unsigned char const*, unsigned long) [clone .isra.0]
 .text._ZN7network3udp5BeginEtPFvPKhmmtE
                0x08014378       0x68 /var/folders/h9/chptfhc14rj9vz87bx3sjmq00000gn/T//ccc66E72.ltrans1.ltrans.o
                0x08014378                network::udp::Begin(unsigned short, void (*)(unsigned char const*, unsigned long, unsigned long, unsigned short))
 .text._ZN7network3udp3EndEt.isra.0
                0x080143e0       0x5c /var/folders/h9/chptfhc14rj9vz87bx3sjmq00000gn/T//ccc66E72.ltrans1.ltrans.o
                0x080143e0                network::udp::End(unsigned short) [clone .isra.0]
 .text._ZN7network3udp17SendWithTimestampElPKhmmt.constprop.0
                0x0801443c      0x340 /var/folders/h9/chptfhc14rj9vz87bx3sjmq00000gn/T//ccc66E72.ltrans1.ltrans.o
                0x0801443c                network::udp::SendWithTimestamp(long, unsigned char const*, unsigned long, unsigned long, unsigned short) [clone .constprop.0]
 .text._ZN7network3arpL18SendImplementationILNS0_7EthSendE0EEEvPvmm.lto_priv.0
                0x0801477c      0x228 /var/folders/h9/chptfhc14rj9vz87bx3sjmq00000gn/T//ccc66E72.ltrans1.ltrans.o
                0x0801477c                void network::arp::SendImplementation<(network::arp::EthSend)0>(void*, unsigned long, unsigned long) [clone .lto_priv.0]
 .text._ZN7network3udp4SendElPKhmmt
                0x080149a4      0x148 /var/folders/h9/chptfhc14rj9vz87bx3sjmq00000gn/T//ccc66E72.ltrans1.ltrans.o
                0x080149a4                network::udp::Send(long, unsigned char const*, unsigned long, unsigned long, unsigned short)
 .text._ZN7network4dhcp12_GLOBAL__N_1L11SendRequestEv
                0x08014aec       0xd0 /var/folders/h9/chptfhc14rj9vz87bx3sjmq00000gn/T//ccc66E72.ltrans1.ltrans.o
 .text._ZN7network4dhcpL6RebootEv
                0x08014bbc       0x50 /var/folders/h9/chptfhc14rj9vz87bx3sjmq00000gn/T//ccc66E72.ltrans1.ltrans.o
 .text._ZN7network4dhcpL6SelectEv
                0x08014c0c       0x4c /var/folders/h9/chptfhc14rj9vz87bx3sjmq00000gn/T//ccc66E72.ltrans1.ltrans.o
 .text._ZN7network4dhcpL8DiscoverEv
                0x08014c58       0xac /var/folders/h9/chptfhc14rj9vz87bx3sjmq00000gn/T//ccc66E72.ltrans1.ltrans.o
 .text._ZN7network4dhcp5InputEPKhmmt
                0x08014d04      0x16c /var/folders/h9/chptfhc14rj9vz87bx3sjmq00000gn/T//ccc66E72.ltrans1.ltrans.o
 .text._ZN7network4apps4mdns12_GLOBAL__N_1L4SendEm
                0x08014e70       0x44 /var/folders/h9/chptfhc14rj9vz87bx3sjmq00000gn/T//ccc66E72.ltrans1.ltrans.o
 .text._ZN7network4apps4mdns12_GLOBAL__N_1L24SendAnswerLocalIpAddressEtm
                0x08014eb4       0xc8 /var/folders/h9/chptfhc14rj9vz87bx3sjmq00000gn/T//ccc66E72.ltrans1.ltrans.o
 .text._ZN7network4apps4mdns12_GLOBAL__N_1L11SendMessageERKNS1_13ServiceRecordEtm
                0x08014f7c       0xa8 /var/folders/h9/chptfhc14rj9vz87bx3sjmq00000gn/T//ccc66E72.ltrans1.ltrans.o
 .text._ZN7network4apps4mdns12_GLOBAL__N_1L15HandleQuestionsEm
                0x08015024      0x250 /var/folders/h9/chptfhc14rj9vz87bx3sjmq00000gn/T//ccc66E72.ltrans1.ltrans.o
 .text._ZN7network4apps4mdns12_GLOBAL__N_1L5InputEPKhmmt.lto_priv.0
                0x08015274       0x3c /var/folders/h9/chptfhc14rj9vz87bx3sjmq00000gn/T//ccc66E72.ltrans1.ltrans.o
                0x08015274                network::apps::mdns::(anonymous namespace)::Input(unsigned char const*, unsigned long, unsigned long, unsigned short) [clone .lto_priv.0]
 .text._ZN7network4apps4mdns16SendAnnouncementEm
                0x080152b0       0x58 /var/folders/h9/chptfhc14rj9vz87bx3sjmq00000gn/T//ccc66E72.ltrans1.ltrans.o
 .text._ZN7network5iface11SetHostnameEPKc
                0x08015308      0x108 /var/folders/h9/chptfhc14rj9vz87bx3sjmq00000gn/T//ccc66E72.ltrans1.ltrans.o
                0x08015308                network::iface::SetHostname(char const*)
 .text._ZN6common5print5ErrorEPKcS2_
                0x08015410       0x24 /var/folders/h9/chptfhc14rj9vz87bx3sjmq00000gn/T//ccc66E72.ltrans1.ltrans.o
                0x08015410                common::print::Error(char const*, char const*)
 .text._ZN7networkL25PrimaryIpConflictCallbackENS_3acd8CallbackE.lto_priv.0
                0x08015434       0xd8 /var/folders/h9/chptfhc14rj9vz87bx3sjmq00000gn/T//ccc66E72.ltrans1.ltrans.o
                0x08015434                network::PrimaryIpConflictCallback(network::acd::Callback) [clone .lto_priv.0]
 .text._ZN7network4igmpL5LeaveEm
                0x0801550c      0x110 /var/folders/h9/chptfhc14rj9vz87bx3sjmq00000gn/T//ccc66E72.ltrans1.ltrans.o
 .text._ZN7network4igmp10LeaveGroupElm.isra.0
                0x0801561c        0x4 /var/folders/h9/chptfhc14rj9vz87bx3sjmq00000gn/T//ccc66E72.ltrans1.ltrans.o
                0x0801561c                network::igmp::LeaveGroup(long, unsigned long) [clone .isra.0]
 .text._ZN7network4igmp9JoinGroupElm.isra.0
                0x08015620       0xa0 /var/folders/h9/chptfhc14rj9vz87bx3sjmq00000gn/T//ccc66E72.ltrans1.ltrans.o
                0x08015620                network::igmp::JoinGroup(long, unsigned long) [clone .isra.0]
 .text._ZN7network4apps4mdns5StartEv
                0x080156c0       0x68 /var/folders/h9/chptfhc14rj9vz87bx3sjmq00000gn/T//ccc66E72.ltrans1.ltrans.o
 .text._ZN7network4apps4mdns16ServiceRecordAddEPKcNS1_8ServicesES3_t.constprop.0.isra.0
                0x08015728       0xa4 /var/folders/h9/chptfhc14rj9vz87bx3sjmq00000gn/T//ccc66E72.ltrans1.ltrans.o
                0x08015728                network::apps::mdns::ServiceRecordAdd(char const*, network::apps::mdns::Services, char const*, unsigned short) [clone .constprop.0] [clone .isra.0]
 .text._ZN7networkL16NetifExtCallbackEtPKN5netif25netif_ext_callback_args_tE.lto_priv.0
                0x080157cc       0xec /var/folders/h9/chptfhc14rj9vz87bx3sjmq00000gn/T//ccc66E72.ltrans1.ltrans.o
                0x080157cc                network::NetifExtCallback(unsigned short, netif::netif_ext_callback_args_t const*) [clone .lto_priv.0]
 .text._ZN4emac10AdjustLinkENS_3phy6StatusE.isra.0
                0x080158b8      0x26c /var/folders/h9/chptfhc14rj9vz87bx3sjmq00000gn/T//ccc66E72.ltrans1.ltrans.o
                0x080158b8                emac::AdjustLink(emac::phy::Status) [clone .isra.0]
 .text._ZN7Ssd13069PrintInfoEv
                0x08015b24       0x28 /var/folders/h9/chptfhc14rj9vz87bx3sjmq00000gn/T//ccc66E72.ltrans1.ltrans.o
                0x08015b24                Ssd1306::PrintInfo()
 .text._ZN7Ssd13119PrintInfoEv
                0x08015b4c       0x10 /var/folders/h9/chptfhc14rj9vz87bx3sjmq00000gn/T//ccc66E72.ltrans1.ltrans.o
                0x08015b4c                Ssd1311::PrintInfo()
 .text._Z16SoftwareTimerAddmPFvlE
                0x08015b5c       0x78 /var/folders/h9/chptfhc14rj9vz87bx3sjmq00000gn/T//ccc66E72.ltrans1.ltrans.o
                0x08015b5c                SoftwareTimerAdd(unsigned long, void (*)(long))
 .text._ZN7network3acd5StartEPNS0_3AcdENS_7ip_addrE
                0x08015bd4       0x30 /var/folders/h9/chptfhc14rj9vz87bx3sjmq00000gn/T//ccc66E72.ltrans1.ltrans.o
                0x08015bd4                network::acd::Start(network::acd::Acd*, network::ip_addr)
 .text.EXTI0_IRQHandler
                0x08015c04       0xd0 /var/folders/h9/chptfhc14rj9vz87bx3sjmq00000gn/T//ccc66E72.ltrans1.ltrans.o
                0x08015c04                EXTI0_IRQHandler
 .text._Z19SoftwareTimerDeleteRl.isra.0
                0x08015cd4      0x138 /var/folders/h9/chptfhc14rj9vz87bx3sjmq00000gn/T//ccc66E72.ltrans1.ltrans.o
                0x08015cd4                SoftwareTimerDelete(long&) [clone .isra.0]
 .text._ZN7network3acd4StopEPNS0_3AcdE
                0x08015e0c       0x20 /var/folders/h9/chptfhc14rj9vz87bx3sjmq00000gn/T//ccc66E72.ltrans1.ltrans.o
                0x08015e0c                network::acd::Stop(network::acd::Acd*)
 .text._ZN7network3acdL5TimerEl
                0x08015e2c       0xc0 /var/folders/h9/chptfhc14rj9vz87bx3sjmq00000gn/T//ccc66E72.ltrans1.ltrans.o
 .text._ZN7network3acdL7RestartEPNS0_3AcdE
                0x08015eec       0x32 /var/folders/h9/chptfhc14rj9vz87bx3sjmq00000gn/T//ccc66E72.ltrans1.ltrans.o
 *fill*         0x08015f1e        0x2 
 .text._ZN7network5iface13EthernetInputEPKhm.isra.0
                0x08015f20       0xc8 /var/folders/h9/chptfhc14rj9vz87bx3sjmq00000gn/T//ccc66E72.ltrans1.ltrans.o
                0x08015f20                network::iface::EthernetInput(unsigned char const*, unsigned long) [clone .isra.0]
 .text._ZL10SleepTimerl.lto_priv.0
                0x08015fe8       0x20 /var/folders/h9/chptfhc14rj9vz87bx3sjmq00000gn/T//ccc66E72.ltrans1.ltrans.o
                0x08015fe8                SleepTimer(long) [clone .lto_priv.0]
 .text._Z19SoftwareTimerChangelm.isra.0
                0x08016008      0x10c /var/folders/h9/chptfhc14rj9vz87bx3sjmq00000gn/T//ccc66E72.ltrans1.ltrans.o
                0x08016008                SoftwareTimerChange(long, unsigned long) [clone .isra.0]
 .text._ZN5board9statusled12SetFrequencyEm
                0x08016114       0xd4 /var/folders/h9/chptfhc14rj9vz87bx3sjmq00000gn/T//ccc66E72.ltrans1.ltrans.o
                0x08016114                board::statusled::SetFrequency(unsigned long)
 .text._ZN5board9statusled7SetModeENS0_4ModeE
                0x080161e8       0x84 /var/folders/h9/chptfhc14rj9vz87bx3sjmq00000gn/T//ccc66E72.ltrans1.ltrans.o
                0x080161e8                board::statusled::SetMode(board::statusled::Mode)
 .text._ZN7HwClock5PrintEv.isra.0
                0x0801626c       0x5c /var/folders/h9/chptfhc14rj9vz87bx3sjmq00000gn/T//ccc66E72.ltrans1.ltrans.o
                0x0801626c                HwClock::Print() [clone .isra.0]
 .text.__assert_func
                0x080162c8       0x20 /var/folders/h9/chptfhc14rj9vz87bx3sjmq00000gn/T//ccc66E72.ltrans1.ltrans.o
                0x080162c8                __assert_func
 .text.snprintf
                0x080162e8       0x38 /var/folders/h9/chptfhc14rj9vz87bx3sjmq00000gn/T//ccc66E72.ltrans1.ltrans.o
                0x080162e8                snprintf
 .text._ZN3net8FormatIpEmRA16_c
                0x08016320       0x2c /var/folders/h9/chptfhc14rj9vz87bx3sjmq00000gn/T//ccc66E72.ltrans1.ltrans.o
 .text._ZN4json6config10GetNetworkEPcm
                0x0801634c      0x134 /var/folders/h9/chptfhc14rj9vz87bx3sjmq00000gn/T//ccc66E72.ltrans1.ltrans.o
                0x0801634c                json::config::GetNetwork(char*, unsigned long)
 .text._ZN4json6status4emac3PhyEPcm
                0x08016480       0x9c /var/folders/h9/chptfhc14rj9vz87bx3sjmq00000gn/T//ccc66E72.ltrans1.ltrans.o
                0x08016480                json::status::emac::Phy(char*, unsigned long)
 .text.asctime  0x0801651c       0x60 /var/folders/h9/chptfhc14rj9vz87bx3sjmq00000gn/T//ccc66E72.ltrans1.ltrans.o
                0x0801651c                asctime
 .text.strtok   0x0801657c       0x54 /var/folders/h9/chptfhc14rj9vz87bx3sjmq00000gn/T//ccc66E72.ltrans1.ltrans.o
                0x0801657c                strtok
 .text.gmtime   0x080165d0       0x84 /var/folders/h9/chptfhc14rj9vz87bx3sjmq00000gn/T//ccc66E72.ltrans1.ltrans.o
                0x080165d0                gmtime
 .text.mktime   0x08016654       0x86 /var/folders/h9/chptfhc14rj9vz87bx3sjmq00000gn/T//ccc66E72.ltrans1.ltrans.o
                0x08016654                mktime
 *fill*         0x080166da        0x2 
 .text.gettimeofday.constprop.0
                0x080166dc       0x3c /var/folders/h9/chptfhc14rj9vz87bx3sjmq00000gn/T//ccc66E72.ltrans1.ltrans.o
                0x080166dc                gettimeofday.constprop.0
 .text._ZN7HwClock7SysToHcEv.part.0.isra.0
                0x08016718       0x4c /var/folders/h9/chptfhc14rj9vz87bx3sjmq00000gn/T//ccc66E72.ltrans1.ltrans.o
                0x08016718                HwClock::SysToHc() [clone .part.0] [clone .isra.0]
 *fill*         0x08016764        0x4 
 .text.settimeofday.constprop.0.isra.0
                0x08016768       0x68 /var/folders/h9/chptfhc14rj9vz87bx3sjmq00000gn/T//ccc66E72.ltrans1.ltrans.o
                0x08016768                settimeofday.constprop.0.isra.0
 .text._ZN7HwClock7HcToSysEv.part.0
                0x080167d0       0xa4 /var/folders/h9/chptfhc14rj9vz87bx3sjmq00000gn/T//ccc66E72.ltrans1.ltrans.o
                0x080167d0                HwClock::HcToSys() [clone .part.0]
 .text.malloc   0x08016874       0x78 /var/folders/h9/chptfhc14rj9vz87bx3sjmq00000gn/T//ccc66E72.ltrans1.ltrans.o
                0x08016874                malloc
 .text._ZN7network4dhcp5StartEv.isra.0
                0x080168ec       0x78 /var/folders/h9/chptfhc14rj9vz87bx3sjmq00000gn/T//ccc66E72.ltrans1.ltrans.o
                0x080168ec                network::dhcp::Start() [clone .isra.0]
 .text.free     0x08016964       0x34 /var/folders/h9/chptfhc14rj9vz87bx3sjmq00000gn/T//ccc66E72.ltrans1.ltrans.o
                0x08016964                free
 .text._ZN7Ssd1311D0Ev
                0x08016998        0xc /var/folders/h9/chptfhc14rj9vz87bx3sjmq00000gn/T//ccc66E72.ltrans1.ltrans.o
                0x08016998                Ssd1311::~Ssd1311()
 .text._ZN7network4dhcp14ReleaseAndStopEv
                0x080169a4       0xa4 /var/folders/h9/chptfhc14rj9vz87bx3sjmq00000gn/T//ccc66E72.ltrans1.ltrans.o
 .text._ZN7network4dhcpL7FineTmrEl
                0x08016a48       0x8c /var/folders/h9/chptfhc14rj9vz87bx3sjmq00000gn/T//ccc66E72.ltrans1.ltrans.o
 .text._ZN4json6config10SetNetworkEPKcm
                0x08016ad4      0x110 /var/folders/h9/chptfhc14rj9vz87bx3sjmq00000gn/T//ccc66E72.ltrans1.ltrans.o
                0x08016ad4                json::config::SetNetwork(char const*, unsigned long)
 .text._ZN7Ssd1306D2Ev.lto_priv.0
                0x08016be4       0x10 /var/folders/h9/chptfhc14rj9vz87bx3sjmq00000gn/T//ccc66E72.ltrans1.ltrans.o
                0x08016be4                Ssd1306::~Ssd1306() [clone .lto_priv.0]
                0x08016be4                Ssd1306::~Ssd1306() [clone .lto_priv.0]
 .text._ZN7Ssd1306D0Ev
                0x08016bf4       0x12 /var/folders/h9/chptfhc14rj9vz87bx3sjmq00000gn/T//ccc66E72.ltrans1.ltrans.o
                0x08016bf4                Ssd1306::~Ssd1306()
 *fill*         0x08016c06        0x2 
 .text._ZN5board6RebootEv.isra.0
                0x08016c08       0x88 /var/folders/h9/chptfhc14rj9vz87bx3sjmq00000gn/T//ccc66E72.ltrans1.ltrans.o
                0x08016c08                board::Reboot() [clone .isra.0]
 .text.startup._sub_I_65535_0.0
                0x08016c90      0x178 /var/folders/h9/chptfhc14rj9vz87bx3sjmq00000gn/T//ccc66E72.ltrans1.ltrans.o
 .text.exit._sub_D_65535_1.1
                0x08016e08       0x18 /var/folders/h9/chptfhc14rj9vz87bx3sjmq00000gn/T//ccc66E72.ltrans1.ltrans.o
 .text.isdigit  0x08016e20       0x10 /Users/arjanvanvught/Library/xPacks/@xpack-dev-tools/arm-none-eabi-gcc/15.2.1-1.1.1/.content/bin/../lib/gcc/arm-none-eabi/15.2.1/../../../../arm-none-eabi/lib/thumb/v7e-m+fp/hard/libc_nano.a(libc_a-isdigit.o)
                0x08016e20                isdigit
 .text.isprint  0x08016e30       0x10 /Users/arjanvanvught/Library/xPacks/@xpack-dev-tools/arm-none-eabi-gcc/15.2.1-1.1.1/.content/bin/../lib/gcc/arm-none-eabi/15.2.1/../../../../arm-none-eabi/lib/thumb/v7e-m+fp/hard/libc_nano.a(libc_a-isprint.o)
                0x08016e30                isprint
 .text.isspace  0x08016e40       0x10 /Users/arjanvanvught/Library/xPacks/@xpack-dev-tools/arm-none-eabi-gcc/15.2.1-1.1.1/.content/bin/../lib/gcc/arm-none-eabi/15.2.1/../../../../arm-none-eabi/lib/thumb/v7e-m+fp/hard/libc_nano.a(libc_a-isspace.o)
                0x08016e40                isspace
 .text.memcmp   0x08016e50       0x20 /Users/arjanvanvught/Library/xPacks/@xpack-dev-tools/arm-none-eabi-gcc/15.2.1-1.1.1/.content/bin/../lib/gcc/arm-none-eabi/15.2.1/../../../../arm-none-eabi/lib/thumb/v7e-m+fp/hard/libc_nano.a(libc_a-memcmp.o)
                0x08016e50                memcmp
 .text.memset   0x08016e70       0x10 /Users/arjanvanvught/Library/xPacks/@xpack-dev-tools/arm-none-eabi-gcc/15.2.1-1.1.1/.content/bin/../lib/gcc/arm-none-eabi/15.2.1/../../../../arm-none-eabi/lib/thumb/v7e-m+fp/hard/libc_nano.a(libc_a-memset.o)
                0x08016e70                memset
 .text.strcasecmp
                0x08016e80       0x3c /Users/arjanvanvught/Library/xPacks/@xpack-dev-tools/arm-none-eabi-gcc/15.2.1-1.1.1/.content/bin/../lib/gcc/arm-none-eabi/15.2.1/../../../../arm-none-eabi/lib/thumb/v7e-m+fp/hard/libc_nano.a(libc_a-strcasecmp.o)
                0x08016e80                strcasecmp
 .text.strncasecmp
                0x08016ebc       0x40 /Users/arjanvanvught/Library/xPacks/@xpack-dev-tools/arm-none-eabi-gcc/15.2.1-1.1.1/.content/bin/../lib/gcc/arm-none-eabi/15.2.1/../../../../arm-none-eabi/lib/thumb/v7e-m+fp/hard/libc_nano.a(libc_a-strncasecmp.o)
                0x08016ebc                strncasecmp
 .text.strncmp  0x08016efc       0x24 /Users/arjanvanvught/Library/xPacks/@xpack-dev-tools/arm-none-eabi-gcc/15.2.1-1.1.1/.content/bin/../lib/gcc/arm-none-eabi/15.2.1/../../../../arm-none-eabi/lib/thumb/v7e-m+fp/hard/libc_nano.a(libc_a-strncmp.o)
                0x08016efc                strncmp
 .text.strncpy  0x08016f20       0x26 /Users/arjanvanvught/Library/xPacks/@xpack-dev-tools/arm-none-eabi-gcc/15.2.1-1.1.1/.content/bin/../lib/gcc/arm-none-eabi/15.2.1/../../../../arm-none-eabi/lib/thumb/v7e-m+fp/hard/libc_nano.a(libc_a-strncpy.o)
                0x08016f20                strncpy
 .text.memcpy   0x08016f46       0x1c /Users/arjanvanvught/Library/xPacks/@xpack-dev-tools/arm-none-eabi-gcc/15.2.1-1.1.1/.content/bin/../lib/gcc/arm-none-eabi/15.2.1/../../../../arm-none-eabi/lib/thumb/v7e-m+fp/hard/libc_nano.a(libc_a-memcpy-stub.o)
                0x08016f46                memcpy
 *fill*         0x08016f62        0x2 
 .text.__popcountsi2
                0x08016f64       0x28 /Users/arjanvanvught/Library/xPacks/@xpack-dev-tools/arm-none-eabi-gcc/15.2.1-1.1.1/.content/bin/../lib/gcc/arm-none-eabi/15.2.1/thumb/v7e-m+fp/hard/libgcc.a(_popcountsi2.o)
                0x08016f64                __popcountsi2
 .text.__udivmoddi4
                0x08016f8c      0x320 /Users/arjanvanvught/Library/xPacks/@xpack-dev-tools/arm-none-eabi-gcc/15.2.1-1.1.1/.content/bin/../lib/gcc/arm-none-eabi/15.2.1/thumb/v7e-m+fp/hard/libgcc.a(_udivmoddi4.o)
                0x08016f8c                __udivmoddi4
 *(.glue_7)
 .glue_7        0x080172ac        0x0 linker stubs
 *(.glue_7t)
 .glue_7t       0x080172ac        0x0 linker stubs
 *(.eh_frame)
 *(.init)
 *(.fini)
                0x080172ac                        . = ALIGN (0x4)
                0x080172ac                        _etext = .

.vfp11_veneer   0x080172ac        0x0
 .vfp11_veneer  0x080172ac        0x0 linker stubs

.v4_bx          0x080172ac        0x0
 .v4_bx         0x080172ac        0x0 linker stubs

.iplt           0x080172ac        0x0
 .iplt          0x080172ac        0x0 build_gd32/startup_gd32f427.o

.rodata         0x080172ac     0x6a84
                0x080172ac                        . = ALIGN (0x4)
 *(.rodata)
 .rodata        0x080172ac        0xa /var/folders/h9/chptfhc14rj9vz87bx3sjmq00000gn/T//ccc66E72.ltrans0.ltrans.o
 .rodata        0x080172b6       0x18 /var/folders/h9/chptfhc14rj9vz87bx3sjmq00000gn/T//ccc66E72.ltrans1.ltrans.o
 *(.rodata*)
 .rodata._ZN3ltc6output4midi4StopEv.str1.1
                0x080172ce     0x1b6a /var/folders/h9/chptfhc14rj9vz87bx3sjmq00000gn/T//ccc66E72.ltrans0.ltrans.o
                                 0x1c (size before relaxing)
 .rodata._ZN3ltc6output11Destination7SetTypeENS_4TypeE.isra.0.str1.1
                0x08018e38        0x0 /var/folders/h9/chptfhc14rj9vz87bx3sjmq00000gn/T//ccc66E72.ltrans0.ltrans.o
                                 0x17 (size before relaxing)